02-15 21:55:06.320  3200  3200 I lineage : _ _                                       
02-15 21:55:06.323  3182  3182 I Netd    : Netd 1.0 starting
02-15 21:55:06.324  3182  3182 D TetherController: Setting IP forward enable = 0
02-15 21:55:06.327  3066  3176 I auditd  : type=1325 audit(0.0:30): table=filter family=2 entries=4
02-15 21:55:06.327  3176  3176 W auditd  : type=1325 audit(0.0:30): table=filter family=2 entries=4
02-15 21:55:06.327  3066  3176 I auditd  : type=1320 audit(0.0:30): 
02-15 21:55:06.327  3176  3176 W auditd  : type=1320 audit(0.0:30): 
02-15 21:55:06.327  3066  3176 I auditd  : type=1325 audit(0.0:31): table=filter family=10 entries=4
02-15 21:55:06.327  3176  3176 W auditd  : type=1325 audit(0.0:31): table=filter family=10 entries=4
02-15 21:55:06.327  3066  3176 I auditd  : type=1320 audit(0.0:31): 
02-15 21:55:06.327  3176  3176 W auditd  : type=1320 audit(0.0:31): 
02-15 21:55:06.327  3066  3176 I auditd  : type=1325 audit(0.0:32): table=filter family=2 entries=10
02-15 21:55:06.327  3176  3176 W auditd  : type=1325 audit(0.0:32): table=filter family=2 entries=10
02-15 21:55:06.327  3066  3176 I auditd  : type=1320 audit(0.0:32): 
02-15 21:55:06.327  3176  3176 W auditd  : type=1320 audit(0.0:32): 
02-15 21:55:06.327  3066  3176 I auditd  : type=1325 audit(0.0:33): table=filter family=10 entries=10
02-15 21:55:06.327  3176  3176 W auditd  : type=1325 audit(0.0:33): table=filter family=10 entries=10
02-15 21:55:06.327  3066  3176 I auditd  : type=1320 audit(0.0:33): 
02-15 21:55:06.327  3176  3176 W auditd  : type=1320 audit(0.0:33): 
02-15 21:55:06.327  3066  3176 I auditd  : type=1325 audit(0.0:34): table=raw family=2 entries=3
02-15 21:55:06.327  3176  3176 W auditd  : type=1325 audit(0.0:34): table=raw family=2 entries=3
02-15 21:55:06.327  3066  3176 I auditd  : type=1320 audit(0.0:34): 
02-15 21:55:06.327  3176  3176 W auditd  : type=1320 audit(0.0:34): 
02-15 21:55:06.327  3066  3176 I auditd  : type=1325 audit(0.0:35): table=raw family=10 entries=3
02-15 21:55:06.327  3176  3176 W auditd  : type=1325 audit(0.0:35): table=raw family=10 entries=3
02-15 21:55:06.327  3066  3176 I auditd  : type=1320 audit(0.0:35): 
02-15 21:55:06.327  3176  3176 W auditd  : type=1320 audit(0.0:35): 
02-15 21:55:06.327  3201  3201 I lineage : | (_)_ __   ___  __ _  __ _  ___  ___  ___ 
02-15 21:55:06.331  3066  3176 I auditd  : type=1325 audit(0.0:36): table=mangle family=2 entries=6
02-15 21:55:06.331  3176  3176 W auditd  : type=1325 audit(0.0:36): table=mangle family=2 entries=6
02-15 21:55:06.331  3066  3176 I auditd  : type=1320 audit(0.0:36): 
02-15 21:55:06.331  3176  3176 W auditd  : type=1320 audit(0.0:36): 
02-15 21:55:06.331  3066  3176 I auditd  : type=1325 audit(0.0:37): table=mangle family=10 entries=6
02-15 21:55:06.331  3176  3176 W auditd  : type=1325 audit(0.0:37): table=mangle family=10 entries=6
02-15 21:55:06.331  3066  3176 I auditd  : type=1320 audit(0.0:37): 
02-15 21:55:06.331  3176  3176 W auditd  : type=1320 audit(0.0:37): 
02-15 21:55:06.331  3066  3176 I auditd  : type=1325 audit(0.0:38): table=mangle family=2 entries=9
02-15 21:55:06.331  3176  3176 W auditd  : type=1325 audit(0.0:38): table=mangle family=2 entries=9
02-15 21:55:06.333     0     0 I [6:           init:    1] init: Service 'camera-provider-2-4' (pid 3078) killed by signal 6
02-15 21:55:06.333     0     0 I [6:           init:    1] init: Sending signal 9 to service 'camera-provider-2-4' (pid 3078) process group...
02-15 21:55:06.333     0     0 I [6:           init:    1] init: Successfully killed process cgroup uid 1047 pid 3078 in 0ms
02-15 21:55:06.333     0     0 I [6:           init:    1] init: Service 'cas-hal-1-0' (pid 3079) killed by signal 6
02-15 21:55:06.333     0     0 I [6:           init:    1] init: Sending signal 9 to service 'cas-hal-1-0' (pid 3079) process group...
02-15 21:55:06.333     0     0 I [6:           init:    1] init: Successfully killed process cgroup uid 1013 pid 3079 in 0ms
02-15 21:55:06.333     0     0 I [6:           init:    1] init: Untracked pid 3164 exited with status 0
02-15 21:55:06.334     0     0 I [6:           init:    1] init: Service 'macloader' (pid 3171) exited with status 0
02-15 21:55:06.334     0     0 I [6:           init:    1] init: Untracked pid 3173 exited with status 0
02-15 21:55:06.334     0     0 I [6:           init:    1] init: starting service 'logd-reinit'...
02-15 21:55:06.334     0     0 I [6:           init:    1] init: processing action (load_persist_props_action) from (/system/etc/init/logcatd.rc:31)
02-15 21:55:06.334     0     0 I [6:           init:    1] init: processing action (firmware_mounts_complete) from (/init.rc:260)
02-15 21:55:06.334     0     0 I [6:           init:    1] init: processing action (early-boot) from (/system/etc/init/installd.rc:5)
02-15 21:55:06.337     0     0 I [6:           init:    1] init: processing action (early-boot) from (/vendor/etc/init/init.rilchip.rc:26)
02-15 21:55:06.337     0     0 I [6:           init:    1] init: processing action (boot) from (/init.rc:548)
02-15 21:55:06.337     0     0 E [6:           init:    1] init: Unable to open '/proc/sys/vm/min_free_order_shift': No such file or directory
02-15 21:55:06.339     0     0 I [6:           init:    1] init: starting service 'hidl_memory'...
02-15 21:55:06.339     0     0 E [6:           init:    1] init: property_set("ro.boottime.hidl_memory", "1914949190") failed: property already set
02-15 21:55:06.339     0     0 I [6:           init:    1] init: starting service 'camera-provider-2-4'...
02-15 21:55:06.340     0     0 E [6:           init:    1] init: property_set("ro.boottime.camera-provider-2-4", "1915448652") failed: property already set
02-15 21:55:06.340     0     0 E [7:           init: 3207] init: couldn't write 3207 to /dev/cpuset/camera-daemon/tasks: No such file or directory
02-15 21:55:06.340     0     0 I [6:           init:    1] init: starting service 'cas-hal-1-0'...
02-15 21:55:06.340     0     0 E [6:           init:    1] init: property_set("ro.boottime.cas-hal-1-0", "1915902383") failed: property already set
02-15 21:55:06.340     0     0 I [6:           init:    1] init: starting service 'configstore-hal-1-0'...
02-15 21:55:06.340  3089  3089 D libEGL  : loaded /vendor/lib64/egl/libGLES_mali.so
02-15 21:55:06.341     0     0 E [6:           init:    1] init: property_set("ro.boottime.configstore-hal-1-0", "1916416883") failed: property already set
02-15 21:55:06.341     0     0 I [6:           init:    1] init: starting service 'gnss_service'...
02-15 21:55:06.341     0     0 W [5:iptables-restor: 3202] audit: audit_lost=1 audit_rate_limit=20 audit_backlog_limit=64
02-15 21:55:06.341     0     0 E [5:iptables-restor: 3202] audit: rate limit exceeded
02-15 21:55:06.341     0     0 E [6:           init:    1] init: property_set("ro.boottime.gnss_service", "1916875844") failed: property already set
02-15 21:55:06.341     0     0 I [6:           init:    1] init: starting service 'gralloc-2-0'...
02-15 21:55:06.341  3182  3182 I Netd    : Creating child chains: 14.4ms
02-15 21:55:06.342  3182  3182 I Netd    : Setting up OEM hooks: 0.1ms
02-15 21:55:06.342     0     0 E [6:           init:    1] init: property_set("ro.boottime.gralloc-2-0", "1917436344") failed: property already set
02-15 21:55:06.342     0     0 I [6:           init:    1] init: starting service 'vibrator-1-0'...
02-15 21:55:06.342     0     0 E [6:           init:    1] init: property_set("ro.boottime.vibrator-1-0", "1917877767") failed: property already set
02-15 21:55:06.342     0     0 I [6:           init:    1] init: starting service 'wifi_hal_legacy'...
02-15 21:55:06.342     0     0 E [6:           init:    1] init: property_set("ro.boottime.wifi_hal_legacy", "1918263383") failed: property already set
02-15 21:55:06.343     0     0 E [6:           init:    1] init: service sec_nfc_service does not have a SELinux domain defined
02-15 21:55:06.343     0     0 I [6:           init:    1] init: starting service 'sec_nfc_service'...
02-15 21:55:06.343     0     0 E [6:           init:    1] init: property_set("ro.boottime.sec_nfc_service", "1918644113") failed: property already set
02-15 21:55:06.343     0     0 I [6:           init:    1] init: starting service 'healthd'...
02-15 21:55:06.343     0     0 E [6:           init:    1] init: cannot find '/system/bin/prepare_param.sh', disabling 'prepare_param': No such file or directory
02-15 21:55:06.343     0     0 E [6:           init:    1] init: cannot find '/sbin/sswap', disabling 'swapon': No such file or directory
02-15 21:55:06.344     0     0 I [5:    logd.daemon: 3072] logd.daemon: reinit
02-15 21:55:06.344     0     0 I [6:           init:    1] init: starting service 'lmkd'...
02-15 21:55:06.344     0     0 I [6:           init:    1] init: starting service 'thermalservice'...
02-15 21:55:06.344     0     0 I [7:           init: 3216] init: Created socket '/dev/socket/lmkd', mode 660, user 1000, group 1000
02-15 21:55:06.344     0     0 I [6:           init:    1] init: processing action (boot) from (/init.usb.rc:25)
02-15 21:55:06.344     0     0 I [6:           init:    1] init: processing action (persist.sys.usb.config=* && boot) from (/init.usb.rc:106)
02-15 21:55:06.344     0     0 I [6:           init:    1] init: processing action (boot) from (/init.samsungexynos8895.rc:116)
02-15 21:55:06.344     0     0 E [6:           init:    1] init: property_set("ro.radio.noril", "no") failed: property already set
02-15 21:55:06.346  3204  3204 I lineage : | | | '_ \ / _ \/ _` |/ _` |/ _ \/ _ \/ __|
02-15 21:55:06.346  3182  3182 I Netd    : Setting up FirewallController hooks: 4.7ms
02-15 21:55:06.348     0     0 I [6:           init:    1] init: Service 'logd-reinit' (pid 3205) exited with status 0
02-15 21:55:06.350  3182  3182 I Netd    : Setting up NatController hooks: 3.5ms
02-15 21:55:06.350  3209  3209 W hw-ProcessState: Opening '/dev/hwbinder' failed: No such file or directory
02-15 21:55:06.350  3209  3209 E hw-ProcessState: Binder driver could not be opened.  Terminating.
02-15 21:55:06.350  3209  3209 E hw-ProcessState: Binder ioctl to set max threads failed: Bad file descriptor
02-15 21:55:06.350  3209  3209 W /vendor/bin/hw/android.hardware.configstore@1.0-service: libminijail[3209]: allowing syscall: connect
02-15 21:55:06.350  3209  3209 W /vendor/bin/hw/android.hardware.configstore@1.0-service: libminijail[3209]: allowing syscall: fcntl
02-15 21:55:06.350  3209  3209 W /vendor/bin/hw/android.hardware.configstore@1.0-service: libminijail[3209]: allowing syscall: sendto
02-15 21:55:06.350  3209  3209 W /vendor/bin/hw/android.hardware.configstore@1.0-service: libminijail[3209]: allowing syscall: socket
02-15 21:55:06.350  3209  3209 W /vendor/bin/hw/android.hardware.configstore@1.0-service: libminijail[3209]: allowing syscall: writev
02-15 21:55:06.351  3209  3209 W /vendor/bin/hw/android.hardware.configstore@1.0-service: libminijail[3209]: logging seccomp filter failures
02-15 21:55:06.351  3209  3209 I ServiceManagement: Removing namespace from process name android.hardware.configstore@1.0-service to configstore@1.0.
02-15 21:55:06.351  3209  3209 F android.hardware.configstore@1.0-service: Could not register ISurfaceFlingerConfigs
02-15 21:55:06.351  3209  3209 E /vendor/bin/hw/android.hardware.configstore@1.0-service: libminijail[3209]: blocked syscall: getpid
02-15 21:55:06.352  3182  3182 I Netd    : Setting up BandwidthController hooks: 2.7ms
02-15 21:55:06.352  3182  3182 I Netd    : Setting up IdletimerController hooks: 0.1ms
02-15 21:55:06.353  3210  3210 W ProcessState: Opening '/dev/vndbinder' failed: No such file or directory
02-15 21:55:06.353  3210  3210 F ProcessState: Binder driver could not be opened.  Terminating.
02-15 21:55:06.353  3210  3210 F libc    : Fatal signal 6 (SIGABRT), code -6 in tid 3210 (android.hardwar), pid 3210 (android.hardwar)
02-15 21:55:06.356     0     0 I [6:           init:    1] init: Service 'configstore-hal-1-0' (pid 3209) killed by signal 31
02-15 21:55:06.356     0     0 I [6:           init:    1] init: Sending signal 9 to service 'configstore-hal-1-0' (pid 3209) process group...
02-15 21:55:06.356     0     0 I [6:           init:    1] init: Successfully killed process cgroup uid 1000 pid 3209 in 0ms
02-15 21:55:06.359     0     0 E [6:           init:    1] init: property_set("ro.bt.bdaddr_path", "/efs/bluetooth/bt_addr") failed: property already set
02-15 21:55:06.359  3163  3163 I TeeMcDaemon: TEE is ready [hardware/samsung_slsi/exynos8895/mobicore_kinibi400/Daemon/src/SecureWorld.cpp:332]
02-15 21:55:06.361     0     0 E [6:           init:    1] init: Unable to open '/dev/cpuset/top-app/family_boost': Permission denied
02-15 21:55:06.361     0     0 E [6:           init:    1] init: Unable to open '/dev/cpuset/surfaceflinger/cpus': No such file or directory
02-15 21:55:06.361     0     0 E [6:           init:    1] init: Unable to open '/dev/cpuset/surfaceflinger/mems': No such file or directory
02-15 21:55:06.362  3182  3182 I Netd    : Disabling bandwidth control: 9.6ms
02-15 21:55:06.362  3206  3206 W hw-ProcessState: Opening '/dev/hwbinder' failed: No such file or directory
02-15 21:55:06.362  3206  3206 E hw-ProcessState: Binder driver could not be opened.  Terminating.
02-15 21:55:06.362  3206  3206 E hw-ProcessState: Binder ioctl to set max threads failed: Bad file descriptor
02-15 21:55:06.362  3206  3206 I ServiceManagement: Removing namespace from process name android.hidl.allocator@1.0-service to allocator@1.0-s.
02-15 21:55:06.363  3206  3206 F /system/bin/hw/android.hidl.allocator@1.0-service: service.cpp:24] Unable to register allocator service: -38
02-15 21:55:06.363     0     0 I [6:           init:    1] init: processing action (boot) from (init.samsung.rc:137)
02-15 21:55:06.363  3206  3206 F libc    : Fatal signal 6 (SIGABRT), code -6 in tid 3206 (allocator@1.0-s), pid 3206 (allocator@1.0-s)
02-15 21:55:06.363  3182  3182 E Netd    : cannot find interface dummy0
02-15 21:55:06.364  3182  3182 I Netd    : Initializing RouteController: 1.5ms
02-15 21:55:06.364  3163  3163 I TeeMcDaemon: t-base-EXYNOS64-Android-400A-V012-20170726_155303_34988_66846 [hardware/samsung_slsi/exynos8895/mobicore_kinibi400/Daemon/src/MobiCoreDriverDaemon.cpp:280]
02-15 21:55:06.364  3163  3163 I TeeMcDaemon: Specific partition path used for Store_1.tf, stored in /efs/TEE [hardware/samsung_slsi/exynos8895/mobicore_kinibi400/Daemon/src/FSD2.cpp:340]
02-15 21:55:06.364  3163  3163 I TeeMcDaemon: Start services [hardware/samsung_slsi/exynos8895/mobicore_kinibi400/Daemon/src/MobiCoreDriverDaemon.cpp:304]
02-15 21:55:06.364  3163  3163 I TeeMcDaemon: * start secure world interface [hardware/samsung_slsi/exynos8895/mobicore_kinibi400/Daemon/src/MobiCoreDriverDaemon.cpp:308]
02-15 21:55:06.364  3182  3182 D MDnsDS  : MDnsSdListener::Hander starting up
02-15 21:55:06.365  3163  3163 I TeeMcDaemon: * start filesystem [hardware/samsung_slsi/exynos8895/mobicore_kinibi400/Daemon/src/MobiCoreDriverDaemon.cpp:308]
02-15 21:55:06.365  3163  3163 I TeeMcDaemon: driver version: v6.3 [hardware/samsung_slsi/exynos8895/mobicore_kinibi400/ClientLib/src/driver.cpp:71]
02-15 21:55:06.365  3163  3163 I TeeMcDaemon: driver open [hardware/samsung_slsi/exynos8895/mobicore_kinibi400/ClientLib/src/driver.cpp:84]
02-15 21:55:06.365  3163  3163 I TeeMcDaemon: Kinibi access granted by the driver [hardware/samsung_slsi/exynos8895/mobicore_kinibi400/ClientLib/src/common.cpp:217]
02-15 21:55:06.366  3211  3211 W hw-ProcessState: Opening '/dev/hwbinder' failed: No such file or directory
02-15 21:55:06.366  3211  3211 E hw-ProcessState: Binder driver could not be opened.  Terminating.
02-15 21:55:06.366  3211  3211 E hw-ProcessState: Binder ioctl to set max threads failed: Bad file descriptor
02-15 21:55:06.366  3211  3211 E android.hardware.graphics.allocator@2.0::Allocator: getService: defaultServiceManager() is null
02-15 21:55:06.366  3211  3211 E android.hardware.graphics.allocator@2.0-service: Could not get passthrough implementation for android.hardware.graphics.allocator@2.0::IAllocator/default.
02-15 21:55:06.366  3182  3182 I Netd    : Registering NetdNativeService: 1.8ms
02-15 21:55:06.366  3182  3182 I Netd    : Starting CommandListener: 0.1ms
02-15 21:55:06.367  3182  3182 W hw-ProcessState: Opening '/dev/hwbinder' failed: No such file or directory
02-15 21:55:06.367  3182  3182 E hw-ProcessState: Binder driver could not be opened.  Terminating.
02-15 21:55:06.367  3182  3182 E hw-ProcessState: Binder ioctl to set max threads failed: Bad file descriptor
02-15 21:55:06.367  3182  3182 E Netd    : Unable to start NetdHwService: -38
02-15 21:55:06.370  3207  3207 I android.hardware.camera.provider@2.4-service: Camera provider Service is starting.
02-15 21:55:06.370  3207  3207 W ProcessState: Opening '/dev/vndbinder' failed: No such file or directory
02-15 21:55:06.370  3207  3207 F ProcessState: Binder driver could not be opened.  Terminating.
02-15 21:55:06.370  3207  3207 F libc    : Fatal signal 6 (SIGABRT), code -6 in tid 3207 (android.hardwar), pid 3207 (android.hardwar)
02-15 21:55:06.371  3216  3216 I lowmemorykiller: Using in-kernel low memory killer interface
02-15 21:55:06.371     0     0 I [6:           init:    1] init: Service 'gralloc-2-0' (pid 3211) killed by signal 1
02-15 21:55:06.371     0     0 I [6:           init:    1] init: Sending signal 9 to service 'gralloc-2-0' (pid 3211) process group...
02-15 21:55:06.371     0     0 I [6:           init:    1] init: Successfully killed process cgroup uid 1000 pid 3211 in 0ms
02-15 21:55:06.371  3163  3231 I TeeMcDaemon: Start listening to secure world [hardware/samsung_slsi/exynos8895/mobicore_kinibi400/Daemon/src/SecureWorld.cpp:466]
02-15 21:55:06.371     0     0 I [6:           init:    1] init: Sending signal 9 to service 'surfaceflinger' (pid 3089) process group...
02-15 21:55:06.372  3215  3215 E android.hardware.health@1.0::Health: getService: defaultServiceManager() is null
02-15 21:55:06.373  3182  3229 D MDnsDS  : MDnsSdListener starting to monitor
02-15 21:55:06.373  3182  3229 D MDnsDS  : Going to poll with pollCount 1
02-15 21:55:06.373  3163  3231 W TeeMcDaemon: Cannot open trustlet /data/misc/mcRegistry/07050501000000000000000000000020.tlbin (No such file or directory) [hardware/samsung_slsi/exynos8895/mobicore_kinibi400/Daemon/src/SecureWorld.cpp:195]
02-15 21:55:06.374  3163  3163 I TeeMcDaemon: * start registry update [hardware/samsung_slsi/exynos8895/mobicore_kinibi400/Daemon/src/MobiCoreDriverDaemon.cpp:308]
02-15 21:55:06.375  3163  3163 I TeeMcDaemon: * start registry server [hardware/samsung_slsi/exynos8895/mobicore_kinibi400/Daemon/src/MobiCoreDriverDaemon.cpp:308]
02-15 21:55:06.375  3163  3163 I TeeMcDaemon: * start debug session [hardware/samsung_slsi/exynos8895/mobicore_kinibi400/Daemon/src/MobiCoreDriverDaemon.cpp:308]
02-15 21:55:06.375  3163  3231 W TeeMcDaemon: Cannot open trustlet /data/misc/mcRegistry/08050500000000000000000000000000.tlbin (No such file or directory) [hardware/samsung_slsi/exynos8895/mobicore_kinibi400/Daemon/src/SecureWorld.cpp:195]
02-15 21:55:06.376  3163  3239 I TeeRegistryUpdate: Starting registry update open thread [hardware/samsung_slsi/exynos8895/mobicore_kinibi400/Daemon/src/RegistryUpdate.cpp:85]
02-15 21:55:06.377     0     0 W [4:        healthd: 3215] healthd: unable to get HAL interface, using defaults
02-15 21:55:06.377     0     0 I [6:           init:    1] init: Successfully killed process cgroup uid 1000 pid 3089 in 5ms
02-15 21:55:06.377     0     0 I [6:           init:    1] init: Service 'surfaceflinger' (pid 3089) killed by signal 9
02-15 21:55:06.377     0     0 I [6:           init:    1] init: Sending signal 9 to service 'zygote' (pid 3184) process group...
02-15 21:55:06.378  3214  3214 E vendor.samsung.hardware.nfc@1.0-service: HIDL_FETCH_ISecNfc. service started
02-15 21:55:06.378  3214  3214 W hw-ProcessState: Opening '/dev/hwbinder' failed: No such file or directory
02-15 21:55:06.378  3214  3214 E hw-ProcessState: Binder driver could not be opened.  Terminating.
02-15 21:55:06.378  3214  3214 E hw-ProcessState: Binder ioctl to set max threads failed: Bad file descriptor
02-15 21:55:06.378  3163  3163 I TeeMcDaemon: session opened [hardware/samsung_slsi/exynos8895/mobicore_kinibi400/Daemon/src/DebugSession.cpp:113]
02-15 21:55:06.378  3214  3214 E vendor.samsung.hardware.nfc@1.0::SecNfc: getService: defaultServiceManager() is null
02-15 21:55:06.380     0     0 I         : [1:    kworker/1:2: 3197] Trustonic TEE: 601|TA SPT2 : Starting.
02-15 21:55:06.380     0     0 I         : [1:    kworker/1:2: 3197] Trustonic TEE: 601|TA SPT2 : tbase info.
02-15 21:55:06.380     0     0 I         : [1:    kworker/1:2: 3197] Trustonic TEE: 601|tlApi version    =  0x00010014
02-15 21:55:06.380     0     0 I         : [1:    kworker/1:2: 3197] Trustonic TEE: 601|productId        = t-base-EXYNOS64-Android-400A-V012-20180515_143127_49104_78462
02-15 21:55:06.380     0     0 I         : [1:    kworker/1:2: 3197] Trustonic TEE: 601|versionMci       = 0x00010006
02-15 21:55:06.380     0     0 I         : [1:    kworker/1:2: 3197] Trustonic TEE: 601|versionSo        = 0x00020002
02-15 21:55:06.380     0     0 I         : [1:    kworker/1:2: 3197] Trustonic TEE: 601|versionMclf      = 0x00020005
02-15 21:55:06.380     0     0 I         : [1:    kworker/1:2: 3197] Trustonic TEE: 601|versionContainer = 0x00020001
02-15 21:55:06.380     0     0 I         : [1:    kworker/1:2: 3197] Trustonic TEE: 601|versionMcConfig  = 0x00000003
02-15 21:55:06.380     0     0 I         : [1:    kworker/1:2: 3197] Trustonic TEE: 601|versionTlApi     = 0x00010014
02-15 21:55:06.380     0     0 I         : [1:    kworker/1:2: 3197] Trustonic TEE: 601|versionDrApi     = 0x00010004
02-15 21:55:06.380     0     0 I         : [1:    kworker/1:2: 3197] Trustonic TEE: 601|versionCmp       = 0x00000000
02-15 21:55:06.383     0     0 I [6:           init:    1] init: Successfully killed process cgroup uid 0 pid 3184 in 6ms
02-15 21:55:06.383     0     0 I [6:           init:    1] init: Service 'zygote' (pid 3184) killed by signal 9
02-15 21:55:06.383     0     0 E [6:           init:    1] init: Unable to open '/sys/android_power/request_state': No such file or directory
02-15 21:55:06.383     0     0 E [6:           init:    1] init: Unable to write to '/sys/power/state': Invalid argument
02-15 21:55:06.384     0     0 I [6:           init:    1] init: starting service 'audioserver'...
02-15 21:55:06.385     0     0 W [6:        healthd: 3215] healthd: BatteryFullChargePath not found
02-15 21:55:06.385     0     0 W [6:        healthd: 3215] healthd: BatteryCycleCountPath not found
02-15 21:55:06.385     0     0 I [4:           init:    1] init: starting service 'cameraserver'...
02-15 21:55:06.385     0     0 W [6:        healthd: 3215] healthd: battery l=45 v=3800 t=32.9 h=2 st=2 c=0 chg=u
02-15 21:55:06.386     0     0 I [4:           init:    1] init: starting service 'media'...
02-15 21:55:06.387     0     0 I [4:           init:    1] init: Sending signal 9 to service 'netd' (pid 3182) process group...
02-15 21:55:06.387     0     0 I         : [1:    kworker/1:2: 3197] Trustonic TEE: 701|[srpmb] Driver: SRPMB F/W version: 24170118
02-15 21:55:06.387     0     0 I         : [1:    kworker/1:2: 3197] Trustonic TEE: 701|SEC_DRIVER_2.0_2017.11.13
02-15 21:55:06.392     0     0 I [5:           init:    1] init: Successfully killed process cgroup uid 0 pid 3182 in 5ms
02-15 21:55:06.392     0     0 E [7:           init: 3243] init: couldn't write 3243 to /dev/cpuset/camera-daemon/tasks: No such file or directory
02-15 21:55:06.393     0     0 I [5:           init:    1] init: starting service 'wificond'...
02-15 21:55:06.394     0     0 I [5:           init:    1] init: Service 'netd' (pid 3182) killed by signal 1
02-15 21:55:06.394     0     0 I [5:           init:    1] init: Service 'vibrator-1-0' (pid 3212) killed by signal 1
02-15 21:55:06.394     0     0 I [5:           init:    1] init: Sending signal 9 to service 'vibrator-1-0' (pid 3212) process group...
02-15 21:55:06.394     0     0 I [5:           init:    1] init: Successfully killed process cgroup uid 1000 pid 3212 in 0ms
02-15 21:55:06.395     0     0 I [5:           init:    1] init: Service 'sec_nfc_service' (pid 3214) killed by signal 1
02-15 21:55:06.395     0     0 I [5:           init:    1] init: Sending signal 9 to service 'sec_nfc_service' (pid 3214) process group...
02-15 21:55:06.395     0     0 I [5:           init:    1] init: Successfully killed process cgroup uid 1027 pid 3214 in 0ms
02-15 21:55:06.395     0     0 I [5:           init:    1] init: Untracked pid 3202 killed by signal 9
02-15 21:55:06.395     0     0 I [5:           init:    1] init: Untracked pid 3203 killed by signal 9
02-15 21:55:06.395     0     0 E [5:           init:    1] init: Unable to open '/system/vendor/firmware/battery_data.dat': No such file or directory
02-15 21:55:06.396     0     0 E [5:           init:    1] init: Unable to open '/sys/class/power_supply/battery/batt_update_data': Permission denied
02-15 21:55:06.404     0     0 E         : [5:           init:    1] [sec_input] gpio-keys: KEY_WINK default wakeup status 1
02-15 21:55:06.404     0     0 E         : [5:           init:    1] [sec_input] gpio-keys: KEY_VOLUMEDOWN wakeup status 0
02-15 21:55:06.404     0     0 E         : [5:           init:    1] [sec_input] gpio-keys: KEY_VOLUMEUP wakeup status 0
02-15 21:55:06.404     0     0 E         : [5:           init:    1] [sec_input] gpio-keys: KEY_POWER default wakeup status 1
02-15 21:55:06.404     0     0 I [5:           init:    1] init: processing action (boot) from (/init.wifi.rc:56)
02-15 21:55:06.404     0     0 E [5:           init:    1] init: Unable to open '/sys/class/net/wlan0/queues/rx-0/rps_cpus': No such file or directory
02-15 21:55:06.404     0     0 I [5:           init:    1] init: processing action (boot) from (init.samsungexynos8895.usb.rc:20)
02-15 21:55:06.378  3214  3214 E vendor.samsung.hardware.nfc@1.0-service: Could not get passthrough implementation for vendor.samsung.hardware.nfc@1.0::ISecNfc/default.
02-15 21:55:06.378  3163  3163 I TeeMcDaemon: Load secure drivers [hardware/samsung_slsi/exynos8895/mobicore_kinibi400/Daemon/src/MobiCoreDriverDaemon.cpp:318]
02-15 21:55:06.378  3163  3163 I TeeMcDaemon: * loading /system/app/FFFFFFFF000000000000000000000001.drbin [hardware/samsung_slsi/exynos8895/mobicore_kinibi400/Daemon/src/MobiCoreDriverDaemon.cpp:323]
02-15 21:55:06.380  3163  3240 I TeeMcDaemon: void RegistryServer::Impl::run(): Starting server [hardware/samsung_slsi/exynos8895/mobicore_kinibi400/Daemon/src/RegistryServer.cpp:230]
02-15 21:55:06.382  3163  3238 I TeeMcDaemon: void FileSystem::Impl::run(): Start listening for request from STH2 [hardware/samsung_slsi/exynos8895/mobicore_kinibi400/Daemon/src/FSD2.cpp:443]
02-15 21:55:06.382  3163  3163 I TeeMcDaemon: * loading /system/app/mcRegistry/ffffffffd0000000000000000000000a.tlbin [hardware/samsung_slsi/exynos8895/mobicore_kinibi400/Daemon/src/MobiCoreDriverDaemon.cpp:323]
02-15 21:55:06.383  3208  3208 D android.hardware.cas@1.0-service: android.hardware.cas@1.0-service starting...
02-15 21:55:06.383  3208  3208 W hw-ProcessState: Opening '/dev/hwbinder' failed: No such file or directory
02-15 21:55:06.383  3208  3208 E hw-ProcessState: Binder driver could not be opened.  Terminating.
02-15 21:55:06.383  3208  3208 E hw-ProcessState: Binder ioctl to set max threads failed: Bad file descriptor
02-15 21:55:06.383  3208  3208 I ServiceManagement: Removing namespace from process name android.hardware.cas@1.0-service to cas@1.0-service.
02-15 21:55:06.383  3208  3208 F android.hardware.cas@1.0-service: Error while registering cas service: -38
02-15 21:55:06.383  3208  3208 F libc    : Fatal signal 6 (SIGABRT), code -6 in tid 3208 (cas@1.0-service), pid 3208 (cas@1.0-service)
02-15 21:55:06.383  3163  3239 I TeeRegistryUpdate: Exiting registry update open thread [hardware/samsung_slsi/exynos8895/mobicore_kinibi400/Daemon/src/RegistryUpdate.cpp:143]
02-15 21:55:06.385  3067  3067 I ServiceManager: service 'netd' died
02-15 21:55:06.386  3212  3212 W hw-ProcessState: Opening '/dev/hwbinder' failed: No such file or directory
02-15 21:55:06.386  3212  3212 E hw-ProcessState: Binder driver could not be opened.  Terminating.
02-15 21:55:06.386  3212  3212 E hw-ProcessState: Binder ioctl to set max threads failed: Bad file descriptor
02-15 21:55:06.386  3212  3212 E android.hardware.vibrator@1.0::Vibrator: getService: defaultServiceManager() is null
02-15 21:55:06.386  3212  3212 E android.hardware.vibrator@1.0-service: Could not get passthrough implementation for android.hardware.vibrator@1.0::IVibrator/default.
02-15 21:55:06.388  3218  3218 I lineage : | | | | | |  __/ (_| | (_| |  __/ (_) \__ \
02-15 21:55:06.390  3217  3217 W hw-ProcessState: Opening '/dev/hwbinder' failed: No such file or directory
02-15 21:55:06.390  3217  3217 E hw-ProcessState: Binder driver could not be opened.  Terminating.
02-15 21:55:06.390  3217  3217 E hw-ProcessState: Binder ioctl to set max threads failed: Bad file descriptor
02-15 21:55:06.390  3217  3217 E android.hardware.thermal@1.1::Thermal: getService: defaultServiceManager() is null
02-15 21:55:06.390  3217  3217 W thermalserviced: Unable to get Thermal HAL V1.1, vendor thermal event notification not available
02-15 21:55:06.393  3250  3250 I crash_dump64: obtaining output fd from tombstoned, type: kDebuggerdTombstone
02-15 21:55:06.393  3241  3241 I crash_dump64: obtaining output fd from tombstoned, type: kDebuggerdTombstone
02-15 21:55:06.393  3250  3250 E libc    : failed to connect to tombstoned: No such file or directory
02-15 21:55:06.405     0     0 I         : [5:           init:    1] acc_alloc
02-15 21:55:06.405     0     0 I [5:           init:    1] init: processing action (boot) from (/init.wifi.rc:56)
02-15 21:55:06.405     0     0 E [5:           init:    1] init: Unable to open '/sys/class/net/wlan0/queues/rx-0/rps_cpus': No such file or directory
02-15 21:55:06.405     0     0 I [5:           init:    1] init: processing action (boot) from (/system/etc/init/bootstat.rc:57)
02-15 21:55:06.405     0     0 I [5:           init:    1] init: processing action (boot) from (/system/etc/init/dumpstate.rc:1)
02-15 21:55:06.406     0     0 I [5:           init:    1] init: processing action (boot) from (/system/etc/init/lineage-governor.rc:1)
02-15 21:55:06.406     0     0 I [5:           init:    1] init: processing action (boot) from (/system/etc/init/lineage-iosched.rc:16)
02-15 21:55:06.406     0     0 E [5:           init:    1] selinux: SELinux: Could not get canonical path for /sys/block/mmcblk0/queue/scheduler restorecon: No such file or directory.
02-15 21:55:06.406     0     0 E         : [5:           init:    1]
02-15 21:55:06.407     0     0 E [5:           init:    1] selinux: SELinux: Could not get canonical path for /sys/block/sde/queue/scheduler restorecon: No such file or directory.
02-15 21:55:06.407     0     0 E         : [5:           init:    1]
02-15 21:55:06.407     0     0 E [5:           init:    1] selinux: SELinux: Could not get canonical path for /sys/block/dm-0/queue/scheduler restorecon: No such file or directory.
02-15 21:55:06.407     0     0 E         : [5:           init:    1]
02-15 21:55:06.407     0     0 I [5:           init:    1] init: processing action (boot) from (/system/etc/init/lineage-livedisplay.rc:1)
02-15 21:55:06.407     0     0 I [5:           init:    1] init: processing action (boot) from (/system/etc/init/lineage-system.rc:16)
02-15 21:55:06.407     0     0 I [5:           init:    1] init: processing action (boot) from (/system/etc/init/lineage-tcp.rc:1)
02-15 21:55:06.407     0     0 I [5:           init:    1] init: processing action (enable_property_trigger) from (<Builtin Action>:0)
02-15 21:55:06.407     0     0 I [5:           init:    1] init: processing action (security.perf_harden=1) from (/init.rc:696)
02-15 21:55:06.407     0     0 I [5:           init:    1] init: processing action (ro.debuggable=1) from (/init.rc:724)
02-15 21:55:06.407     0     0 E [5:           init:    1] init: service 'console' couldn't open console '/dev/console': No such device
02-15 21:55:06.407     0     0 I [5:           init:    1] init: processing action (ro.debuggable=1) from (/init.samsungexynos8895.rc:788)
02-15 21:55:06.407     0     0 E [5:           init:    1] init: Unable to open '/sys/module/kgdboc/parameters/kgdboc': No such file or directory
02-15 21:55:06.407     0     0 E [5:           init:    1] init: Unable to open '/sys/module/fiq_debugger/parameters/kgdb_enable': No such file or directory
02-15 21:55:06.407     0     0 I [5:           init:    1] init: processing action (init.svc.macloader=stopped) from (/init.wifi.rc:98)
02-15 21:55:06.407     0     0 I [5:           init:    1] init: processing action (ro.multisim.simslotcount=*) from (init.baseband.rc:37)
02-15 21:55:06.407     0     0 I [5:           init:    1] init: processing action (ro.multisim.simslotcount=1) from (init.baseband.rc:40)
02-15 21:55:06.393  3250  3250 I crash_dump64: performing dump of process 3210 (target tid = 3210)
02-15 21:55:06.393  3241  3241 E libc    : failed to connect to tombstoned: No such file or directory
02-15 21:55:06.393  3250  3250 F DEBUG   : *** *** *** *** *** *** *** *** *** *** *** *** *** *** *** ***
02-15 21:55:06.394  3250  3250 F DEBUG   : LineageOS Version: '15.1-20190215-UNOFFICIAL-dreamlte'
02-15 21:55:06.394  3250  3250 F DEBUG   : Build fingerprint: 'samsung/lineage_dreamlte/dreamlte:8.1.0/OPM7.181205.001/ad581e63ac:userdebug/test-keys'
02-15 21:55:06.394  3250  3250 F DEBUG   : Revision: '0'
02-15 21:55:06.394  3250  3250 F DEBUG   : ABI: 'arm64'
02-15 21:55:06.394  3250  3250 F DEBUG   : pid: 3210, tid: 3210, name: android.hardwar  >>> /vendor/bin/hw/android.hardware.gnss@1.0-service <<<
02-15 21:55:06.394  3250  3250 F DEBUG   : signal 6 (SIGABRT), code -6 (SI_TKILL), fault addr --------
02-15 21:55:06.395  3251  3251 I crash_dump32: obtaining output fd from tombstoned, type: kDebuggerdTombstone
02-15 21:55:06.395  3251  3251 E libc    : failed to connect to tombstoned: No such file or directory
02-15 21:55:06.395  3251  3251 I crash_dump32: performing dump of process 3208 (target tid = 3208)
02-15 21:55:06.395  3250  3250 F DEBUG   : Abort message: 'Binder driver could not be opened.  Terminating.'
02-15 21:55:06.395  3251  3251 F DEBUG   : *** *** *** *** *** *** *** *** *** *** *** *** *** *** *** ***
02-15 21:55:06.395  3250  3250 F DEBUG   :     x0   0000000000000000  x1   0000000000000c8a  x2   0000000000000006  x3   0000000000000008
02-15 21:55:06.395  3251  3251 F DEBUG   : LineageOS Version: '15.1-20190215-UNOFFICIAL-dreamlte'
02-15 21:55:06.395  3251  3251 F DEBUG   : Build fingerprint: 'samsung/lineage_dreamlte/dreamlte:8.1.0/OPM7.181205.001/ad581e63ac:userdebug/test-keys'
02-15 21:55:06.395  3250  3250 F DEBUG   :     x4   0000000000000000  x5   0000000000000000  x6   0000000000000000  x7   0000008000000000
02-15 21:55:06.395  3251  3251 F DEBUG   : Revision: '0'
02-15 21:55:06.395  3251  3251 F DEBUG   : ABI: 'arm'
02-15 21:55:06.395  3251  3251 F DEBUG   : pid: 3208, tid: 3208, name: cas@1.0-service  >>> /vendor/bin/hw/android.hardware.cas@1.0-service <<<
02-15 21:55:06.395  3250  3250 F DEBUG   :     x8   0000000000000083  x9   4c59ccc6c4599d89  x10  0000000000000000  x11  0000000000000001
02-15 21:55:06.395  3251  3251 F DEBUG   : signal 6 (SIGABRT), code -6 (SI_TKILL), fault addr --------
02-15 21:55:06.395  3250  3250 F DEBUG   :     x12  ffffffffffffffff  x13  0000000000000018  x14  ffffffffffffffff  x15  001511b6dced91a0
02-15 21:55:06.395  3250  3250 F DEBUG   :     x16  00000070a296d2e8  x17  00000070a28c91cc  x18  00000000dcdd308c  x19  0000000000000c8a
02-15 21:55:06.395  3250  3250 F DEBUG   :     x20  0000000000000c8a  x21  0000000bb8da2ed8  x22  0000000bb8da2ed8  x23  00000070a3044a40
02-15 21:55:06.395  3250  3250 F DEBUG   :     x24  0000000000000000  x25  0000000000000000  x26  0000000000000000  x27  0000000000000000
02-15 21:55:06.395  3245  3245 I crash_dump32: obtaining output fd from tombstoned, type: kDebuggerdTombstone
02-15 21:55:06.395  3250  3250 F DEBUG   :     x28  0000000000000000  x29  0000007fda3c6990  x30  00000070a28be9b8
02-15 21:55:06.395  3250  3250 F DEBUG   :     sp   0000007fda3c6950  pc   00000070a28be9d4  pstate 0000000060000000
02-15 21:55:06.396  3241  3241 I crash_dump64: performing dump of process 3206 (target tid = 3206)
02-15 21:55:06.396  3241  3241 F DEBUG   : *** *** *** *** *** *** *** *** *** *** *** *** *** *** *** ***
02-15 21:55:06.396  3251  3251 F DEBUG   : Abort message: 'Error while registering cas service: -38'
02-15 21:55:06.396  3251  3251 F DEBUG   :     r0 00000000  r1 00000c88  r2 00000006  r3 00000008
02-15 21:55:06.396  3251  3251 F DEBUG   :     r4 00000c88  r5 00000c88  r6 ffc9a2f4  r7 0000010c
02-15 21:55:06.396  3245  3245 E libc    : failed to connect to tombstoned: No such file or directory
02-15 21:55:06.396  3251  3251 F DEBUG   :     r8 00000000  r9 00000000  sl 00000000  fp ffc9a79c
02-15 21:55:06.396  3251  3251 F DEBUG   :     ip ffc9a7ac  sp ffc9a2e0  lr f08348e1  pc f082e3ca  cpsr 20010030
02-15 21:55:06.396  3241  3241 F DEBUG   : LineageOS Version: '15.1-20190215-UNOFFICIAL-dreamlte'
02-15 21:55:06.396  3241  3241 F DEBUG   : Build fingerprint: 'samsung/lineage_dreamlte/dreamlte:8.1.0/OPM7.181205.001/ad581e63ac:userdebug/test-keys'
02-15 21:55:06.396  3245  3245 I crash_dump32: performing dump of process 3207 (target tid = 3207)
02-15 21:55:06.396  3241  3241 F DEBUG   : Revision: '0'
02-15 21:55:06.396  3241  3241 F DEBUG   : ABI: 'arm64'
02-15 21:55:06.396  3241  3241 F DEBUG   : pid: 3206, tid: 3206, name: allocator@1.0-s  >>> /system/bin/hw/android.hidl.allocator@1.0-service <<<
02-15 21:55:06.396  3241  3241 F DEBUG   : signal 6 (SIGABRT), code -6 (SI_TKILL), fault addr --------
02-15 21:55:06.396  3245  3245 F DEBUG   : *** *** *** *** *** *** *** *** *** *** *** *** *** *** *** ***
02-15 21:55:06.396  3245  3245 F DEBUG   : LineageOS Version: '15.1-20190215-UNOFFICIAL-dreamlte'
02-15 21:55:06.396  3245  3245 F DEBUG   : Build fingerprint: 'samsung/lineage_dreamlte/dreamlte:8.1.0/OPM7.181205.001/ad581e63ac:userdebug/test-keys'
02-15 21:55:06.396  3245  3245 F DEBUG   : Revision: '0'
02-15 21:55:06.396  3245  3245 F DEBUG   : ABI: 'arm'
02-15 21:55:06.396  3245  3245 F DEBUG   : pid: 3207, tid: 3207, name: android.hardwar  >>> /vendor/bin/hw/android.hardware.camera.provider@2.4-service <<<
02-15 21:55:06.396  3245  3245 F DEBUG   : signal 6 (SIGABRT), code -6 (SI_TKILL), fault addr --------
02-15 21:55:06.397  3241  3241 F DEBUG   : Abort message: 'service.cpp:24] Unable to register allocator service: -38'
02-15 21:55:06.398  3241  3241 F DEBUG   :     x0   0000000000000000  x1   0000000000000c86  x2   0000000000000006  x3   0000000000000008
02-15 21:55:06.398  3241  3241 F DEBUG   :     x4   0000000000000000  x5   0000000000000000  x6   0000000000000000  x7   7f7f7f7f7f7f7f7f
02-15 21:55:06.398  3241  3241 F DEBUG   :     x8   0000000000000083  x9   e1ad5a195a793752  x10  0000000000000000  x11  0000000000000001
02-15 21:55:06.398  3241  3241 F DEBUG   :     x12  ffffffffffffffff  x13  ffffffffffffffff  x14  ff00000000000000  x15  ffffffffffffffff
02-15 21:55:06.398  3241  3241 F DEBUG   :     x16  000000727f02d2e8  x17  000000727ef891cc  x18  00000000e68c63c8  x19  0000000000000c86
02-15 21:55:06.398  3241  3241 F DEBUG   :     x20  0000000000000c86  x21  000000727e628cc0  x22  000000727f3eda40  x23  0000007fddf241b9
02-15 21:55:06.398  3213  3213 I android.hardware.wifi@1.0-service: Wifi Hal is booting up...
02-15 21:55:06.398  3241  3241 F DEBUG   :     x24  0000000000000018  x25  0000000000000031  x26  0000000000000029  x27  0000000000000000
02-15 21:55:06.398  3245  3245 F DEBUG   : Abort message: 'Binder driver could not be opened.  Terminating.'
02-15 21:55:06.409     0     0 D [2:    logd.reader: 3073] logd: logdr: UID=1013 GID=1031 PID=3251 n tail=5 logMask=8 pid=3208 start=0ns timeout=0ns
02-15 21:55:06.398  3241  3241 F DEBUG   :     x28  0000000000000000  x29  0000007fddf24190  x30  000000727ef7e9b8
02-15 21:55:06.398  3245  3245 F DEBUG   :     r0 00000000  r1 00000c87  r2 00000006  r3 00000008
02-15 21:55:06.398  3241  3241 F DEBUG   :     sp   0000007fddf24150  pc   000000727ef7e9d4  pstate 0000000060000000
02-15 21:55:06.398  3245  3245 F DEBUG   :     r4 00000c87  r5 00000c87  r6 ff87c194  r7 0000010c
02-15 21:55:06.398  3213  3213 W hw-ProcessState: Opening '/dev/hwbinder' failed: No such file or directory
02-15 21:55:06.398  3245  3245 F DEBUG   :     r8 00000000  r9 00000000  sl 00000000  fp ff87c66c
02-15 21:55:06.398  3213  3213 E hw-ProcessState: Binder driver could not be opened.  Terminating.
02-15 21:55:06.398  3245  3245 F DEBUG   :     ip 00000001  sp ff87c180  lr eb56a8e1  pc eb5643ca  cpsr 200f0030
02-15 21:55:06.398  3213  3213 E hw-ProcessState: Binder ioctl to set max threads failed: Bad file descriptor
02-15 21:55:06.398  3213  3213 F android.hardware.wifi@1.0-service: service.cpp:37] Check failed: service->registerAsService() == android::NO_ERROR (service->registerAsService()=-38, android::NO_ERROR=0) Failed to register wifi HAL
02-15 21:55:06.398  3213  3213 F libc    : Fatal signal 6 (SIGABRT), code -6 in tid 3213 (android.hardwar), pid 3213 (android.hardwar)
02-15 21:55:06.400  3251  3251 F DEBUG   : 
02-15 21:55:06.400  3251  3251 F DEBUG   : backtrace:
02-15 21:55:06.400  3251  3251 F DEBUG   :     #00 pc 0001a3ca  /system/lib/libc.so (abort+63)
02-15 21:55:06.400  3251  3251 F DEBUG   :     #01 pc 0000655d  /system/lib/liblog.so (__android_log_assert+156)
02-15 21:55:06.400  3251  3251 F DEBUG   :     #02 pc 0000662d  /system/vendor/bin/hw/android.hardware.cas@1.0-service (main+172)
02-15 21:55:06.400  3251  3251 F DEBUG   :     #03 pc 00079d6d  /system/lib/libc.so (__libc_init+48)
02-15 21:55:06.400  3251  3251 F DEBUG   :     #04 pc 00003d48  /system/vendor/bin/hw/android.hardware.cas@1.0-service (_start_main+88)
02-15 21:55:06.406  3163  3163 I TeeMcDaemon: * loading /system/app/mcRegistry/ffffffffd00000000000000000000016.tlbin [hardware/samsung_slsi/exynos8895/mobicore_kinibi400/Daemon/src/MobiCoreDriverDaemon.cpp:323]
02-15 21:55:06.406  3241  3241 F DEBUG   : 
02-15 21:55:06.406  3241  3241 F DEBUG   : backtrace:
02-15 21:55:06.406  3241  3241 F DEBUG   :     #00 pc 000000000001d9d4  /system/lib64/libc.so (abort+104)
02-15 21:55:06.406  3241  3241 F DEBUG   :     #01 pc 00000000000083b4  /system/lib64/libbase.so (android::base::DefaultAborter(char const*)+12)
02-15 21:55:06.406  3241  3241 F DEBUG   :     #02 pc 00000000000090b4  /system/lib64/libbase.so (android::base::LogMessage::~LogMessage()+996)
02-15 21:55:06.406  3241  3241 F DEBUG   :     #03 pc 0000000000003c68  /system/bin/hw/android.hidl.allocator@1.0-service (main+396)
02-15 21:55:06.406  3241  3241 F DEBUG   :     #04 pc 00000000000a254c  /system/lib64/libc.so (__libc_init+88)
02-15 21:55:06.406  3241  3241 F DEBUG   :     #05 pc 0000000000002878  /system/bin/hw/android.hidl.allocator@1.0-service (_start_main+80)
02-15 21:55:06.407  3250  3250 F DEBUG   : 
02-15 21:55:06.407  3250  3250 F DEBUG   : backtrace:
02-15 21:55:06.407  3250  3250 F DEBUG   :     #00 pc 000000000001d9d4  /system/lib64/libc.so (abort+104)
02-15 21:55:06.407  3250  3250 F DEBUG   :     #01 pc 0000000000007f20  /system/lib64/liblog.so (__android_log_assert+304)
02-15 21:55:06.407  3250  3250 F DEBUG   :     #02 pc 0000000000075cb8  /system/lib64/libbinder.so (android::ProcessState::ProcessState(char const*)+392)
02-15 21:55:06.407  3250  3250 F DEBUG   :     #03 pc 0000000000075d64  /system/lib64/libbinder.so (android::ProcessState::initWithDriver(char const*)+164)
02-15 21:55:06.407  3250  3250 F DEBUG   :     #04 pc 0000000000000bf0  /system/vendor/bin/hw/android.hardware.gnss@1.0-service (main+40)
02-15 21:55:06.407  3250  3250 F DEBUG   :     #05 pc 00000000000a254c  /system/lib64/libc.so (__libc_init+88)
02-15 21:55:06.407  3250  3250 F DEBUG   :     #06 pc 0000000000000b28  /system/vendor/bin/hw/android.hardware.gnss@1.0-service (_start_main+80)
02-15 21:55:06.412     0     0 I [5:           init:    1] init: processing action (init.svc.macloader=stopped) from (/init.wifi.rc:98)
02-15 21:55:06.412     0     0 I [5:           init:    1] init: processing action (sys.usb.config=adb && sys.usb.configfs=1) from (/init.usb.configfs.rc:18)
02-15 21:55:06.413     0     0 I [5:           init:    1] init: starting service 'adbd'...
02-15 21:55:06.413     0     0 D [2:    logd.reader: 3073] logd: logdr: UID=1013 GID=1031 PID=3251 n tail=5 logMask=1 pid=3208 start=0ns timeout=0ns
02-15 21:55:06.413  3245  3245 F DEBUG   : 
02-15 21:55:06.413  3245  3245 F DEBUG   : backtrace:
02-15 21:55:06.413  3245  3245 F DEBUG   :     #00 pc 0001a3ca  /system/lib/libc.so (abort+63)
02-15 21:55:06.413  3245  3245 F DEBUG   :     #01 pc 0000655d  /system/lib/liblog.so (__android_log_assert+156)
02-15 21:55:06.413  3245  3245 F DEBUG   :     #02 pc 00057779  /system/lib/libbinder.so (android::ProcessState::ProcessState(char const*)+280)
02-15 21:55:06.413  3245  3245 F DEBUG   :     #03 pc 00057813  /system/lib/libbinder.so (android::ProcessState::initWithDriver(char const*)+98)
02-15 21:55:06.413  3245  3245 F DEBUG   :     #04 pc 00000c7f  /system/vendor/bin/hw/android.hardware.camera.provider@2.4-service (main+30)
02-15 21:55:06.413  3245  3245 F DEBUG   :     #05 pc 00079d6d  /system/lib/libc.so (__libc_init+48)
02-15 21:55:06.413  3245  3245 F DEBUG   :     #06 pc 00000b80  /system/vendor/bin/hw/android.hardware.camera.provider@2.4-service (_start_main+88)
02-15 21:55:06.413     0     0 I [5:           init:    1] init: processing action (init.svc.netd=restarting) from (/vendor/etc/init/init.rilcommon.rc:19)
02-15 21:55:06.414     0     0 E [5:           init:    1] init: service recover_radio does not have a SELinux domain defined
02-15 21:55:06.414     0     0 I [5:           init:    1] init: starting service 'recover_radio'...
02-15 21:55:06.414     0     0 I [5:           init:    1] init: processing action (nonencrypted) from (/init.rc:644)
02-15 21:55:06.414  3260  3260 I crash_dump64: obtaining output fd from tombstoned, type: kDebuggerdTombstone
02-15 21:55:06.415  3260  3260 E libc    : failed to connect to tombstoned: No such file or directory
02-15 21:55:06.415     0     0 D [2:    logd.reader: 3073] logd: logdr: UID=1013 GID=1031 PID=3251 n tail=0 logMask=8 pid=3208 start=0ns timeout=0ns
02-15 21:55:06.416     0     0 I [7:           init: 3257] init: Created socket '/dev/socket/adbd', mode 660, user 1000, group 1000
02-15 21:55:06.416     0     0 E [5:           init:    1] init: service loggy does not have a SELinux domain defined
02-15 21:55:06.416     0     0 I [5:           init:    1] init: starting service 'loggy'...
02-15 21:55:06.416     0     0 I [5:           init:    1] init: starting service 'wifiloader'...
--------- beginning of radio
02-15 21:55:06.416  3264  3264 D boot    : cbd: get_cmdline_str: find str androidboot.debug_level=0x4f4c form /proc/cmdline
02-15 21:55:06.417  3264  3264 D boot    : cbd: check_debug_level: androidboot.debug_level=0x4f4c, 0
02-15 21:55:06.417  3264  3264 D boot    : cbd: check_debug_level: debug level=0, cp_debug=0
02-15 21:55:06.417  3264  3264 D boot    : cbd: main: Start CP Boot Daemon (CBD)
02-15 21:55:06.417  3264  3264 D boot    : cbd: main: Daemon Mode
02-15 21:55:06.417  3264  3264 D boot    : cbd: main: SS310 modem
02-15 21:55:06.417  3264  3264 D boot    : cbd: main: boot SHMEM link
02-15 21:55:06.417  3264  3264 D boot    : cbd: main: main SHMEM link
02-15 21:55:06.417  3264  3264 D boot    : cbd: main: partition number : platform/11120000.ufs/by-name/RADIO
02-15 21:55:06.417  3264  3264 D boot    : cbd: main: partition path : /dev/block/platform/11120000.ufs/by-name/RADIO
02-15 21:55:06.417  3264  3264 D boot    : cbd: main: partition number : platform/11120000.ufs/by-name/CP_DEBUG
02-15 21:55:06.417  3264  3264 D boot    : cbd: main: partition path : /dev/block/platform/11120000.ufs/by-name/CP_DEBUG
02-15 21:55:06.417     0     0 E [5:           init:    1] init: service cpboot-daemon does not have a SELinux domain defined
02-15 21:55:06.417     0     0 I [5:           init:    1] init: starting service 'cpboot-daemon'...
02-15 21:55:06.417  3264  3264 D boot    : cbd: main: Call boot start
02-15 21:55:06.417  3264  3264 D boot    : cbd: main: Modem type = 13
02-15 21:55:06.417  3264  3264 D boot    : cbd: main: Boot link = 9
02-15 21:55:06.417  3264  3264 D boot    : cbd: main: Main link = 9
02-15 21:55:06.417  3264  3264 D boot    : cbd: check_board_revision: model_info-system_rev: 010
02-15 21:55:06.418     0     0 E [5:           init:    1] init: service lhd does not have a SELinux domain defined
02-15 21:55:06.418     0     0 I [5:           init:    1] init: starting service 'lhd'...
02-15 21:55:06.418     0     0 I [5:           init:    1] init: starting service 'zygote'...
02-15 21:55:06.418     0     0 E [5:           init:    1] init: property_set("ro.boottime.zygote", "1994088729") failed: property already set
02-15 21:55:06.419     0     0 I [5:           init:    1] init: starting service 'drm'...
02-15 21:55:06.419     0     0 I [5:           init:    1] init: starting service 'installd'...
02-15 21:55:06.420     0     0 I [5:           init:    1] init: starting service 'keystore'...
02-15 21:55:06.420  3260  3260 I crash_dump64: performing dump of process 3213 (target tid = 3213)
02-15 21:55:06.421  3260  3260 F DEBUG   : *** *** *** *** *** *** *** *** *** *** *** *** *** *** *** ***
