02-15 21:55:06.421  3260  3260 F DEBUG   : LineageOS Version: '15.1-20190215-UNOFFICIAL-dreamlte'
02-15 21:55:06.421  3260  3260 F DEBUG   : Build fingerprint: 'samsung/lineage_dreamlte/dreamlte:8.1.0/OPM7.181205.001/ad581e63ac:userdebug/test-keys'
02-15 21:55:06.421  3260  3260 F DEBUG   : Revision: '0'
02-15 21:55:06.421  3260  3260 F DEBUG   : ABI: 'arm64'
02-15 21:55:06.421  3260  3260 F DEBUG   : pid: 3213, tid: 3213, name: android.hardwar  >>> /vendor/bin/hw/android.hardware.wifi@1.0-service <<<
02-15 21:55:06.421  3260  3260 F DEBUG   : signal 6 (SIGABRT), code -6 (SI_TKILL), fault addr --------
02-15 21:55:06.421     0     0 E [0:            cbd: 3264] mif: cbd: get_cmdline_str: find str androidboot.debug_level=0x4f4c form /proc/cmdline
02-15 21:55:06.421     0     0 E [0:            cbd: 3264] mif: cbd: check_debug_level: androidboot.debug_level=0x4f4c, 0
02-15 21:55:06.421     0     0 E [0:            cbd: 3264] mif: cbd: check_debug_level: debug level=0, cp_debug=0
02-15 21:55:06.421     0     0 E [0:            cbd: 3264] mif: cbd: main: Start CP Boot Daemon (CBD)
02-15 21:55:06.421     0     0 E [0:            cbd: 3264] mif: cbd: main: Daemon Mode
02-15 21:55:06.421     0     0 E [0:            cbd: 3264] mif: cbd: main: SS310 modem
02-15 21:55:06.422     0     0 E [0:            cbd: 3264] mif: cbd: main: boot SHMEM link
02-15 21:55:06.422     0     0 E [0:            cbd: 3264] mif: cbd: main: main SHMEM link
02-15 21:55:06.422     0     0 E [0:            cbd: 3264] mif: cbd: main: partition number : platform/11120000.ufs/by-name/RADIO
02-15 21:55:06.422     0     0 E [0:            cbd: 3264] mif: cbd: main: partition path : /dev/block/platform/11120000.ufs/by-name/RADIO
02-15 21:55:06.422     0     0 E [0:            cbd: 3264] mif: cbd: main: partition number : platform/11120000.ufs/by-name/CP_DEBUG
02-15 21:55:06.422     0     0 E [0:            cbd: 3264] mif: cbd: main: partition path : /dev/block/platform/11120000.ufs/by-name/CP_DEBUG
02-15 21:55:06.422     0     0 I [0:            cbd: 3264] capability: warning: `cbd' uses deprecated v2 capabilities in a way that may be insecure
02-15 21:55:06.422     0     0 E [0:            cbd: 3264] mif: cbd: main: Call boot start
02-15 21:55:06.422     0     0 E [0:            cbd: 3264] mif: cbd: main: Modem type = 13
02-15 21:55:06.422     0     0 E [0:            cbd: 3264] mif: cbd: main: Boot link = 9
02-15 21:55:06.422     0     0 E [0:            cbd: 3264] mif: cbd: main: Main link = 9
02-15 21:55:06.422     0     0 E [0:            cbd: 3264] mif: cbd: check_board_revision: model_info-system_rev: 010
02-15 21:55:06.426  3260  3260 F DEBUG   : Abort message: 'service.cpp:37] Check failed: service->registerAsService() == android::NO_ERROR (service->registerAsService()=-38, android::NO_ERROR=0) Failed to register wifi HAL'
02-15 21:55:06.426  3260  3260 F DEBUG   :     x0   0000000000000000  x1   0000000000000c8d  x2   0000000000000006  x3   0000000000000008
02-15 21:55:06.426  3260  3260 F DEBUG   :     x4   0000000000000000  x5   0000000000000000  x6   0000000000000000  x7   7f7f7f7fff7f7fff
02-15 21:55:06.426  3260  3260 F DEBUG   :     x8   0000000000000083  x9   1cc7d4727cd6b1ca  x10  0000000000000000  x11  0000000000000001
02-15 21:55:06.427  3260  3260 F DEBUG   :     x12  ffffffffffffffff  x13  ffffffffffffffff  x14  ff00000000000000  x15  ffffffffffffffff
02-15 21:55:06.427  3260  3260 F DEBUG   :     x16  00000078b00262e8  x17  00000078aff821cc  x18  58f19fe190d57669  x19  0000000000000c8d
02-15 21:55:06.427  3260  3260 F DEBUG   :     x20  0000000000000c8d  x21  00000078af651000  x22  00000078b06a8a40  x23  0000007fe50a1979
02-15 21:55:06.427  3260  3260 F DEBUG   :     x24  0000000000000050  x25  00000000000000a1  x26  0000000000000093  x27  00000009ba5883d0
02-15 21:55:06.427  3260  3260 F DEBUG   :     x28  00000009ba5883e5  x29  0000007fe50a1950  x30  00000078aff779b8
02-15 21:55:06.427  3260  3260 F DEBUG   :     sp   0000007fe50a1910  pc   00000078aff779d4  pstate 0000000060000000
02-15 21:55:06.427     0     0 I [6:           init: 3266] init: Created socket '/dev/socket/zygote', mode 660, user 0, group 1000
02-15 21:55:06.433  3260  3260 F DEBUG   : 
02-15 21:55:06.433  3260  3260 F DEBUG   : backtrace:
02-15 21:55:06.433  3260  3260 F DEBUG   :     #00 pc 000000000001d9d4  /system/lib64/libc.so (abort+104)
02-15 21:55:06.433  3260  3260 F DEBUG   :     #01 pc 00000000000083b4  /system/lib64/libbase.so (android::base::DefaultAborter(char const*)+12)
02-15 21:55:06.433  3260  3260 F DEBUG   :     #02 pc 00000000000090b4  /system/lib64/libbase.so (android::base::LogMessage::~LogMessage()+996)
02-15 21:55:06.433  3260  3260 F DEBUG   :     #03 pc 0000000000012308  /system/vendor/bin/hw/android.hardware.wifi@1.0-service (main+804)
02-15 21:55:06.433  3260  3260 F DEBUG   :     #04 pc 00000000000a254c  /system/lib64/libc.so (__libc_init+88)
02-15 21:55:06.433  3260  3260 F DEBUG   :     #05 pc 000000000000a874  /system/vendor/bin/hw/android.hardware.wifi@1.0-service (_start_main+80)
02-15 21:55:06.436  3248  3248 I wificond: wificond is starting up...
02-15 21:55:06.436  3248  3248 W hw-ProcessState: Opening '/dev/hwbinder' failed: No such file or directory
02-15 21:55:06.436  3248  3248 E hw-ProcessState: Binder driver could not be opened.  Terminating.
02-15 21:55:06.436  3248  3248 E hw-ProcessState: Binder ioctl to set max threads failed: Bad file descriptor
02-15 21:55:06.436  3248  3248 F wificond: main.cpp:99] Check failed: err == 0 (err=-9, 0=0) Error setting up hw binder polling: Bad file descriptor
02-15 21:55:06.436     0     0 I [5:           init:    1] init: starting service 'mediadrm'...
02-15 21:55:06.436  3248  3248 F libc    : Fatal signal 6 (SIGABRT), code -6 in tid 3248 (wificond), pid 3248 (wificond)
02-15 21:55:06.437     0     0 I [5:           init:    1] init: starting service 'mediaextractor'...
02-15 21:55:06.437     0     0 I [5:           init:    1] init: starting service 'mediametrics'...
02-15 21:55:06.438  3249  3249 I lineage : |_|_|_| |_|\___|\__,_|\__, |\___|\___/|___/
02-15 21:55:06.438     0     0 I [5:           init:    1] init: starting service 'netd'...
02-15 21:55:06.438     0     0 E [5:           init:    1] init: property_set("ro.boottime.netd", "2013853267") failed: property already set
02-15 21:55:06.438     0     0 I [5:           init:    1] init: starting service 'storaged'...
02-15 21:55:06.439     0     0 I [5:           init:    1] init: starting service 'mediacodec'...
02-15 21:55:06.439     0     0 I [5:           init:    1] init: starting service 'ril-daemon'...
02-15 21:55:06.440     0     0 E [5:           init:    1] init: service sec_gnss_service does not have a SELinux domain defined
02-15 21:55:06.440     0     0 I [5:           init:    1] init: starting service 'sec_gnss_service'...
02-15 21:55:06.440     0     0 E [6:           init: 3274] init: Failed to open file '/d/mmc0/mmc0:0001/ext_csd': No such file or directory
02-15 21:55:06.445     0     0 I [5:           init:    1] init: starting service 'gatekeeperd'...
02-15 21:55:06.448  3264  3264 D boot    : cbd: start_shannon310_boot: CP boot device = /dev/umts_boot0
02-15 21:55:06.448  3264  3264 D boot    : cbd: start_shannon310_boot: CP binary file = /dev/block/platform/11120000.ufs/by-name/RADIO
02-15 21:55:06.449  3264  3264 D boot    : cbd: start_shannon310_boot: CP NV file = /efs/nv_data.bin
02-15 21:55:06.449  3264  3264 D boot    : cbd: start_shannon310_boot: BOOT link SHMEM
02-15 21:55:06.449  3264  3264 D boot    : cbd: start_shannon310_boot: MAIN link SHMEM
02-15 21:55:06.452     0     0 E [0:            cbd: 3264] mif: cbd: start_shannon310_boot: CP boot device = /dev/umts_boot0
02-15 21:55:06.453     0     0 I [7:           init: 3273] init: Created socket '/dev/socket/netd', mode 660, user 0, group 1000
02-15 21:55:06.453     0     0 I [7:           init: 3273] init: Created socket '/dev/socket/dnsproxyd', mode 660, user 0, group 3003
02-15 21:55:06.453     0     0 I [7:           init: 3273] init: Created socket '/dev/socket/mdns', mode 660, user 0, group 1000
02-15 21:55:06.453     0     0 E [0:            cbd: 3264] mif: cbd: start_shannon310_boot: CP binary file = /dev/block/platform/11120000.ufs/by-name/RADIO
02-15 21:55:06.453     0     0 I [7:           init: 3273] init: Created socket '/dev/socket/fwmarkd', mode 660, user 0, group 3003
02-15 21:55:06.453     0     0 E [0:            cbd: 3264] mif: cbd: start_shannon310_boot: CP NV file = /efs/nv_data.bin
02-15 21:55:06.453     0     0 E [0:            cbd: 3264] mif: cbd: start_shannon310_boot: BOOT link SHMEM
02-15 21:55:06.453     0     0 E [0:            cbd: 3264] mif: cbd: start_shannon310_boot: MAIN link SHMEM
02-15 21:55:06.461     0     0 I [7:           init: 3276] init: Created socket '/dev/socket/sap_uim_socket1', mode 660, user 1002, group 1002
02-15 21:55:06.469  3257  3284 W libc    : Unable to set property "ctl.start" to "mdnsd": error code: 0x20
02-15 21:55:06.472     0     0 I [5:           init:    1] init: starting service 'perfprofd'...
02-15 21:55:06.472     0     0 I [5:           init:    1] init: starting service 'tombstoned'...
02-15 21:55:06.473     0     0 I [5:           init:    1] init: starting service 'fps_hal'...
02-15 21:55:06.473     0     0 D [2:    logd.reader: 3073] logd: logdr: UID=1021 GID=1000 PID=3250 n tail=5 logMask=8 pid=3210 start=0ns timeout=0ns
02-15 21:55:06.473     0     0 E [5:           init:    1] selinux: avc:  denied  { set } for property=ctl.mdnsd pid=3257 uid=2000 gid=2000 scontext=u:r:adbd:s0 tcontext=u:object_r:ctl_mdnsd_prop:s0 tclass=property_service permissive=0
02-15 21:55:06.473     0     0 E         : [5:           init:    1]
02-15 21:55:06.473     0     0 E [5:           init:    1] init: sys_prop(PROP_MSG_SETPROP2): Unable to start service ctl [mdnsd] uid:2000 gid:2000 pid:3257
02-15 21:55:06.473     0     0 I [5:           init:    1] init: processing action (nonencrypted) from (init.samsung.rc:535)
02-15 21:55:06.477     0     0 D [2:    logd.reader: 3073] logd: logdr: UID=1000 GID=1000 PID=3241 n tail=5 logMask=8 pid=3206 start=0ns timeout=0ns
02-15 21:55:06.477     0     0 I [5:           init:    1] init: Service 'recover_radio' (pid 3259) exited with status 0
02-15 21:55:06.480  3280  3280 I lineage :                       |___/
02-15 21:55:06.484  3263  3263 D wifiloader: Trigger initcall of deferred modules
02-15 21:55:06.489     0     0 W         : [3:     wifiloader: 3263] Running do_deferred_initcalls()
02-15 21:55:06.489     0     0 I [3:     wifiloader: 3263] dhd_wlan_init: START.......
02-15 21:55:06.490  3273  3273 I Netd    : Netd 1.0 starting
02-15 21:55:06.490  3273  3273 D TetherController: Setting IP forward enable = 0
02-15 21:55:06.492     0     0 I         : [0:    kworker/0:1: 1268] samsung-abox 13e50000.abox: abox_log_register_buffer_work_func(ffffffc87751cc10, 0, ffffff800f472000)
02-15 21:55:06.492     0     0 I         : [1:    kworker/1:2: 3197] Trustonic TEE: 801|[drTima:SCrypto] <INFO> SCrypto 2.0 is in FIPS approved mode
02-15 21:55:06.492     0     0 I         : [1:    kworker/1:2: 3197] Trustonic TEE: 801|drTima: starting main driver thread
02-15 21:55:06.492     0     0 I         : [1:    kworker/1:2: 3197] Trustonic TEE: 801|[RTIC] Driver:: rtic_init_done
02-15 21:55:06.492     0     0 I         : [1:    kworker/1:2: 3197] Trustonic TEE: 801|sec_log_info.log_start_paddr2 is 0x92302000
02-15 21:55:06.492     0     0 I         : [1:    kworker/1:2: 3197] Trustonic TEE: 801|sec_log_info.log_size2 is 0xff000
02-15 21:55:06.492     0     0 I         : [1:    kworker/1:2: 3197] Trustonic TEE: 801|sec_log_info.log_hdr_vaddr2 is 0xb2000
02-15 21:55:06.492     0     0 I         : [1:    kworker/1:2: 3197] Trustonic TEE: 801|sec_log_info.log_data_vaddr2 is 0x0
02-15 21:55:06.492     0     0 I         : [1:    kworker/1:2: 3197] Trustonic TEE: 801|dbg_log_info.log_start_paddr2 is 0x92202000
02-15 21:55:06.492     0     0 I         : [1:    kworker/1:2: 3197] Trustonic TEE: 801|dbg_log_info.log_size2 is 0x100000
02-15 21:55:06.492     0     0 I         : [1:    kworker/1:2: 3197] Trustonic TEE: 801|dbg_log_info.log_hdr_vaddr2 is 0xb4000
02-15 21:55:06.492     0     0 I         : [1:    kworker/1:2: 3197] Trustonic TEE: 801|dbg_log_info.log_data_vaddr2 is 0x0
02-15 21:55:06.492     0     0 I         : [1:    kworker/1:2: 3197] Trustonic TEE: 801|log.c[1]: header_ptr->magic is 0x0
02-15 21:55:06.492     0     0 I         : [1:    kworker/1:2: 3197] Trustonic TEE: 801|log.c[1]: header_ptr->log_start_addr is 0x0
02-15 21:55:06.492     0     0 I         : [1:    kworker/1:2: 3197] Trustonic TEE: 801|log.c[1]: header_ptr->log_write_addr is 0x0
02-15 21:55:06.492     0     0 I         : [1:    kworker/1:2: 3197] Trustonic TEE: 801|log.c[1]: header_ptr->num_log_entries is 0x0
02-15 21:55:06.492     0     0 I         : [1:    kworker/1:2: 3197] Trustonic TEE: 801|log.c[2]: header_ptr->magic is 0xaabbccdd
02-15 21:55:06.493     0     0 I         : [1:    kworker/1:2: 3197] Trustonic TEE: 801|log.c[2]: header_ptr->log_start_addr is 0x92302080
02-15 21:55:06.493     0     0 I         : [1:    kworker/1:2: 3197] Trustonic TEE: 801|log.c[2]: header_ptr->log_write_addr is 0x92302080
02-15 21:55:06.493     0     0 I         : [1:    kworker/1:2: 3197] Trustonic TEE: 801|log.c[2]: header_ptr->num_log_entries is 0x0
02-15 21:55:06.493     0     0 I         : [1:    kworker/1:2: 3197] Trustonic TEE: 801|log.c[1]: header_ptr->magic is 0x0
02-15 21:55:06.493     0     0 I         : [1:    kworker/1:2: 3197] Trustonic TEE: 801|log.c[1]: header_ptr->log_start_addr is 0x0
02-15 21:55:06.493     0     0 I         : [1:    kworker/1:2: 3197] Trustonic TEE: 801|log.c[1]: header_ptr->log_write_addr is 0x0
02-15 21:55:06.493     0     0 I         : [1:    kworker/1:2: 3197] Trustonic TEE: 801|log.c[1]: header_ptr->num_log_entries is 0x0
02-15 21:55:06.493     0     0 I         : [1:    kworker/1:2: 3197] Trustonic TEE: 801|log.c[2]: header_ptr->magic is 0xaabbccdd
02-15 21:55:06.493     0     0 I         : [1:    kworker/1:2: 3197] Trustonic TEE: 801|log.c[2]: header_ptr->log_start_addr is 0x92202080
02-15 21:55:06.493     0     0 I         : [1:    kworker/1:2: 3197] Trustonic TEE: 801|log.c[2]: header_ptr->log_write_addr is 0x92202080
02-15 21:55:06.493     0     0 I         : [1:    kworker/1:2: 3197] Trustonic TEE: 801|log.c[2]: header_ptr->num_log_entries is 0x0
02-15 21:55:06.493     0     0 I         : [1:    kworker/1:2: 3197] Trustonic TEE: 801|sec_log_info.log_start_paddr3 is 0x92302000
02-15 21:55:06.493     0     0 I         : [1:    kworker/1:2: 3197] Trustonic TEE: 801|sec_log_info.log_size3 is 0xff000
02-15 21:55:06.493     0     0 I         : [1:    kworker/1:2: 3197] Trustonic TEE: 801|sec_log_info.log_hdr_vaddr3 is 0xb2000
02-15 21:55:06.493     0     0 I         : [1:    kworker/1:2: 3197] Trustonic TEE: 801|sec_log_info.log_data_vaddr3 is 0x0
02-15 21:55:06.493     0     0 I         : [1:    kworker/1:2: 3197] Trustonic TEE: 801|dbg_log_info.log_start_paddr3 is 0x92202000
02-15 21:55:06.493     0     0 I         : [1:    kworker/1:2: 3197] Trustonic TEE: 801|dbg_log_info.log_size3 is 0x100000
02-15 21:55:06.493     0     0 I         : [1:    kworker/1:2: 3197] Trustonic TEE: 801|dbg_log_info.log_hdr_vaddr3 is 0xb4000
02-15 21:55:06.493     0     0 I         : [1:    kworker/1:2: 3197] Trustonic TEE: 801|dbg_log_info.log_data_vaddr3 is 0x0
02-15 21:55:06.493     0     0 I         : [1:    kworker/1:2: 3197] Trustonic TEE: 801|write_ptr_paddr is 92202080
02-15 21:55:06.493     0     0 I         : [1:    kworker/1:2: 3197] Trustonic TEE: 801|write_ptr_paddr is 92202080
02-15 21:55:06.500  3163  3238 I TeeMcDaemon: TEEC_Result Partition::open(): Open storage file "/efs/TEE/Store_1.tf" [hardware/samsung_slsi/exynos8895/mobicore_kinibi400/Daemon/src/FSD2.cpp:157]
02-15 21:55:06.501  3163  3238 I TeeMcDaemon: TEEC_Result Partition::open(): storage file "/efs/TEE/Store_1.tf" successfully open (size: 23 KB / 23552 B)) [hardware/samsung_slsi/exynos8895/mobicore_kinibi400/Daemon/src/FSD2.cpp:166]
02-15 21:55:06.501  3268  3268 I installd: installd firing up
02-15 21:55:06.505  3296  3296 I crash_dump64: obtaining output fd from tombstoned, type: kDebuggerdTombstone
02-15 21:55:06.505  3296  3296 E libc    : failed to connect to tombstoned: No such file or directory
02-15 21:55:06.505  3296  3296 I crash_dump64: performing dump of process 3248 (target tid = 3248)
02-15 21:55:06.508  3296  3296 F DEBUG   : *** *** *** *** *** *** *** *** *** *** *** *** *** *** *** ***
02-15 21:55:06.508  3296  3296 F DEBUG   : LineageOS Version: '15.1-20190215-UNOFFICIAL-dreamlte'
02-15 21:55:06.508  3296  3296 F DEBUG   : Build fingerprint: 'samsung/lineage_dreamlte/dreamlte:8.1.0/OPM7.181205.001/ad581e63ac:userdebug/test-keys'
02-15 21:55:06.508  3296  3296 F DEBUG   : Revision: '0'
02-15 21:55:06.508  3296  3296 F DEBUG   : ABI: 'arm64'
02-15 21:55:06.508  3296  3296 F DEBUG   : pid: 3248, tid: 3248, name: wificond  >>> /system/bin/wificond <<<
02-15 21:55:06.508  3296  3296 F DEBUG   : signal 6 (SIGABRT), code -6 (SI_TKILL), fault addr --------
02-15 21:55:06.510  3296  3296 F DEBUG   : Abort message: 'main.cpp:99] Check failed: err == 0 (err=-9, 0=0) Error setting up hw binder polling: Bad file descriptor'
02-15 21:55:06.510  3296  3296 F DEBUG   :     x0   0000000000000000  x1   0000000000000cb0  x2   0000000000000006  x3   0000000000000008
02-15 21:55:06.510  3296  3296 F DEBUG   :     x4   0000000000000000  x5   0000000000000000  x6   0000000000000000  x7   7f7f7f7fffffff7f
02-15 21:55:06.510  3296  3296 F DEBUG   :     x8   0000000000000083  x9   7a7c1ff7bce8f362  x10  0000000000000000  x11  0000000000000001
02-15 21:55:06.510  3296  3296 F DEBUG   :     x12  ffffffffffffffff  x13  ffffffffffffffff  x14  ff00000000000000  x15  ffffffffffffffff
02-15 21:55:06.510  3296  3296 F DEBUG   :     x16  00000079b212f2e8  x17  00000079b208b1cc  x18  0000000047ac41bd  x19  0000000000000cb0
02-15 21:55:06.510  3296  3296 F DEBUG   :     x20  0000000000000cb0  x21  00000079b1a2f4e0  x22  00000079b2b74a40  x23  0000007ffbcbb349
02-15 21:55:06.510  3296  3296 F DEBUG   :     x24  0000000000000030  x25  0000000000000061  x26  000000000000005c  x27  0000000ed471d32e
02-15 21:55:06.510  3296  3296 F DEBUG   :     x28  0000000ed471d335  x29  0000007ffbcbb320  x30  00000079b20809b8
02-15 21:55:06.510  3296  3296 F DEBUG   :     sp   0000007ffbcbb2e0  pc   00000079b20809d4  pstate 0000000060000000
02-15 21:55:06.528  3269  3269 E android.hardware.keymaster@3.0::KeymasterDevice: getService: defaultServiceManager() is null
02-15 21:55:06.530  3296  3296 F DEBUG   : 
02-15 21:55:06.530  3296  3296 F DEBUG   : backtrace:
02-15 21:55:06.530  3296  3296 F DEBUG   :     #00 pc 000000000001d9d4  /system/lib64/libc.so (abort+104)
02-15 21:55:06.530  3296  3296 F DEBUG   :     #01 pc 00000000000083b4  /system/lib64/libbase.so (android::base::DefaultAborter(char const*)+12)
02-15 21:55:06.530  3296  3296 F DEBUG   :     #02 pc 00000000000090b4  /system/lib64/libbase.so (android::base::LogMessage::~LogMessage()+996)
02-15 21:55:06.530  3296  3296 F DEBUG   :     #03 pc 0000000000010c70  /system/bin/wificond (main+2304)
02-15 21:55:06.530  3296  3296 F DEBUG   :     #04 pc 00000000000a254c  /system/lib64/libc.so (__libc_init+88)
02-15 21:55:06.530  3296  3296 F DEBUG   :     #05 pc 00000000000102a8  /system/bin/wificond (_start_main+80)
02-15 21:55:06.534  3163  3163 I TeeMcDaemon: Daemon running [hardware/samsung_slsi/exynos8895/mobicore_kinibi400/Daemon/src/MobiCoreDriverDaemon.cpp:342]
02-15 21:55:06.536     0     0 I         : [2: mcDriverDaemon: 3163] TUI file opened
02-15 21:55:06.536     0     0 I         : [2: mcDriverDaemon: 3163] t-base-tui module: ioctl 0x7404
02-15 21:55:06.536     0     0 I         : [2: mcDriverDaemon: 3163] TUI_IO_INIT_DRIVER
02-15 21:55:06.538     0     0 I         : [1:    kworker/1:2: 3197] Trustonic TEE: 901|[KEYMAN] Driver: Driver thread started
02-15 21:55:06.538     0     0 I         : [1:    kworker/1:2: 3197] Trustonic TEE: 901|[KEYMAN] Driver: IPC memory request: success
02-15 21:55:06.538     0     0 I         : [1:    kworker/1:2: 3197] Trustonic TEE: 901|[KEYMAN] Driver: CryptoManager F/W version: 0x40180806
02-15 21:55:06.538     0     0 I         : [1:    kworker/1:2: 3197] Trustonic TEE: 901|[KEYMAN] drExchLoop(): Exception handler thread is running
02-15 21:55:06.539     0     0 I         : [1: mcDriverDaemon: 3163] TUI file closed
02-15 21:55:06.539     0     0 I         : [1: mcDriverDaemon: 3163] WARNING tlc_notify_event:424 tlc_notify_event: DCI has not been set up properly - exiting
02-15 21:55:06.539     0     0 E [5:           init:    1] selinux: avc:  denied  { set } for property=true pid=3163 uid=1000 gid=1000 scontext=u:r:tee:s0 tcontext=u:object_r:default_prop:s0 tclass=property_service permissive=0
02-15 21:55:06.539     0     0 E         : [5:           init:    1]
02-15 21:55:06.539     0     0 E [5:           init:    1] init: sys_prop(PROP_MSG_SETPROP): permission denied uid:1000 name:true
02-15 21:55:06.540     0     0 I [1:        tee_tui: 3299] tlc_open: Opening tbase device
02-15 21:55:06.541     0     0 I [1:        tee_tui: 3299] tlc_open: Opening driver session
02-15 21:55:06.542     0     0 I [7:           init: 3287] init: Created socket '/dev/socket/tombstoned_crash', mode 666, user 1000, group 1000
02-15 21:55:06.542     0     0 I [7:           init: 3287] init: Created socket '/dev/socket/tombstoned_intercept', mode 666, user 1000, group 1000
02-15 21:55:06.542     0     0 I [7:           init: 3287] init: Created socket '/dev/socket/tombstoned_java_trace', mode 666, user 1000, group 1000
02-15 21:55:06.548  3273  3273 I Netd    : Creating child chains: 55.7ms
02-15 21:55:06.548  3273  3273 I Netd    : Setting up OEM hooks: 0.1ms
02-15 21:55:06.549     0     0 I [1:        tee_tui: 3299] tlc_process_cmd: TlcTui DCI Version (1.1)
02-15 21:55:06.549     0     0 I [1:        tee_tui: 3299] tlc_process_cmd: DrTui DCI Version (1.1)
02-15 21:55:06.549     0     0 I         : [1:    kworker/1:2: 3197] Trustonic TEE: a01|TUI Driver API, Build Jun  2 2017, 17:02:03
02-15 21:55:06.549     0     0 I         : [1:    kworker/1:2: 3197] Trustonic TEE: a01|t-base-EXYNOS64-Android-400A-V007-20170602_163350_31635_64246
02-15 21:55:06.549     0     0 I         : [1:    kworker/1:2: 3197] Trustonic TEE: a01|TUI HAL version 2.1 build Jun 15 2017, 11:50:39
02-15 21:55:06.553  3273  3273 I Netd    : Setting up FirewallController hooks: 5.1ms
02-15 21:55:06.557  3273  3273 I Netd    : Setting up NatController hooks: 3.6ms
02-15 21:55:06.561  3273  3273 I Netd    : Setting up BandwidthController hooks: 4.5ms
02-15 21:55:06.561  3273  3273 I Netd    : Setting up IdletimerController hooks: 0.1ms
02-15 21:55:06.562  3276  3276 D RILD    : **RIL Daemon Started**
02-15 21:55:06.562  3276  3276 D RILD    : **RILd param count=3**
02-15 21:55:06.562  3276  3276 D RILD    : rilLibPath = /vendor/lib64/libsec-ril.so
02-15 21:55:06.564  3287  3287 I /system/bin/tombstoned: tombstoned successfully initialized
02-15 21:55:06.566  3279  3279 I gatekeeperd: Starting gatekeeperd...
02-15 21:55:06.567  3273  3273 I Netd    : Disabling bandwidth control: 6.1ms
02-15 21:55:06.568  3286  3286 I perfprofd: starting Android Wide Profiling daemon
02-15 21:55:06.568  3273  3273 E Netd    : cannot find interface dummy0
02-15 21:55:06.569  3273  3273 I Netd    : Initializing RouteController: 1.4ms
02-15 21:55:06.569  3286  3286 E perfprofd: unable to open configuration file /data/data/com.google.android.gms/files/perfprofd.conf
02-15 21:55:06.569  3286  3286 I perfprofd: random seed set to 1833396783
02-15 21:55:06.570  3277  3277 W ProcessState: Opening '/dev/vndbinder' failed: No such file or directory
02-15 21:55:06.570  3277  3277 F ProcessState: Binder driver could not be opened.  Terminating.
02-15 21:55:06.570  3277  3277 F libc    : Fatal signal 6 (SIGABRT), code -6 in tid 3277 (vendor.samsung.), pid 3277 (vendor.samsung.)
02-15 21:55:06.570  3273  3273 D MDnsDS  : MDnsSdListener::Hander starting up
02-15 21:55:06.571  3273  3273 I Netd    : Registering NetdNativeService: 0.8ms
02-15 21:55:06.572  3273  3273 I Netd    : Starting CommandListener: 0.3ms
02-15 21:55:06.572  3273  3273 W hw-ProcessState: Opening '/dev/hwbinder' failed: No such file or directory
02-15 21:55:06.572  3273  3273 E hw-ProcessState: Binder driver could not be opened.  Terminating.
02-15 21:55:06.572  3273  3273 E hw-ProcessState: Binder ioctl to set max threads failed: Bad file descriptor
02-15 21:55:06.572  3273  3273 E Netd    : Unable to start NetdHwService: -38
02-15 21:55:06.573  3067  3067 I ServiceManager: service 'netd' died
02-15 21:55:06.580  3279  3279 E android.hardware.gatekeeper@1.0::Gatekeeper: getService: defaultServiceManager() is null
02-15 21:55:06.574     0     0 D [2:    logd.reader: 3073] logd: logdr: UID=1047 GID=1005 PID=3245 n tail=5 logMask=8 pid=3207 start=0ns timeout=0ns
02-15 21:55:06.575     0     0 D [2:    logd.reader: 3073] logd: logdr: UID=1013 GID=1031 PID=3251 n tail=0 logMask=1 pid=3208 start=0ns timeout=0ns
02-15 21:55:06.580  3279  3279 W gatekeeperd: falling back to software GateKeeper
02-15 21:55:06.584     0     0 D [2:    logd.reader: 3073] logd: logdr: UID=1010 GID=1010 PID=3260 n tail=5 logMask=8 pid=3213 start=0ns timeout=0ns
02-15 21:55:06.586     0     0 I [3:           init:    1] init: Service 'netd' (pid 3273) killed by signal 1
02-15 21:55:06.586     0     0 I [3:           init:    1] init: Sending signal 9 to service 'netd' (pid 3273) process group...
02-15 21:55:06.587     0     0 D [2:    logd.reader: 3073] logd: logdr: UID=1000 GID=1000 PID=3241 n tail=5 logMask=1 pid=3206 start=0ns timeout=0ns
02-15 21:55:06.582  3265  3265 V lhd     : GlLhdInterface::Init(/vendor/etc/sensor/lhd.conf)
02-15 21:55:06.583  3251  3251 E crash_dump32: unable to connect to activity manager: Connection refused
02-15 21:55:06.583  3265  3265 E lhd     : SetCfgValue: Critical Error. Unknown configuration parameter "FlpName"="tcp"
02-15 21:55:06.583  3265  3265 V lhd     : SetCfgValue: LHD config "LheSerialControl"="BBD:Serial=TTY"
02-15 21:55:06.583  3265  3265 E lhd     : SetCfgValue: Critical Error. Unknown configuration parameter "LheClockMHz"="100"
02-15 21:55:06.583  3265  3265 V lhd     : SetCfgValue: LHD config "LhePatch"="/dev/bbd_patch"
02-15 21:55:06.583  3265  3265 V lhd     : SetCfgValue: LHD config "LheMaxMcuResetTries"="4"
02-15 21:55:06.583  3265  3265 V lhd     : SetCfgValue: LHD config "LheBbdPacket"="/dev/ttyBCM"
02-15 21:55:06.583  3265  3265 V lhd     : SetCfgValue: LHD config "LheBbdControl"="/dev/bbd_control"
02-15 21:55:06.583  3265  3265 V lhd     : SetCfgValue: LHD config "LheBbdSensor"="/dev/bbd_sensor"
02-15 21:55:06.583  3265  3265 V lhd     : SetCfgValue: LHD config "LheFailSafe"="BINFILE=/data/system/gps/esw-crash-dump.hex"
02-15 21:55:06.584  3265  3265 V lhd     : SetCfgValue: LHD config "Lhe477xDebugFlags"="RPC:FACILITY=33:STDOUT_PUTS:STDOUT_LOG"
02-15 21:55:06.584  3265  3265 E lhd     : SetCfgValue: Critical Error. Unknown configuration parameter "LheSensorIpc"="true"
02-15 21:55:06.584  3265  3265 E lhd     : SetCfgValue: Critical Error. Unknown configuration parameter "LhePinMux"="P17=M1"
02-15 21:55:06.584  3265  3265 V lhd     : SetCfgValue: LHD config "LheAutoBaudDelayMS"="10"
02-15 21:55:06.584  3265  3265 V lhd     : SetCfgValue: LHD config "LheMaxMcuResetTries"="3"
02-15 21:55:06.584  3265  3265 E lhd     : OpenFirmwareFile: Fail to open /efs/sec_efs/sensorhub_urgent_fw.patch, errno 2
02-15 21:55:06.584  3265  3265 E lhd     : getCustPatchVersion: Fail to parse patch /efs/sec_efs/sensorhub_urgent_fw.patch
02-15 21:55:06.584  3265  3265 E lhd     : getCustPatchVersion: <CustomerVersion> not found
02-15 21:55:06.592     0     0 I [3:           init:    1] init: Successfully killed process cgroup uid 0 pid 3273 in 5ms
02-15 21:55:06.592     0     0 I         : [0:    kworker/0:1: 1268] (NULL device *): abox_dump_register_buffer_work_func[0]
02-15 21:55:06.592     0     0 D [2:    logd.reader: 3073] logd: logdr: UID=1021 GID=1000 PID=3250 n tail=5 logMask=1 pid=3210 start=0ns timeout=0ns
02-15 21:55:06.592     0     0 I [3:           init:    1] init: Untracked pid 3251 exited with status 0
02-15 21:55:06.592  3270  3270 I mediaserver: ServiceManager: 0xe8199580
02-15 21:55:06.593     0     0 I [3:           init:    1] init: Untracked pid 3294 exited with status 0
02-15 21:55:06.593     0     0 I [3:           init:    1] init: Untracked pid 3295 exited with status 0
02-15 21:55:06.593     0     0 I [3:           init:    1] init: processing action (init.svc.netd=restarting) from (/vendor/etc/init/init.rilcommon.rc:19)
02-15 21:55:06.593     0     0 E [3:           init:    1] init: service recover_radio does not have a SELinux domain defined
02-15 21:55:06.594     0     0 I [3:           init:    1] init: starting service 'recover_radio'...
02-15 21:55:06.594     0     0 E [3:           init:    1] init: property_set("ro.boottime.recover_radio", "2169792844") failed: property already set
02-15 21:55:06.597     0     0 D [2:    logd.reader: 3073] logd: logdr: UID=1010 GID=1010 PID=3296 n tail=5 logMask=8 pid=3248 start=0ns timeout=0ns
02-15 21:55:06.600     0     0 I [3:           init:    1] init: Service 'cas-hal-1-0' (pid 3208) killed by signal 6
02-15 21:55:06.600     0     0 I [3:           init:    1] init: Sending signal 9 to service 'cas-hal-1-0' (pid 3208) process group...
02-15 21:55:06.600     0     0 I [3:           init:    1] init: Successfully killed process cgroup uid 1013 pid 3208 in 0ms
02-15 21:55:06.605  3300  3300 I lineage : Welcome to Android 8.1.0 / LineageOS-15.1-20190215-UNOFFICIAL-dreamlte
02-15 21:55:06.606  3244  3244 I mediaserver: ServiceManager: 0xe5719620
02-15 21:55:06.606  3243  3243 W hw-ProcessState: Opening '/dev/hwbinder' failed: No such file or directory
02-15 21:55:06.606  3243  3243 E hw-ProcessState: Binder driver could not be opened.  Terminating.
02-15 21:55:06.606  3243  3243 E hw-ProcessState: Binder ioctl to set max threads failed: Bad file descriptor
02-15 21:55:06.608  3243  3243 I cameraserver: ServiceManager: 0xf1419580
02-15 21:55:06.608  3243  3243 I CameraService: CameraService started (pid=3243)
02-15 21:55:06.608  3243  3243 I CameraService: CameraService process starting
02-15 21:55:06.609  3243  3243 W BatteryNotifier: batterystats service unavailable!
02-15 21:55:06.609  3243  3243 W BatteryNotifier: batterystats service unavailable!
02-15 21:55:06.609  3243  3243 E CameraProviderManager: initialize: Unable to register with hardware service manager for notifications about camera providers
02-15 21:55:06.609  3244  3244 W BatteryNotifier: batterystats service unavailable!
02-15 21:55:06.609  3243  3243 E CameraService: enumerateProviders: Unable to initialize camera provider manager: Function not implemented (-38)
02-15 21:55:06.611  3288  3288 D android.hardware.biometrics.fingerprint@2.1-service: Opening fingerprint hal library...
02-15 21:55:06.612     0     0 E         : [0:            lhd: 3265] [SSP] set_mcu_power: enable vdd_mcu_1p8(0), is enabled 0
02-15 21:55:06.618  3242  3242 I FastMixerState: sMaxFastTracks = 8
02-15 21:55:06.620  3242  3242 I audioserver: ServiceManager: 0xef319520
02-15 21:55:06.620  3242  3242 W BatteryNotifier: batterystats service unavailable!
02-15 21:55:06.620  3242  3242 E android.hardware.audio@2.0::DevicesFactory: getService: defaultServiceManager() is null
02-15 21:55:06.620  3242  3242 E DevicesFactoryHalHidl: Failed to obtain IDevicesFactory service, terminating process.
02-15 21:55:06.620  3288  3288 I FingerprintWrapper: loaded vendor module: Demo Fingerprint HAL version 200
02-15 21:55:06.620  3288  3288 D bauth_service: BAuthService, 155
02-15 21:55:06.620  3288  3288 D bauth_service: BAuthService, 54
02-15 21:55:06.620  3288  3288 D bauth_service: BAuthService, 85
02-15 21:55:06.620  3288  3288 D bauth_service: BAuthService, 197
02-15 21:55:06.620     0     0 I [3:           init:    1] init: Sending signal 9 to service 'keystore' (pid 3269) process group...
02-15 21:55:06.620  3288  3288 D bauth_FPBAuthService: FPBAuthService, 8458
02-15 21:55:06.620  3288  3288 D bauth_FPBAuthService: 5, 7
02-15 21:55:06.620  3288  3288 D bauth_FPBAuthService: w1, s0
02-15 21:55:06.621     0     0 I [3:           init:    1] init: Successfully killed process cgroup uid 1017 pid 3269 in 0ms
02-15 21:55:06.621  3288  3288 D bauth_FPBAuthSensorControl: FPBAuthSensorControl, 59
02-15 21:55:06.621  3288  3288 D bauth_FPBAuthService: FPBAuthService, 250
02-15 21:55:06.621  3288  3288 D bauth_FPBAuthService: FPBAuthService, 8384
02-15 21:55:06.621  3288  3288 D bauth_FPBAuthService: -1, 3
02-15 21:55:06.621  3288  3288 D bauth_FPBAuthService: FPBAuthService, 652
02-15 21:55:06.621  3288  3288 D bauth_FPBAuthSensorControl: FPBAuthSensorControl, 304
02-15 21:55:06.621  3288  3288 D bauth_FPBAuthService: FPBAuthService, 669
02-15 21:55:06.621  3288  3288 D bauth_FPBAuthService: FPBAuthService, 8292
02-15 21:55:06.621  3288  3288 I TLC_BAUTH: FUNC ID 0x1 is completed;437
02-15 21:55:06.621  3288  3288 I TLC_BAUTH: Call FUNC ID 0x3 , 5;477
02-15 21:55:06.621  3288  3288 I tlc_communication: tlc_open() called;82
02-15 21:55:06.621  3288  3288 I tlc_communication: Opening MobiCore device;86
02-15 21:55:06.621  3163  3240 E TeeMcDaemon: Insufficient data arrived [hardware/samsung_slsi/exynos8895/mobicore_kinibi400/Daemon/src/RegistryServer.cpp:404]
02-15 21:55:06.621  3288  3288 E McClient:   *****************************
02-15 21:55:06.621  3288  3288 E McClient:   *** ERROR: reading from Daemon failed
02-15 21:55:06.621  3288  3288 E McClient:   *** Detected in getDaemonVersion/1472()
02-15 21:55:06.621  3288  3288 E McClient:   *****************************
02-15 21:55:06.621  3288  3288 E tlc_communication:   *****************************
02-15 21:55:06.621  3288  3288 E tlc_communication:   *** ERROR: Opening MobiCore device is failed : 15
02-15 21:55:06.621  3288  3288 E tlc_communication:   *** Detected in tlc_open/94()
02-15 21:55:06.621  3288  3288 E tlc_communication:   *****************************
02-15 21:55:06.621  3288  3288 E TLC_BAUTH:   *****************************
02-15 21:55:06.621  3288  3288 E TLC_BAUTH:   *** ERROR: Open Trustlet Session is failed!!!
02-15 21:55:06.621  3288  3288 E TLC_BAUTH:   *** Detected in BAuth_SessionOpen/531()
02-15 21:55:06.622  3288  3288 E TLC_BAUTH:   *****************************
02-15 21:55:06.622  3288  3288 I tlc_communication: tlc_close() called;149
02-15 21:55:06.622  3288  3288 I tlc_communication: Closing the session;153
02-15 21:55:06.622  3288  3288 E McClient:   *****************************
02-15 21:55:06.622  3288  3288 E McClient:   *** ERROR: Device has not been found
02-15 21:55:06.622  3288  3288 E McClient:   *** Detected in mcCloseSession/906()
02-15 21:55:06.622  3288  3288 E McClient:   *****************************
02-15 21:55:06.622  3288  3288 E tlc_communication:   *****************************
02-15 21:55:06.622  3288  3288 E tlc_communication:   *** ERROR: Closing the Driver session is failed : 7
02-15 21:55:06.622  3288  3288 E tlc_communication:   *** Detected in tlc_close/157()
02-15 21:55:06.622  3288  3288 E tlc_communication:   *****************************
02-15 21:55:06.622  3288  3288 E McClient:   *****************************
02-15 21:55:06.622  3288  3288 E McClient:   *** ERROR: Device has not been found
02-15 21:55:06.622  3288  3288 E McClient:   *** Detected in mcCloseSession/906()
02-15 21:55:06.622  3288  3288 E McClient:   *****************************
02-15 21:55:06.622  3288  3288 E tlc_communication:   *****************************
02-15 21:55:06.622  3288  3288 E tlc_communication:   *** ERROR: Closing the Trustlet session is failed : 7
02-15 21:55:06.622  3288  3288 E tlc_communication:   *** Detected in tlc_close/164()
02-15 21:55:06.622  3288  3288 E tlc_communication:   *****************************
02-15 21:55:06.622  3288  3288 I tlc_communication: Free WSM;171
02-15 21:55:06.622  3288  3288 E McClient:   *****************************
02-15 21:55:06.622  3288  3288 E McClient:   *** ERROR: Device has not been found
02-15 21:55:06.622  3288  3288 E McClient:   *** Detected in mcFreeWsm/1143()
02-15 21:55:06.622  3288  3288 E McClient:   *****************************
02-15 21:55:06.622  3288  3288 E tlc_communication:   *****************************
02-15 21:55:06.622  3288  3288 E tlc_communication:   *** ERROR: Free WSM for Trustlet is failed : 7
02-15 21:55:06.622  3288  3288 E tlc_communication:   *** Detected in tlc_close/175()
02-15 21:55:06.622  3288  3288 E tlc_communication:   *****************************
02-15 21:55:06.622  3288  3288 E McClient:   *****************************
02-15 21:55:06.622  3288  3288 E McClient:   *** ERROR: Device has not been found
02-15 21:55:06.622  3288  3288 E McClient:   *** Detected in mcFreeWsm/1143()
02-15 21:55:06.622  3288  3288 E McClient:   *****************************
02-15 21:55:06.622  3288  3288 E tlc_communication:   *****************************
02-15 21:55:06.622  3288  3288 E tlc_communication:   *** ERROR: Free WSM for Driver is failed : 7
02-15 21:55:06.622  3288  3288 E tlc_communication:   *** Detected in tlc_close/182()
02-15 21:55:06.622  3288  3288 E tlc_communication:   *****************************
02-15 21:55:06.622  3288  3288 I tlc_communication: Closing MobiCore device;189
02-15 21:55:06.622  3288  3288 E McClient:   *****************************
02-15 21:55:06.622  3288  3288 E McClient:   *** ERROR: Device not open
02-15 21:55:06.622  3288  3288 E McClient:   *** Detected in mcCloseDevice/292()
02-15 21:55:06.622  3288  3288 E McClient:   *****************************
02-15 21:55:06.622  3288  3288 E tlc_communication:   *****************************
02-15 21:55:06.622  3288  3288 E tlc_communication:   *** ERROR: Closing MobiCore device is failed : 33
02-15 21:55:06.622  3288  3288 E tlc_communication:   *** Detected in tlc_close/197()
02-15 21:55:06.622  3288  3288 E tlc_communication:   *****************************
02-15 21:55:06.622  3288  3288 I tlc_communication: tlc_close() successed;202
02-15 21:55:06.622  3288  3288 E bauth_FPBAuthService: BAuthSessionOpen Fail
02-15 21:55:06.622  3288  3288 I TLC_BAUTH: Call FUNC ID 0x4;696
02-15 21:55:06.622  3288  3288 I TLC_BAUTH: Trustlet Session is not opened. status : 0;822
02-15 21:55:06.622  3288  3288 I TLC_BAUTH: FUNC ID 0x4 is completed;828
02-15 21:55:06.622  3288  3288 I TLC_BAUTH: FUNC ID 0x2 is completed;463
02-15 21:55:06.622  3288  3288 D bauth_FPBAuthSensorControl: FPBAuthSensorControl, 304
02-15 21:55:06.622  3288  3288 D bauth_FPBAuthService: FPBAuthService, 691
02-15 21:55:06.622  3288  3288 D bauth_FPBAuthService: FPBAuthService, 8352
02-15 21:55:06.622  3288  3288 E bauth_FPBAuthService: sensor_type error : -1
02-15 21:55:06.622  3288  3288 D bauth_FPBAuthSensorControl: FPBAuthSensorControl, 839
02-15 21:55:06.622  3288  3288 D bauth_FPBAuthService: FPBAuthService, 280
02-15 21:55:06.622  3288  3288 D bauth_FPBAuthService: FPBAuthService, 631
02-15 21:55:06.622  3288  3288 D bauth_FPBAuthService: FPBAuthService, 2147
02-15 21:55:06.622  3288  3288 D bauth_FPBAuthService: FPBAuthService, 652
02-15 21:55:06.622  3288  3288 D bauth_FPBAuthSensorControl: FPBAuthSensorControl, 304
02-15 21:55:06.622  3288  3288 D bauth_FPBAuthService: FPBAuthService, 669
02-15 21:55:06.622  3288  3288 D bauth_FPBAuthService: FPBAuthService, 2171
02-15 21:55:06.622  3288  3288 I TLC_BAUTH: FUNC ID 0x1 is completed;437
02-15 21:55:06.622  3288  3288 I TLC_BAUTH: Call FUNC ID 0x3 , 5;477
02-15 21:55:06.622  3288  3288 I tlc_communication: tlc_open() called;82
02-15 21:55:06.622  3288  3288 I tlc_communication: Opening MobiCore device;86
02-15 21:55:06.622  3163  3240 E TeeMcDaemon: Insufficient data arrived [hardware/samsung_slsi/exynos8895/mobicore_kinibi400/Daemon/src/RegistryServer.cpp:404]
02-15 21:55:06.623  3288  3288 E McClient:   *****************************
02-15 21:55:06.623  3288  3288 E McClient:   *** ERROR: reading from Daemon failed
02-15 21:55:06.623  3288  3288 E McClient:   *** Detected in getDaemonVersion/1472()
02-15 21:55:06.623  3288  3288 E McClient:   *****************************
02-15 21:55:06.623  3288  3288 E tlc_communication:   *****************************
02-15 21:55:06.623  3288  3288 E tlc_communication:   *** ERROR: Opening MobiCore device is failed : 15
02-15 21:55:06.623  3288  3288 E tlc_communication:   *** Detected in tlc_open/94()
02-15 21:55:06.623  3288  3288 E tlc_communication:   *****************************
02-15 21:55:06.623  3288  3288 E TLC_BAUTH:   *****************************
02-15 21:55:06.623  3288  3288 E TLC_BAUTH:   *** ERROR: Open Trustlet Session is failed!!!
02-15 21:55:06.623  3288  3288 E TLC_BAUTH:   *** Detected in BAuth_SessionOpen/531()
02-15 21:55:06.623  3288  3288 E TLC_BAUTH:   *****************************
02-15 21:55:06.623  3288  3288 I tlc_communication: tlc_close() called;149
02-15 21:55:06.623  3288  3288 I tlc_communication: Closing the session;153
02-15 21:55:06.623  3288  3288 E McClient:   *****************************
02-15 21:55:06.623  3288  3288 E McClient:   *** ERROR: Device has not been found
02-15 21:55:06.623  3288  3288 E McClient:   *** Detected in mcCloseSession/906()
02-15 21:55:06.623  3288  3288 E McClient:   *****************************
02-15 21:55:06.623  3288  3288 E tlc_communication:   *****************************
02-15 21:55:06.623  3288  3288 E tlc_communication:   *** ERROR: Closing the Driver session is failed : 7
02-15 21:55:06.623  3288  3288 E tlc_communication:   *** Detected in tlc_close/157()
02-15 21:55:06.623  3288  3288 E tlc_communication:   *****************************
02-15 21:55:06.623  3288  3288 E McClient:   *****************************
02-15 21:55:06.623  3288  3288 E McClient:   *** ERROR: Device has not been found
02-15 21:55:06.623  3288  3288 E McClient:   *** Detected in mcCloseSession/906()
02-15 21:55:06.623  3288  3288 E McClient:   *****************************
02-15 21:55:06.623  3288  3288 E tlc_communication:   *****************************
02-15 21:55:06.623  3288  3288 E tlc_communication:   *** ERROR: Closing the Trustlet session is failed : 7
02-15 21:55:06.623  3288  3288 E tlc_communication:   *** Detected in tlc_close/164()
02-15 21:55:06.623  3288  3288 E tlc_communication:   *****************************
02-15 21:55:06.623  3288  3288 I tlc_communication: Free WSM;171
02-15 21:55:06.623  3288  3288 E McClient:   *****************************
02-15 21:55:06.623  3288  3288 E McClient:   *** ERROR: Device has not been found
02-15 21:55:06.623  3288  3288 E McClient:   *** Detected in mcFreeWsm/1143()
02-15 21:55:06.623  3288  3288 E McClient:   *****************************
02-15 21:55:06.623  3288  3288 E tlc_communication:   *****************************
02-15 21:55:06.623  3288  3288 E tlc_communication:   *** ERROR: Free WSM for Trustlet is failed : 7
02-15 21:55:06.623  3288  3288 E tlc_communication:   *** Detected in tlc_close/175()
02-15 21:55:06.623  3288  3288 E tlc_communication:   *****************************
02-15 21:55:06.623  3288  3288 E McClient:   *****************************
02-15 21:55:06.623  3288  3288 E McClient:   *** ERROR: Device has not been found
02-15 21:55:06.623  3288  3288 E McClient:   *** Detected in mcFreeWsm/1143()
02-15 21:55:06.623  3288  3288 E McClient:   *****************************
02-15 21:55:06.623  3288  3288 E tlc_communication:   *****************************
02-15 21:55:06.623  3288  3288 E tlc_communication:   *** ERROR: Free WSM for Driver is failed : 7
02-15 21:55:06.623  3288  3288 E tlc_communication:   *** Detected in tlc_close/182()
02-15 21:55:06.623  3288  3288 E tlc_communication:   *****************************
02-15 21:55:06.623  3288  3288 I tlc_communication: Closing MobiCore device;189
02-15 21:55:06.623  3288  3288 E McClient:   *****************************
02-15 21:55:06.623  3288  3288 E McClient:   *** ERROR: Device not open
02-15 21:55:06.623  3288  3288 E McClient:   *** Detected in mcCloseDevice/292()
02-15 21:55:06.623  3288  3288 E McClient:   *****************************
02-15 21:55:06.623  3288  3288 E tlc_communication:   *****************************
02-15 21:55:06.623  3288  3288 E tlc_communication:   *** ERROR: Closing MobiCore device is failed : 33
02-15 21:55:06.623  3288  3288 E tlc_communication:   *** Detected in tlc_close/197()
02-15 21:55:06.623  3288  3288 E tlc_communication:   *****************************
02-15 21:55:06.623  3288  3288 I tlc_communication: tlc_close() successed;202
02-15 21:55:06.623  3288  3288 E bauth_FPBAuthService: BAuthSessionOpen Fail
02-15 21:55:06.623  3288  3288 D bauth_FPBAuthService: thread id : 3, preenroll_flag : 0, nd cnt : 0, cso : 0
02-15 21:55:06.623  3288  3288 D bauth_FPBAuthService: FPBAuthService, 7695
02-15 21:55:06.623  3288  3288 D bauth_service: BAuthService, 248
02-15 21:55:06.623  3288  3288 D bauth_service: BAuthService, 1691
02-15 21:55:06.624  3288  3288 D bauth_FPBAuthService: FPBAUTH setNotifyCallback
02-15 21:55:06.624  3288  3288 D bauth_FPBAuthService: thread id : 3, preenroll_flag : 0, nd cnt : 0, cso : 0
02-15 21:55:06.624  3288  3288 D bauth_service: BAuthService, 1710
02-15 21:55:06.624  3288  3288 W hw-ProcessState: Opening '/dev/hwbinder' failed: No such file or directory
02-15 21:55:06.624  3288  3288 E hw-ProcessState: Binder driver could not be opened.  Terminating.
02-15 21:55:06.624  3288  3288 E hw-ProcessState: Binder ioctl to set max threads failed: Bad file descriptor
02-15 21:55:06.624  3288  3288 I ServiceManagement: Removing namespace from process name android.hardware.biometrics.fingerprint@2.1-service to fingerprint@2.1.
02-15 21:55:06.624  3288  3288 D bauth_service: BAuthService, 164
02-15 21:55:06.624  3288  3288 D bauth_service: BAuthService, 54
02-15 21:55:06.624  3288  3288 D bauth_FPBAuthService: ~FPBAuthService : Cancel
02-15 21:55:06.624  3288  3288 D bauth_FPBAuthService: FPBAuthService, 7715
02-15 21:55:06.624  3288  3288 D         : scs : 0
02-15 21:55:06.624  3288  3288 E bauth_FPBAuthService: ~FPBAuthService : set_cancel_flags and sleep 200ms
02-15 21:55:06.625     0     0 I         : [7:android.hardwar: 3288] vfsspi_open
02-15 21:55:06.625     0     0 I         : [7:android.hardwar: 3288] vfsspi_ioctl VFSSPI_IOCTL_SET_DRDY_INT
02-15 21:55:06.625     0     0 I         : [7:android.hardwar: 3288] vfsspi_disableIrq
02-15 21:55:06.625     0     0 I         : [7:android.hardwar: 3288] vfsspi_disableIrq DRDY irq already disabled
02-15 21:55:06.625     0     0 I         : [7:android.hardwar: 3288] vfsspi_ioctl VFSSPI_IOCTL_REGISTER_DRDY_SIGNAL
02-15 21:55:06.625     0     0 I         : [7:android.hardwar: 3288] vfsspi_register_drdy_signal Searching task with PID=00000cd8, t = ffffffc86f680000
02-15 21:55:06.625     0     0 I         : [7:android.hardwar: 3288] vfsspi_ioctl VFSSPI_IOCTL_SET_CLK
02-15 21:55:06.625     0     0 I         : [7:android.hardwar: 3288] vfsspi_set_clk ENABLE_SPI_CLOCK 13000000
02-15 21:55:06.625     0     0 I         : [7:android.hardwar: 3288] vfsspi_ioctl VFSSPI_IOCTL_POWER_CONTROL
02-15 21:55:06.625     0     0 I [7:android.hardwar: 3288] vfsspi_regulator_onoff: ldo on
02-15 21:55:06.625     0     0 I         : [7:android.hardwar: 3288] vfsspi_ioctl VFSSPI_IOCTL_SET_CLK
02-15 21:55:06.627     0     0 I [3:           init:    1] init: Service 'audioserver' (pid 3242) killed by signal 1
02-15 21:55:06.627     0     0 I [3:           init:    1] init: Sending signal 9 to service 'audioserver' (pid 3242) process group...
02-15 21:55:06.627     0     0 I         : [7:android.hardwar: 3288] vfsspi_suspend
02-15 21:55:06.627     0     0 I         : [7:android.hardwar: 3288] vfsspi_ioctl VFSSPI_IOCTL_DISABLE_SPI_CLOCK
02-15 21:55:06.627     0     0 I         : [7:android.hardwar: 3288] vfsspi_ioctl VFSSPI_IOCTL_POWER_CONTROL
02-15 21:55:06.627  3328  3328 I crash_dump64: obtaining output fd from tombstoned, type: kDebuggerdTombstone
02-15 21:55:06.627     0     0 I [3:           init:    1] init: Successfully killed process cgroup uid 1041 pid 3242 in 0ms
02-15 21:55:06.627     0     0 I [7:android.hardwar: 3288] vfsspi_regulator_onoff: cs_set smc ret = 0
02-15 21:55:06.627     0     0 I [7:android.hardwar: 3288] vfsspi_regulator_onoff: ldo off
02-15 21:55:06.627     0     0 I [7:android.hardwar: 3288] vfsspi_ioctl: orient is 0(0: normal, 1: upsidedown)
02-15 21:55:06.627     0     0 E [3:           init:    1] init: do_restart: Service audio-hal-2-0 not found
02-15 21:55:06.627     0     0 I         : [7:android.hardwar: 3288] vfsspi_ioctl VFSSPI_IOCTL_POWER_CONTROL
02-15 21:55:06.627     0     0 I [7:android.hardwar: 3288] vfsspi_regulator_onoff: ldo on
02-15 21:55:06.627     0     0 I         : [7:android.hardwar: 3288] vfsspi_ioctl VFSSPI_IOCTL_SET_CLK
02-15 21:55:06.627     0     0 I         : [7:android.hardwar: 3288] vfsspi_set_clk ENABLE_SPI_CLOCK 13000000
02-15 21:55:06.627  3287  3287 I /system/bin/tombstoned: received crash request for pid 3277
02-15 21:55:06.628  3276  3276 D RILD    : RIL_Init argc = 3 clientId = 0
02-15 21:55:06.628  3276  3276 E RILD    : RIL_Init: RilIndex: 0
02-15 21:55:06.628  3276  3276 E RILD    : RIL_Init:  Initialize XML Parser once
02-15 21:55:06.629  3276  3276 E RILD    : RIL_Init: SimCount: 1
02-15 21:55:06.631  3276  3276 E RILD    : Region():
02-15 21:55:06.632  3276  3276 E RILD    : CscSalesCode() / CscCountry() / CscCountryISO() / OmcNwCode()
02-15 21:55:06.632  3276  3276 E RILD    : UpdateNetworkTypeCapability() - Can't use NTC value (NetworkTypeCapability: )
