02-15 21:55:06.632  3276  3276 E RILD    : UpdateNetworkTypeCapability() - buildChar: default, NtcModelCategory: 0, NtcModelType: 0
02-15 21:55:06.632  3276  3276 E RILD    : UpdateNetworkTypeCapability() - Disable NTC_FEATURE_USE_GOOGLEIMS
02-15 21:55:06.633     0     0 I [1:            lhd: 3265] s2m_enable: LDO38 enable (0x63)
02-15 21:55:06.633  3276  3276 E RILD    : RIL_Init: ModelType[LTE]
02-15 21:55:06.633  3276  3276 E RILD    : RIL_Init: phy intf: rmnet_mhi0, gsm net prefix: rmnet
02-15 21:55:06.633  3276  3276 E RILD    : First Ril
02-15 21:55:06.633  3276  3276 E RILD    : LoadLogLevel: Log level is 3.
02-15 21:55:06.633  3276  3276 E RILD    : RIL_Init: version(12)
02-15 21:55:06.633  3276  3276 E RILD    : LazyRilInit
02-15 21:55:06.633  3276  3276 E RILD    : lastestModelType: 2
02-15 21:55:06.633  3276  3276 E RILD    : SecRil(): ModelType: 2
02-15 21:55:06.634  3276  3276 E RILD    : LoadModemConfiguration(): NumModem(1).
02-15 21:55:06.634  3276  3276 E RILD    : Modem config #0: index[0], iftype[3], ifname[/dev/umts_ipc0], mtype[4], proto[1], protover[2], dbg-ifname[IPCDEBUG_UNIX_SOCKET]
02-15 21:55:06.634  3276  3276 E RILD    : Modem config #0: rfsIfName[/dev/umts_rfs0], nvHeader[nv], modemDev[/dev/mbin0], nvSize[1048576], nvDir[/efs] nvOffSet[10485760]
02-15 21:55:06.634  3325  3325 I sysinit : Running /system/etc/init.d/90userinit
02-15 21:55:06.635  3328  3328 I crash_dump64: performing dump of process 3277 (target tid = 3277)
02-15 21:55:06.636  3276  3276 E RILD    : Nv::CheckEfsMountMode: found_rw_fs is 2
02-15 21:55:06.636  3328  3328 F DEBUG   : *** *** *** *** *** *** *** *** *** *** *** *** *** *** *** ***
02-15 21:55:06.636  3276  3276 E RILD    : Nv::isSecureEfsMounted: secure EFS is not mounted
02-15 21:55:06.636  3328  3328 F DEBUG   : LineageOS Version: '15.1-20190215-UNOFFICIAL-dreamlte'
02-15 21:55:06.636  3328  3328 F DEBUG   : Build fingerprint: 'samsung/lineage_dreamlte/dreamlte:8.1.0/OPM7.181205.001/ad581e63ac:userdebug/test-keys'
02-15 21:55:06.636  3328  3328 F DEBUG   : Revision: '0'
02-15 21:55:06.636  3328  3328 F DEBUG   : ABI: 'arm64'
02-15 21:55:06.636  3328  3328 F DEBUG   : pid: 3277, tid: 3277, name: vendor.samsung.  >>> /vendor/bin/hw/vendor.samsung.hardware.gnss@1.0-service <<<
02-15 21:55:06.636  3328  3328 F DEBUG   : signal 6 (SIGABRT), code -6 (SI_TKILL), fault addr --------
02-15 21:55:06.636  3185  3185 D AndroidRuntime: >>>>>> START com.android.internal.os.ZygoteInit uid 0 <<<<<<
02-15 21:55:06.637  3276  3276 E RILD    : Nv::InitNvOffset: index(0) : TOC 	 0x0 	 0x200
02-15 21:55:06.637  3276  3276 E RILD    : Nv::InitNvOffset: index(1) : BOOT 	 0x200 	 0x1EB4
02-15 21:55:06.637  3276  3276 E RILD    : Nv::InitNvOffset: index(2) : MAIN 	 0x20C0 	 0x2498114
02-15 21:55:06.637  3276  3276 E RILD    : Nv::InitNvOffset: index(3) : VSS 	 0x249A1E0 	 0x4842EC
02-15 21:55:06.637  3276  3276 E RILD    : Nv::InitNvOffset: index(4) : NV 	 0x0 	 0x100000
02-15 21:55:06.637  3276  3276 E RILD    : Nv::InitNvOffset: NV
02-15 21:55:06.637  3276  3276 E RILD    : Nv::InitNvOffset: index(5) : OFFSET 	 0x7AA00 	 0x85600
02-15 21:55:06.637  3276  3276 E RILD    : Nv::InitNvOffset: OFFSET
02-15 21:55:06.637  3276  3276 E RILD    : Nv::InitNvOffset: index(6) :  	 0x0 	 0x0
02-15 21:55:06.637  3276  3276 E RILD    : Nv::InitNvOffset: index(7) :  	 0x0 	 0x0
02-15 21:55:06.637  3276  3276 E RILD    : Nv::InitNvOffset: index(8) :  	 0x0 	 0x0
02-15 21:55:06.637  3276  3276 E RILD    : Nv::InitNvOffset: index(9) :  	 0x0 	 0x0
02-15 21:55:06.637  3276  3276 E RILD    : Nv::InitNvOffset: index(10) :  	 0x0 	 0x0
02-15 21:55:06.637  3276  3276 E RILD    : Nv::InitNvOffset: index(11) :  	 0x0 	 0x0
02-15 21:55:06.637  3276  3276 E RILD    : Nv::InitNvOffset: index(12) :  	 0x0 	 0x0
02-15 21:55:06.637  3276  3276 E RILD    : Nv::InitNvOffset: index(13) :  	 0x0 	 0x0
02-15 21:55:06.637  3276  3276 E RILD    : Nv::InitNvOffset: index(14) :  	 0x0 	 0x0
02-15 21:55:06.637  3276  3276 E RILD    : End Of TOC(15)
02-15 21:55:06.637  3276  3276 E RILD    : Nv::LoadNvChecksumState: checksum state 1
02-15 21:55:06.637  3276  3276 E RILD    : Nv::SetChecksumState: on 1
02-15 21:55:06.637  3276  3276 E RILD    : Nv::CopyLogElfs() mNvDefaultDevice - /dev/mbin0
02-15 21:55:06.637  3276  3276 E RILD    : Nv::CopyLogElfs() mLogElfsOffset - 0, mLogElfsSize - 0
02-15 21:55:06.637  3276  3276 E RILD    : Nv::CheckNvDataChecksum: 
02-15 21:55:06.637  3328  3328 F DEBUG   : Abort message: 'Binder driver could not be opened.  Terminating.'
02-15 21:55:06.637  3328  3328 F DEBUG   :     x0   0000000000000000  x1   0000000000000ccd  x2   0000000000000006  x3   0000000000000008
02-15 21:55:06.637  3328  3328 F DEBUG   :     x4   0000000000000000  x5   0000000000000000  x6   0000000000000000  x7   0000008000000000
02-15 21:55:06.637  3328  3328 F DEBUG   :     x8   0000000000000083  x9   b333d53e9560183e  x10  0000000000000000  x11  0000000000000001
02-15 21:55:06.637  3276  3276 E RILD    : Nv::ReadHeader: Writting Count : 0x87980009(-2020081655)
02-15 21:55:06.637  3328  3328 F DEBUG   :     x12  ffffffffffffffff  x13  0000000000000018  x14  ffffffffffffffff  x15  0021fe88678ac93e
02-15 21:55:06.637  3276  3276 E RILD    : Nv::ReadHeader: Item Count : 0x847886(8681606))
02-15 21:55:06.637  3276  3276 E RILD    : Nv::ReadHeader: Data Size : 0x17638(95800) Byte
02-15 21:55:06.637  3328  3328 F DEBUG   :     x16  0000007e069652e8  x17  0000007e068c11cc  x18  59c433e0233f3d73  x19  0000000000000ccd
02-15 21:55:06.637  3328  3328 F DEBUG   :     x20  0000000000000ccd  x21  0000000b17c28d58  x22  0000000b17c28d58  x23  0000007e06f31a40
02-15 21:55:06.638  3328  3328 F DEBUG   :     x24  0000000000000000  x25  0000000000000000  x26  0000000000000000  x27  0000000000000000
02-15 21:55:06.638  3328  3328 F DEBUG   :     x28  0000000000000000  x29  0000007fcb1a7220  x30  0000007e068b69b8
02-15 21:55:06.638  3328  3328 F DEBUG   :     sp   0000007fcb1a71e0  pc   0000007e068b69d4  pstate 0000000060000000
02-15 21:55:06.643  3275  3275 I /vendor/bin/hw/android.hardware.media.omx@1.0-service: mediacodecservice starting
02-15 21:55:06.644  3275  3275 W /vendor/bin/hw/android.hardware.media.omx@1.0-service: libminijail[3275]: allowing syscall: clock_gettime
02-15 21:55:06.644  3275  3275 W /vendor/bin/hw/android.hardware.media.omx@1.0-service: libminijail[3275]: allowing syscall: connect
02-15 21:55:06.644  3275  3275 W /vendor/bin/hw/android.hardware.media.omx@1.0-service: libminijail[3275]: allowing syscall: fcntl64
02-15 21:55:06.644  3275  3275 W /vendor/bin/hw/android.hardware.media.omx@1.0-service: libminijail[3275]: allowing syscall: socket
02-15 21:55:06.644  3275  3275 W /vendor/bin/hw/android.hardware.media.omx@1.0-service: libminijail[3275]: allowing syscall: writev
02-15 21:55:06.645  3328  3328 F DEBUG   : 
02-15 21:55:06.645  3328  3328 F DEBUG   : backtrace:
02-15 21:55:06.645  3275  3275 W /vendor/bin/hw/android.hardware.media.omx@1.0-service: libminijail[3275]: logging seccomp filter failures
02-15 21:55:06.645  3328  3328 F DEBUG   :     #00 pc 000000000001d9d4  /system/lib64/libc.so (abort+104)
02-15 21:55:06.645  3328  3328 F DEBUG   :     #01 pc 0000000000007f20  /system/lib64/liblog.so (__android_log_assert+304)
02-15 21:55:06.645  3328  3328 F DEBUG   :     #02 pc 0000000000075cb8  /system/lib64/libbinder.so (android::ProcessState::ProcessState(char const*)+392)
02-15 21:55:06.645  3328  3328 F DEBUG   :     #03 pc 0000000000075d64  /system/lib64/libbinder.so (android::ProcessState::initWithDriver(char const*)+164)
02-15 21:55:06.645  3275  3275 W hw-ProcessState: Opening '/dev/hwbinder' failed: No such file or directory
02-15 21:55:06.645  3328  3328 F DEBUG   :     #04 pc 0000000000000b68  /system/vendor/bin/hw/vendor.samsung.hardware.gnss@1.0-service (main+40)
02-15 21:55:06.645  3275  3275 E hw-ProcessState: Binder driver could not be opened.  Terminating.
02-15 21:55:06.645  3275  3275 E hw-ProcessState: Binder ioctl to set max threads failed: Bad file descriptor
02-15 21:55:06.645  3328  3328 F DEBUG   :     #05 pc 00000000000a254c  /system/lib64/libc.so (__libc_init+88)
02-15 21:55:06.645  3328  3328 F DEBUG   :     #06 pc 0000000000000aa0  /system/vendor/bin/hw/vendor.samsung.hardware.gnss@1.0-service (do_arm64_start+80)
02-15 21:55:06.646  3275  3275 I /vendor/bin/hw/android.hardware.media.omx@1.0-service: Non-Treble OMX service created.
02-15 21:55:06.647  3274  3333 I /system/bin/storaged: storaged: Start
02-15 21:55:06.650  3185  3185 I zygote  : option[0]=-Xzygote
02-15 21:55:06.650  3185  3185 I zygote  : option[1]=-Xusetombstonedtraces
02-15 21:55:06.650  3185  3185 I zygote  : option[2]=exit
02-15 21:55:06.650  3185  3185 I zygote  : option[3]=vfprintf
02-15 21:55:06.650  3185  3185 I zygote  : option[4]=sensitiveThread
02-15 21:55:06.650  3185  3185 I zygote  : option[5]=-verbose:gc
02-15 21:55:06.650  3185  3185 I zygote  : option[6]=-Xms8m
02-15 21:55:06.650  3185  3185 I zygote  : option[7]=-Xmx512m
02-15 21:55:06.650  3185  3185 I zygote  : option[8]=-XX:HeapGrowthLimit=192m
02-15 21:55:06.650  3185  3185 I zygote  : option[9]=-XX:HeapMinFree=512k
02-15 21:55:06.650  3185  3185 I zygote  : option[10]=-XX:HeapMaxFree=8m
02-15 21:55:06.650  3185  3185 I zygote  : option[11]=-XX:HeapTargetUtilization=0.75
02-15 21:55:06.650  3185  3185 I zygote  : option[12]=-Xusejit:true
02-15 21:55:06.650  3185  3185 I zygote  : option[13]=-Xjitsaveprofilinginfo
02-15 21:55:06.650  3185  3185 I zygote  : option[14]=-agentlib:jdwp=transport=dt_android_adb,suspend=n,server=y
02-15 21:55:06.650  3185  3185 I zygote  : option[15]=-Xlockprofthreshold:500
02-15 21:55:06.650  3185  3185 I zygote  : option[16]=-Ximage-compiler-option
02-15 21:55:06.650  3185  3185 I zygote  : option[17]=--runtime-arg
02-15 21:55:06.650  3185  3185 I zygote  : option[18]=-Ximage-compiler-option
02-15 21:55:06.650  3185  3185 I zygote  : option[19]=-Xms64m
02-15 21:55:06.650  3185  3185 I zygote  : option[20]=-Ximage-compiler-option
02-15 21:55:06.650  3185  3185 I zygote  : option[21]=--runtime-arg
02-15 21:55:06.650  3185  3185 I zygote  : option[22]=-Ximage-compiler-option
02-15 21:55:06.650  3185  3185 I zygote  : option[23]=-Xmx64m
02-15 21:55:06.650  3185  3185 I zygote  : option[24]=-Ximage-compiler-option
02-15 21:55:06.650  3185  3185 I zygote  : option[25]=--compiler-filter=speed
02-15 21:55:06.650  3185  3185 I zygote  : option[26]=-Ximage-compiler-option
02-15 21:55:06.650  3185  3185 I zygote  : option[27]=--image-classes=/system/etc/preloaded-classes
02-15 21:55:06.651  3185  3185 I zygote  : option[28]=-Ximage-compiler-option
02-15 21:55:06.651  3185  3185 I zygote  : option[29]=--compiled-classes=/system/etc/compiled-classes
02-15 21:55:06.651  3185  3185 I zygote  : option[30]=-Ximage-compiler-option
02-15 21:55:06.651  3185  3185 I zygote  : option[31]=--dirty-image-objects=/system/etc/dirty-image-objects
02-15 21:55:06.651  3185  3185 I zygote  : option[32]=-Xcompiler-option
02-15 21:55:06.651  3185  3185 I zygote  : option[33]=--runtime-arg
02-15 21:55:06.651  3185  3185 I zygote  : option[34]=-Xcompiler-option
02-15 21:55:06.651  3185  3185 I zygote  : option[35]=-Xms64m
02-15 21:55:06.651  3185  3185 I zygote  : option[36]=-Xcompiler-option
02-15 21:55:06.651  3185  3185 I zygote  : option[37]=--runtime-arg
02-15 21:55:06.651  3185  3185 I zygote  : option[38]=-Xcompiler-option
02-15 21:55:06.651  3185  3185 I zygote  : option[39]=-Xmx512m
02-15 21:55:06.651  3185  3185 I zygote  : option[40]=-Xcompiler-option
02-15 21:55:06.651  3185  3185 I zygote  : option[41]=--compiler-filter=speed
02-15 21:55:06.651  3185  3185 I zygote  : option[42]=-Ximage-compiler-option
02-15 21:55:06.651  3185  3185 I zygote  : option[43]=--instruction-set-variant=cortex-a53.a57
02-15 21:55:06.651  3185  3185 I zygote  : option[44]=-Xcompiler-option
02-15 21:55:06.651  3185  3185 I zygote  : option[45]=--instruction-set-variant=cortex-a53.a57
02-15 21:55:06.651  3185  3185 I zygote  : option[46]=-Ximage-compiler-option
02-15 21:55:06.651  3185  3185 I zygote  : option[47]=--instruction-set-features=default
02-15 21:55:06.651  3185  3185 I zygote  : option[48]=-Xcompiler-option
02-15 21:55:06.651  3185  3185 I zygote  : option[49]=--instruction-set-features=default
02-15 21:55:06.651  3185  3185 I zygote  : option[50]=-Duser.locale=de-DE
02-15 21:55:06.651  3185  3185 I zygote  : option[51]=--cpu-abilist=armeabi-v7a,armeabi
02-15 21:55:06.651  3185  3185 I zygote  : option[52]=-Xfingerprint:samsung/lineage_dreamlte/dreamlte:8.1.0/OPM7.181205.001/ad581e63ac:userdebug/test-keys
02-15 21:55:06.651     0     0 I [7:           init:    1] init: Service 'recover_radio' (pid 3320) exited with status 0
02-15 21:55:06.652  3276  3276 E RILD    : Nv::CompareCheckSum: Checksum Offset : 0x97648
02-15 21:55:06.652  3276  3276 E RILD    : Nv::CompareCheckSum: Checksum is OK : 0xB965
02-15 21:55:06.652  3276  3276 E RILD    : Nv::CheckNvDataChecksum: check sum NvDataPath valid
02-15 21:55:06.652  3276  3276 E RILD    : Nv::CheckNvDataValidity: 
02-15 21:55:06.652  3276  3276 E RILD    : Nv::IsNvDataSizeValid
02-15 21:55:06.652  3276  3276 E RILD    : Nv::GetChecksumValidityWith: nvdata
02-15 21:55:06.655     0     0 I [0:           init:    1] init: Service 'sysinit' (pid 3181) exited with status 0
02-15 21:55:06.656     0     0 E         : [6:            lhd: 3265] [SSP] set_mcu_power: enable vdd_mcu_1p8(1), is enabled 1
02-15 21:55:06.659     0     0 D [1:    logd.reader: 3073] logd: logdr: UID=1047 GID=1005 PID=3245 n tail=5 logMask=1 pid=3207 start=0ns timeout=0ns
02-15 21:55:06.660     0     0 D [1:    logd.reader: 3073] logd: logdr: UID=1000 GID=1000 PID=3241 n tail=0 logMask=8 pid=3206 start=0ns timeout=0ns
02-15 21:55:06.660     0     0 D [1:    logd.reader: 3073] logd: logdr: UID=1010 GID=1010 PID=3296 n tail=5 logMask=1 pid=3248 start=0ns timeout=0ns
02-15 21:55:06.660     0     0 D [1:    logd.reader: 3073] logd: logdr: UID=1010 GID=1010 PID=3260 n tail=5 logMask=1 pid=3213 start=0ns timeout=0ns
02-15 21:55:06.658  3276  3276 E RILD    : Nv::ComputeChecksum: ComputeChecksum Ok
02-15 21:55:06.661     0     0 D [1:    logd.reader: 3073] logd: logdr: UID=1021 GID=1000 PID=3250 n tail=0 logMask=8 pid=3210 start=0ns timeout=0ns
02-15 21:55:06.661     0     0 D [1:    logd.reader: 3073] logd: logdr: UID=0 GID=0 PID=3323 b tail=0 logMask=7f pid=0 start=0ns timeout=0ns
02-15 21:55:06.659  3276  3276 E RILD    : Nv::GetChecksumValidityWith: checksum OK
02-15 21:55:06.660  3276  3276 E RILD    : create Thread.
02-15 21:55:06.661  3276  3342 E RILD    : Force-exit is required for this thread
02-15 21:55:06.662  3276  3276 E RILD    : fail to remove MDN_FILE
02-15 21:55:06.667  3260  3260 E crash_dump64: unable to connect to activity manager: Connection refused
02-15 21:55:06.668  3245  3245 E crash_dump32: unable to connect to activity manager: Connection refused
02-15 21:55:06.669  3276  3276 E RILD    : chown ENCRYPT_KEY_FILE_PATH ok 
02-15 21:55:06.669  3250  3250 E crash_dump64: unable to connect to activity manager: Connection refused
02-15 21:55:06.672  3241  3241 E crash_dump64: unable to connect to activity manager: Connection refused
02-15 21:55:06.672  3266  3266 D AndroidRuntime: >>>>>> START com.android.internal.os.ZygoteInit uid 0 <<<<<<
02-15 21:55:06.672  3266  3266 I boot_progress_start: 2252
02-15 21:55:06.665     0     0 D [0:    logd.reader: 3073] logd: logdr: UID=1000 GID=1000 PID=3328 n tail=5 logMask=8 pid=3277 start=0ns timeout=0ns
02-15 21:55:06.665     0     0 D [0:    logd.reader: 3073] logd: logdr: UID=1010 GID=1010 PID=3296 n tail=0 logMask=8 pid=3248 start=0ns timeout=0ns
02-15 21:55:06.666     0     0 D [0:    logd.reader: 3073] logd: logdr: UID=1000 GID=1000 PID=3241 n tail=0 logMask=1 pid=3206 start=0ns timeout=0ns
02-15 21:55:06.667     0     0 D [0:    logd.reader: 3073] logd: logdr: UID=1010 GID=1010 PID=3260 n tail=0 logMask=8 pid=3213 start=0ns timeout=0ns
02-15 21:55:06.668     0     0 D [0:    logd.reader: 3073] logd: logdr: UID=1021 GID=1000 PID=3250 n tail=0 logMask=1 pid=3210 start=0ns timeout=0ns
02-15 21:55:06.668     0     0 D [0:    logd.reader: 3073] logd: logdr: UID=1047 GID=1005 PID=3245 n tail=0 logMask=8 pid=3207 start=0ns timeout=0ns
02-15 21:55:06.670     0     0 D [2:    logd.reader: 3073] logd: logdr: UID=1000 GID=1000 PID=3328 n tail=5 logMask=1 pid=3277 start=0ns timeout=0ns
02-15 21:55:06.670     0     0 D [2:    logd.reader: 3073] logd: logdr: UID=1010 GID=1010 PID=3260 n tail=0 logMask=1 pid=3213 start=0ns timeout=0ns
02-15 21:55:06.671     0     0 D [2:    logd.reader: 3073] logd: logdr: UID=1047 GID=1005 PID=3245 n tail=0 logMask=1 pid=3207 start=0ns timeout=0ns
02-15 21:55:06.673     0     0 D [0:    logd.reader: 3073] logd: logdr: UID=1010 GID=1010 PID=3296 n tail=0 logMask=1 pid=3248 start=0ns timeout=0ns
02-15 21:55:06.674     0     0 I [2:           init:    1] init: Service 'wifi_hal_legacy' (pid 3213) killed by signal 6
02-15 21:55:06.674  3276  3276 E RILD    : chown IV_FILE_PATH ok 
02-15 21:55:06.674     0     0 I [2:           init:    1] init: Sending signal 9 to service 'wifi_hal_legacy' (pid 3213) process group...
02-15 21:55:06.674  3296  3296 E crash_dump64: unable to connect to activity manager: Connection refused
02-15 21:55:06.675     0     0 I [2:           init:    1] init: Successfully killed process cgroup uid 1010 pid 3213 in 0ms
02-15 21:55:06.675     0     0 I [2:           init:    1] init: Service 'camera-provider-2-4' (pid 3207) killed by signal 6
02-15 21:55:06.675     0     0 I [2:           init:    1] init: Sending signal 9 to service 'camera-provider-2-4' (pid 3207) process group...
02-15 21:55:06.675     0     0 I [2:           init:    1] init: Successfully killed process cgroup uid 1047 pid 3207 in 0ms
02-15 21:55:06.676     0     0 I [2:           init:    1] init: Untracked pid 3245 exited with status 0
02-15 21:55:06.676     0     0 I [2:           init:    1] init: Untracked pid 3250 exited with status 0
02-15 21:55:06.676     0     0 I [2:           init:    1] init: Untracked pid 3260 exited with status 0
02-15 21:55:06.677     0     0 I [6:           init:    1] init: Service 'gnss_service' (pid 3210) killed by signal 6
02-15 21:55:06.677     0     0 I [6:           init:    1] init: Sending signal 9 to service 'gnss_service' (pid 3210) process group...
02-15 21:55:06.678     0     0 I         : [6:            lhd: 3265] bbd_common_open++
02-15 21:55:06.678     0     0 I         : [6:            lhd: 3265] bbd_control
02-15 21:55:06.678     0     0 I         : [6:            lhd: 3265] bbd_common_open--
02-15 21:55:06.678     0     0 I         : [6:            lhd: 3265] bcm_spi_open++
02-15 21:55:06.678     0     0 I         : [6:            lhd: 3265] wake enabled for irq 301
02-15 21:55:06.678     0     0 I         : [6:            lhd: 3265] bcm_spi_open--
02-15 21:55:06.678     0     0 W [6:            lhd: 3265] bbd_control: BBD:PassThru=1
02-15 21:55:06.678     0     0 W         : [6:            lhd: 3265] [SSPBBD] PatchTimer Start
02-15 21:55:06.678     0     0 W         : [6:            lhd: 3265] bbd_enable_lk timeout:10 sec
02-15 21:55:06.678     0     0 I [6:           init:    1] init: Successfully killed process cgroup uid 1021 pid 3210 in 0ms
02-15 21:55:06.678     0     0 I [6:           init:    1] init: Untracked pid 3241 exited with status 0
02-15 21:55:06.679     0     0 I [2:           init:    1] init: Service 'hidl_memory' (pid 3206) killed by signal 6
02-15 21:55:06.679     0     0 I [2:           init:    1] init: Sending signal 9 to service 'hidl_memory' (pid 3206) process group...
02-15 21:55:06.679     0     0 I [2:           init:    1] init: Successfully killed process cgroup uid 1000 pid 3206 in 0ms
02-15 21:55:06.680     0     0 D [0:    logd.reader: 3073] logd: logdr: UID=1000 GID=1000 PID=3328 n tail=0 logMask=8 pid=3277 start=0ns timeout=0ns
02-15 21:55:06.677  3328  3328 E crash_dump64: unable to connect to activity manager: Connection refused
02-15 21:55:06.677  3287  3287 E /system/bin/tombstoned: Tombstone written to: /data/tombstones/tombstone_00
02-15 21:55:06.679  3276  3276 E RILD    : WritePropertyForMultiSim() Property=ril.ICC_TYPE, Value=0
02-15 21:55:06.679  3276  3276 E RILD    : set ril.initPB with 0
02-15 21:55:06.681     0     0 I [2:           init:    1] init: Untracked pid 3296 exited with status 0
02-15 21:55:06.681     0     0 D [0:    logd.reader: 3073] logd: logdr: UID=1000 GID=1000 PID=3328 n tail=0 logMask=1 pid=3277 start=0ns timeout=0ns
02-15 21:55:06.682     0     0 I [2:           init:    1] init: Service 'wificond' (pid 3248) killed by signal 6
02-15 21:55:06.682     0     0 I [2:           init:    1] init: Sending signal 9 to service 'wificond' (pid 3248) process group...
02-15 21:55:06.682     0     0 I [2:           init:    1] init: Successfully killed process cgroup uid 1010 pid 3248 in 0ms
02-15 21:55:06.683     0     0 I [2:           init:    1] init: Untracked pid 3328 exited with status 0
02-15 21:55:06.684     0     0 I [2:           init:    1] init: Service 'sec_gnss_service' (pid 3277) killed by signal 6
02-15 21:55:06.684     0     0 I [2:           init:    1] init: Sending signal 9 to service 'sec_gnss_service' (pid 3277) process group...
02-15 21:55:06.684     0     0 I [2:           init:    1] init: Successfully killed process cgroup uid 1000 pid 3277 in 0ms
02-15 21:55:06.680  3276  3276 E RILD    : create Thread.
02-15 21:55:06.682  3276  3276 E RILD    : GetInstance(): preModelType : 0, ModelType: 2
02-15 21:55:06.682  3276  3276 E RILD    : [FD] wakelocktime : 0
02-15 21:55:06.682  3276  3276 E RILD    : CreateDataCallList: Interface prefix: rmnet
02-15 21:55:06.687     0     0 I [6:           rild: 3276] mif: store_waketime: multipdp: (0) is not valied, use previous value(500)
02-15 21:55:06.688  3276  3356 E RILD    : Force-exit is required for this thread
02-15 21:55:06.688  3276  3276 E RILD    : Clear Loaded XML file.
02-15 21:55:06.688  3276  3276 E RILD    : [NIF] Clearing IPv4 address.
02-15 21:55:06.688  3276  3276 E RILD    : [NIF] Address is set for rmnet0
02-15 21:55:06.688  3276  3276 E RILD    : [NIF] Clearing all the IPv6 global addresses.
02-15 21:55:06.688  3276  3276 E RILD    : [NIF] Deleting IPv6 default routes.
02-15 21:55:06.688  3276  3276 E RILD    : [NIF] Deleting IPv6 host routes.
02-15 21:55:06.689  3276  3276 E RILD    : [NIF] Interface(rmnet0) is down.
02-15 21:55:06.689  3276  3276 E RILD    : CreateDataCallList: Interface(rmnet0) is added to callList
02-15 21:55:06.690  3276  3276 E RILD    : Clear Loaded XML file.
02-15 21:55:06.690  3276  3276 E RILD    : [NIF] Clearing IPv4 address.
02-15 21:55:06.690  3276  3276 E RILD    : [NIF] Address is set for rmnet1
02-15 21:55:06.690  3276  3276 E RILD    : [NIF] Clearing all the IPv6 global addresses.
02-15 21:55:06.690  3276  3276 E RILD    : [NIF] Deleting IPv6 default routes.
02-15 21:55:06.690  3276  3276 E RILD    : [NIF] Deleting IPv6 host routes.
02-15 21:55:06.690  3276  3276 E RILD    : [NIF] Interface(rmnet1) is down.
02-15 21:55:06.690  3266  3266 I zygote64: option[0]=-Xzygote
02-15 21:55:06.690  3266  3266 I zygote64: option[1]=-Xusetombstonedtraces
02-15 21:55:06.690  3266  3266 I zygote64: option[2]=exit
02-15 21:55:06.690  3266  3266 I zygote64: option[3]=vfprintf
02-15 21:55:06.690  3266  3266 I zygote64: option[4]=sensitiveThread
02-15 21:55:06.691  3266  3266 I zygote64: option[5]=-verbose:gc
02-15 21:55:06.691  3266  3266 I zygote64: option[6]=-Xms8m
02-15 21:55:06.691  3266  3266 I zygote64: option[7]=-Xmx512m
02-15 21:55:06.691  3266  3266 I zygote64: option[8]=-XX:HeapGrowthLimit=192m
02-15 21:55:06.691  3266  3266 I zygote64: option[9]=-XX:HeapMinFree=512k
02-15 21:55:06.691  3266  3266 I zygote64: option[10]=-XX:HeapMaxFree=8m
02-15 21:55:06.691  3266  3266 I zygote64: option[11]=-XX:HeapTargetUtilization=0.75
02-15 21:55:06.691  3266  3266 I zygote64: option[12]=-Xusejit:true
02-15 21:55:06.691  3266  3266 I zygote64: option[13]=-Xjitsaveprofilinginfo
02-15 21:55:06.692     0     0 I         : [0:    kworker/0:1: 1268] (NULL device *): abox_dump_register_buffer_work_func[1]
02-15 21:55:06.691  3266  3266 I zygote64: option[14]=-agentlib:jdwp=transport=dt_android_adb,suspend=n,server=y
02-15 21:55:06.691  3266  3266 I zygote64: option[15]=-Xlockprofthreshold:500
02-15 21:55:06.691  3266  3266 I zygote64: option[16]=-Ximage-compiler-option
02-15 21:55:06.691  3266  3266 I zygote64: option[17]=--runtime-arg
02-15 21:55:06.692     0     0 I         : [3:     wifiloader: 3263] exynos-pcie 116a0000.pcie0: exynos_pcie_poweron, start of poweron, pcie state: 0
02-15 21:55:06.691  3266  3266 I zygote64: option[18]=-Ximage-compiler-option
02-15 21:55:06.691  3266  3266 I zygote64: option[19]=-Xms64m
02-15 21:55:06.691  3266  3266 I zygote64: option[20]=-Ximage-compiler-option
02-15 21:55:06.691  3266  3266 I zygote64: option[21]=--runtime-arg
02-15 21:55:06.692     0     0 E         : [3:     wifiloader: 3263] exynos-pcie 116a0000.pcie0: pcie clk enable, ret value = 0
02-15 21:55:06.691  3266  3266 I zygote64: option[22]=-Ximage-compiler-option
02-15 21:55:06.692     0     0 I         : [3:     wifiloader: 3263] exynos-pcie 116a0000.pcie0: exynos_pcie_establish_link: Before set perst, gpio val = 0
02-15 21:55:06.691  3276  3276 E RILD    : CreateDataCallList: Interface(rmnet1) is added to callList
02-15 21:55:06.692     0     0 I         : [3:     wifiloader: 3263] exynos-pcie 116a0000.pcie0: exynos_pcie_establish_link: After set perst, gpio val = 1
02-15 21:55:06.691  3266  3266 I zygote64: option[23]=-Xmx64m
02-15 21:55:06.691  3266  3266 I zygote64: option[24]=-Ximage-compiler-option
02-15 21:55:06.691  3266  3266 I zygote64: option[25]=--compiler-filter=speed
02-15 21:55:06.691  3266  3266 I zygote64: option[26]=-Ximage-compiler-option
02-15 21:55:06.691  3266  3266 I zygote64: option[27]=--image-classes=/system/etc/preloaded-classes
02-15 21:55:06.691  3266  3266 I zygote64: option[28]=-Ximage-compiler-option
02-15 21:55:06.691  3266  3266 I zygote64: option[29]=--compiled-classes=/system/etc/compiled-classes
02-15 21:55:06.691  3266  3266 I zygote64: option[30]=-Ximage-compiler-option
02-15 21:55:06.691  3266  3266 I zygote64: option[31]=--dirty-image-objects=/system/etc/dirty-image-objects
02-15 21:55:06.691  3266  3266 I zygote64: option[32]=-Xcompiler-option
02-15 21:55:06.691  3266  3266 I zygote64: option[33]=--runtime-arg
02-15 21:55:06.691  3266  3266 I zygote64: option[34]=-Xcompiler-option
02-15 21:55:06.691  3266  3266 I zygote64: option[35]=-Xms64m
02-15 21:55:06.691  3266  3266 I zygote64: option[36]=-Xcompiler-option
02-15 21:55:06.691  3266  3266 I zygote64: option[37]=--runtime-arg
02-15 21:55:06.691  3266  3266 I zygote64: option[38]=-Xcompiler-option
02-15 21:55:06.691  3266  3266 I zygote64: option[39]=-Xmx512m
02-15 21:55:06.691  3266  3266 I zygote64: option[40]=-Xcompiler-option
02-15 21:55:06.691  3266  3266 I zygote64: option[41]=--compiler-filter=speed
02-15 21:55:06.691  3266  3266 I zygote64: option[42]=-Ximage-compiler-option
02-15 21:55:06.691  3266  3266 I zygote64: option[43]=--instruction-set-variant=generic
02-15 21:55:06.691  3266  3266 I zygote64: option[44]=-Xcompiler-option
02-15 21:55:06.691  3266  3266 I zygote64: option[45]=--instruction-set-variant=generic
02-15 21:55:06.691  3266  3266 I zygote64: option[46]=-Ximage-compiler-option
02-15 21:55:06.691  3266  3266 I zygote64: option[47]=--instruction-set-features=default
02-15 21:55:06.691  3266  3266 I zygote64: option[48]=-Xcompiler-option
02-15 21:55:06.691  3266  3266 I zygote64: option[49]=--instruction-set-features=default
02-15 21:55:06.691  3266  3266 I zygote64: option[50]=-Duser.locale=de-DE
02-15 21:55:06.691  3266  3266 I zygote64: option[51]=--cpu-abilist=arm64-v8a
02-15 21:55:06.691  3266  3266 I zygote64: option[52]=-Xfingerprint:samsung/lineage_dreamlte/dreamlte:8.1.0/OPM7.181205.001/ad581e63ac:userdebug/test-keys
02-15 21:55:06.692  3276  3276 E RILD    : Clear Loaded XML file.
02-15 21:55:06.692  3276  3276 E RILD    : [NIF] Clearing IPv4 address.
02-15 21:55:06.692  3276  3276 E RILD    : [NIF] Address is set for rmnet2
02-15 21:55:06.692  3276  3276 E RILD    : [NIF] Clearing all the IPv6 global addresses.
02-15 21:55:06.692  3276  3276 E RILD    : [NIF] Deleting IPv6 default routes.
02-15 21:55:06.692  3276  3276 E RILD    : [NIF] Deleting IPv6 host routes.
02-15 21:55:06.692  3276  3276 E RILD    : [NIF] Interface(rmnet2) is down.
02-15 21:55:06.692  3276  3276 E RILD    : CreateDataCallList: Interface(rmnet2) is added to callList
02-15 21:55:06.695  3276  3276 E RILD    : Clear Loaded XML file.
02-15 21:55:06.695  3276  3276 E RILD    : [NIF] Clearing IPv4 address.
02-15 21:55:06.695  3276  3276 E RILD    : [NIF] Address is set for rmnet3
02-15 21:55:06.695  3276  3276 E RILD    : [NIF] Clearing all the IPv6 global addresses.
02-15 21:55:06.695  3276  3276 E RILD    : [NIF] Deleting IPv6 default routes.
02-15 21:55:06.695  3276  3276 E RILD    : [NIF] Deleting IPv6 host routes.
02-15 21:55:06.695  3276  3276 E RILD    : [NIF] Interface(rmnet3) is down.
02-15 21:55:06.696  3276  3276 E RILD    : CreateDataCallList: Interface(rmnet3) is added to callList
02-15 21:55:06.696  3272  3272 I mediametrics: ServiceManager: 0x7342c3e680
02-15 21:55:06.696  3272  3272 D MediaAnalyticsService: MediaAnalyticsService created
02-15 21:55:06.697  3272  3272 D MediaAnalyticsService: MediaAnalyticsService::newSummarizerSet
02-15 21:55:06.698  3276  3276 E RILD    : Clear Loaded XML file.
02-15 21:55:06.698  3276  3276 E RILD    : [NIF] Clearing IPv4 address.
02-15 21:55:06.698  3276  3276 E RILD    : [NIF] Address is set for rmnet4
02-15 21:55:06.698  3276  3276 E RILD    : [NIF] Clearing all the IPv6 global addresses.
02-15 21:55:06.698  3276  3276 E RILD    : [NIF] Deleting IPv6 default routes.
02-15 21:55:06.698  3276  3276 E RILD    : [NIF] Deleting IPv6 host routes.
02-15 21:55:06.698  3276  3276 E RILD    : [NIF] Interface(rmnet4) is down.
02-15 21:55:06.699  3276  3276 E RILD    : CreateDataCallList: Interface(rmnet4) is added to callList
02-15 21:55:06.700  3276  3276 E RILD    : CreateDataCallList: Interface prefix: rmnet
02-15 21:55:06.702  3276  3276 E RILD    : Clear Loaded XML file.
02-15 21:55:06.702  3276  3276 E RILD    : [NIF] Clearing IPv4 address.
02-15 21:55:06.702  3276  3276 E RILD    : [NIF] Address is set for rmnet0
02-15 21:55:06.702  3276  3276 E RILD    : [NIF] Clearing all the IPv6 global addresses.
02-15 21:55:06.702  3276  3276 E RILD    : [NIF] Deleting IPv6 default routes.
02-15 21:55:06.702  3276  3276 E RILD    : [NIF] Deleting IPv6 host routes.
02-15 21:55:06.703  3276  3276 E RILD    : [NIF] Interface(rmnet0) is down.
02-15 21:55:06.703  3276  3276 E RILD    : CreateDataCallList: Interface(rmnet0) is added to callList
02-15 21:55:06.704  3276  3276 E RILD    : Clear Loaded XML file.
02-15 21:55:06.704  3276  3276 E RILD    : [NIF] Clearing IPv4 address.
02-15 21:55:06.704  3276  3276 E RILD    : [NIF] Address is set for rmnet1
02-15 21:55:06.704  3276  3276 E RILD    : [NIF] Clearing all the IPv6 global addresses.
02-15 21:55:06.704  3276  3276 E RILD    : [NIF] Deleting IPv6 default routes.
02-15 21:55:06.704  3276  3276 E RILD    : [NIF] Deleting IPv6 host routes.
02-15 21:55:06.704  3276  3276 E RILD    : [NIF] Interface(rmnet1) is down.
02-15 21:55:06.704  3276  3276 E RILD    : CreateDataCallList: Interface(rmnet1) is added to callList
02-15 21:55:06.705  3276  3276 E RILD    : Clear Loaded XML file.
02-15 21:55:06.705  3276  3276 E RILD    : [NIF] Clearing IPv4 address.
02-15 21:55:06.705  3276  3276 E RILD    : [NIF] Address is set for rmnet2
02-15 21:55:06.705  3276  3276 E RILD    : [NIF] Clearing all the IPv6 global addresses.
02-15 21:55:06.705  3276  3276 E RILD    : [NIF] Deleting IPv6 default routes.
02-15 21:55:06.705  3276  3276 E RILD    : [NIF] Deleting IPv6 host routes.
02-15 21:55:06.705  3276  3276 E RILD    : [NIF] Interface(rmnet2) is down.
02-15 21:55:06.705  3276  3276 E RILD    : CreateDataCallList: Interface(rmnet2) is added to callList
02-15 21:55:06.706  3276  3276 E RILD    : Clear Loaded XML file.
02-15 21:55:06.706  3276  3276 E RILD    : [NIF] Clearing IPv4 address.
02-15 21:55:06.706  3276  3276 E RILD    : [NIF] Address is set for rmnet3
02-15 21:55:06.706  3276  3276 E RILD    : [NIF] Clearing all the IPv6 global addresses.
02-15 21:55:06.706  3276  3276 E RILD    : [NIF] Deleting IPv6 default routes.
02-15 21:55:06.706  3276  3276 E RILD    : [NIF] Deleting IPv6 host routes.
02-15 21:55:06.706  3276  3276 E RILD    : [NIF] Interface(rmnet3) is down.
02-15 21:55:06.706  3276  3276 E RILD    : CreateDataCallList: Interface(rmnet3) is added to callList
02-15 21:55:06.707  3276  3276 E RILD    : Clear Loaded XML file.
02-15 21:55:06.707  3276  3276 E RILD    : [NIF] Clearing IPv4 address.
02-15 21:55:06.707  3276  3276 E RILD    : [NIF] Address is set for rmnet4
02-15 21:55:06.707  3276  3276 E RILD    : [NIF] Clearing all the IPv6 global addresses.
02-15 21:55:06.707  3276  3276 E RILD    : [NIF] Deleting IPv6 default routes.
02-15 21:55:06.707  3276  3276 E RILD    : [NIF] Deleting IPv6 host routes.
02-15 21:55:06.708  3276  3276 E RILD    : [NIF] Interface(rmnet4) is down.
02-15 21:55:06.708  3276  3276 E RILD    : CreateDataCallList: Interface(rmnet4) is added to callList
02-15 21:55:06.708  3276  3276 E RILD    : Handlers registered
02-15 21:55:06.708  3276  3276 E RILD    : manager objects are created.
02-15 21:55:06.708  3276  3276 E RILD    : Init() plmn file = /vendor/etc/plmn_se13.bin
02-15 21:55:06.709  3276  3276 E RILD    : IsValidPath() Overflow Length: 0 
02-15 21:55:06.710  3276  3276 E RILD    : ReadDeltaFile - PLMN OMC delta dosen't exist(/system/omc//etc/plmn_delta.bin)
02-15 21:55:06.710  3276  3276 E RILD    : ReadDeltaFile - PLMN platform delta doesn't exist(/vendor/etc/plmn_delta_.bin)
02-15 21:55:06.710  3276  3276 E RILD    : ReadDeltaFile - Use PLMN default delta(/vendor/etc/plmn_delta.bin)
02-15 21:55:06.711  3276  3276 E RILD    : Init() PLMN BaseSize: 1016, DeltaSize: 356
02-15 21:55:06.712     0     0 E         : [0:     wifiloader: 3263] exynos-pcie 116a0000.pcie0: phy clk enable, ret value = 0
02-15 21:55:06.713     0     0 I         : [0:     wifiloader: 3263] exynos-pcie 116a0000.pcie0: D state: 0, e5c500
02-15 21:55:06.713     0     0 I         : [0:     wifiloader: 3263] exynos-pcie 116a0000.pcie0: exynos_pcie_establish_link: Link up:11
02-15 21:55:06.713     0     0 D         : [0:     wifiloader: 3263] pci 0000:01:00.0: [14e4:441f] type 00 class 0x028000
02-15 21:55:06.713     0     0 D         : [0:     wifiloader: 3263] pci 0000:01:00.0: reg 0x10: [mem 0x00000000-0x00007fff 64bit]
02-15 21:55:06.713     0     0 D         : [0:     wifiloader: 3263] pci 0000:01:00.0: reg 0x18: [mem 0x00000000-0x003fffff 64bit]
02-15 21:55:06.714     0     0 D         : [0:     wifiloader: 3263] pci 0000:01:00.0: supports D1 D2
02-15 21:55:06.714     0     0 D         : [0:     wifiloader: 3263] pci 0000:01:00.0: PME# supported from D0 D1 D2 D3hot D3cold
02-15 21:55:06.715     0     0 I         : [0:     wifiloader: 3263] pcieport 0000:00:00.0: BAR 8: assigned [mem 0x11800000-0x11bfffff]
02-15 21:55:06.715     0     0 I         : [0:     wifiloader: 3263] pci 0000:01:00.0: BAR 2: assigned [mem 0x11800000-0x11afffff 64bit]
02-15 21:55:06.715     0     0 I         : [0:     wifiloader: 3263] pci 0000:01:00.0: BAR 0: assigned [mem 0x11b00000-0x11b07fff 64bit]
02-15 21:55:06.715     0     0 W         : [0:     wifiloader: 3263] [quirk_pci_async_suspend] async suspend disabled
02-15 21:55:06.715     0     0 E         : [0:     wifiloader: 3263] exynos-pcie 116a0000.pcie0: l1ss enabled(0x0)
02-15 21:55:06.716     0     0 I         : [0:     wifiloader: 3263] exynos-pcie 116a0000.pcie0: exynos_pcie_poweron, end of poweron, pcie state: 3
02-15 21:55:06.716     0     0 E [0:     wifiloader: 3263] dhd_init_wlan_mem: WIFI MEM Allocated
02-15 21:55:06.716     0     0 W         : [0:     wifiloader: 3263] dhd_module_init in
02-15 21:55:06.717     0     0 W [0:     wifiloader: 3263] PCI_PROBE: bus 1, slot 0,vendor 14E4, device 441F(good PCI location)
02-15 21:55:06.717     0     0 W [0:     wifiloader: 3263] dhdpcie_init: found adapter info 'DHD generic adapter'
02-15 21:55:06.717     0     0 W         : [0:     wifiloader: 3263] alloc static buf at ffffffc86e200000!
02-15 21:55:06.717     0     0 I         : [0:     wifiloader: 3263] pcieh 0000:01:00.0: enabling device (0000 -> 0002)
02-15 21:55:06.717     0     0 I         : [0:     wifiloader: 3263] Before changing BAR0
02-15 21:55:06.717     0     0 I         : [0:     wifiloader: 3263] CMD Register = 0x100002,
02-15 21:55:06.718     0     0 I         : [0:     wifiloader: 3263] BAR0 = 0x11b00004
02-15 21:55:06.718     0     0 I         : [0:     wifiloader: 3263] Change BAR0 to fit 0x11C00000
02-15 21:55:06.718     0     0 I         : [0:     wifiloader: 3263] BAR0 retry code added.
02-15 21:55:06.718     0     0 I         : [0:     wifiloader: 3263] After changing BAR0
02-15 21:55:06.718     0     0 I         : [0:     wifiloader: 3263] CMD Register = 0x100002,
02-15 21:55:06.718     0     0 I         : [0:     wifiloader: 3263] BAR0 = 0x11c00004
02-15 21:55:06.728     0     0 W [6:     wifiloader: 3263] DHD: dongle ram size is set to 1376256(orig 1376256) at 0x170000
02-15 21:55:06.728     0     0 W [6:     wifiloader: 3263] dhd_pktid_map_init: 1515: pktid_audit init succeeded 1025
02-15 21:55:06.728     0     0 W [6:     wifiloader: 3263] dhd_pktid_map_init: 1515: pktid_audit init succeeded 1025
02-15 21:55:06.728     0     0 W [6:     wifiloader: 3263] dhd_pktid_map_init: 1515: pktid_audit init succeeded 6145
02-15 21:55:06.728     0     0 I         : [6:     wifiloader: 3263] CFG80211-INFO2) wl_setup_wiphy : Registering Vendor80211
02-15 21:55:06.725  3276  3276 E RILD    : mVolteCallOnEpdg: 0, mImsPdnConnected: 0
02-15 21:55:06.725  3276  3276 E RILD    : Start, NetlinkUtils thread Started
02-15 21:55:06.725  3276  3276 E RILD    : create Thread.
02-15 21:55:06.725  3276  3276 E RILD    : DefRoute for rmnet0 is disabled
02-15 21:55:06.725  3276  3276 E RILD    : DefRoute for rmnet1 is disabled
02-15 21:55:06.725  3276  3276 E RILD    : DefRoute for rmnet2 is disabled
02-15 21:55:06.725  3276  3276 E RILD    : DefRoute for rmnet3 is disabled
02-15 21:55:06.725  3276  3276 E RILD    : DefRoute for rmnet4 is disabled
02-15 21:55:06.725  3276  3276 E RILD    : DisableAutoConfig():
02-15 21:55:06.725  3276  3276 E RILD    : autoconf for rmnet0 is disabled.
02-15 21:55:06.725  3276  3276 E RILD    : autoconf for rmnet1 is disabled.
02-15 21:55:06.725  3276  3276 E RILD    : autoconf for rmnet2 is disabled.
02-15 21:55:06.725  3276  3276 E RILD    : autoconf for rmnet3 is disabled.
02-15 21:55:06.725  3276  3276 E RILD    : autoconf for rmnet4 is disabled.
02-15 21:55:06.725  3276  3276 E RILD    : AcceptRa is set to 2 for rmnet0.
02-15 21:55:06.725  3276  3276 E RILD    : AcceptRa is set to 2 for rmnet1.
02-15 21:55:06.725  3276  3276 E RILD    : AcceptRa is set to 2 for rmnet2.
02-15 21:55:06.725  3276  3276 E RILD    : AcceptRa is set to 2 for rmnet3.
02-15 21:55:06.725  3276  3276 E RILD    : AcceptRa is set to 2 for rmnet4.
02-15 21:55:06.725  3276  3276 E RILD    : getSimbasedChangeType: prop set NONE
02-15 21:55:06.725  3276  3276 E RILD    : getSimbasedChangeType: feature set NONE,DISABLED
02-15 21:55:06.725  3276  3276 E RILD    : getSimbasedChangeType: token0 NONE
02-15 21:55:06.725  3276  3276 E RILD    : getSimbasedChangeType: token1 DISABLED
02-15 21:55:06.726  3276  3276 E RILD    : Initialize(): Is initialized: 0
02-15 21:55:06.726  3276  3276 E RILD    : create Thread.
02-15 21:55:06.726  3276  3276 E RILD    : create Thread.
02-15 21:55:06.726  3276  3276 E RILD    : Wait boot ready
02-15 21:55:06.726  3276  3276 E RILD    : Modem status[waiting: 0x4, current: 0x0]
02-15 21:55:06.730     0     0 E [5:           rild: 3276] mif: misc_open: umts_boot0 (opened 1) by rild
02-15 21:55:06.728  3276  3366 E RILD    : Force-exit is required for this thread
02-15 21:55:06.728  3276  3366 E RILD    : Run(): NetlinkUtilsRunnable
02-15 21:55:06.728  3276  3367 E RILD    : Force-exit is required for this thread
02-15 21:55:06.728  3276  3367 E RILD    : GC-MGR(4): evt(219)
02-15 21:55:06.728  3276  3367 E RILD    : OnDataCallStateChanged() - data call is null
02-15 21:55:06.728  3276  3367 E RILD    : LEDC-MGR(9): evt(10001)
02-15 21:55:06.733     0     0 W [6:     wifiloader: 3263] p2p0: P2P Interface Registered
02-15 21:55:06.728  3276  3367 E RILD    : OnPsRegistrationStateChanged
02-15 21:55:06.729  3276  3368 E RILD    : Force-exit is required for this thread
02-15 21:55:06.733     0     0 W [6:     wifiloader: 3263] dhd_init_logstrs_array: Failed to open the file /data/misc/conn/logstrs.bin
02-15 21:55:06.733     0     0 W [6:     wifiloader: 3263] dhd_attach(): thread:dhd_watchdog_thread:d2d started
02-15 21:55:06.734     0     0 W [6:     wifiloader: 3263] dhd_attach(): thread:dhd_rpm_state_thread:d2e started
02-15 21:55:06.734     0     0 W [6:     wifiloader: 3263] dhd_deferred_work_init: work queue initialized
02-15 21:55:06.734     0     0 W         : [6:     wifiloader: 3263] dhd_tcpack_suppress_set 349: already set to 0
02-15 21:55:06.734     0     0 W         : [6:     wifiloader: 3263] dhd_cpumasks_init CPU masks primary(big)=0xf0 secondary(little)=0xe
02-15 21:55:06.734     0     0 I         : [6:     wifiloader: 3263] exynos-pcie 116a0000.pcie0: Event 0x1 is registered for RC 0
02-15 21:55:06.734     0     0 W [6:     wifiloader: 3263] dhdpcie_irq_enabled: depth:0
02-15 21:55:06.734     0     0 W         : [6:     wifiloader: 3263] Dongle Host Driver, version 1.77.17.2 (r)
02-15 21:55:06.734     0     0 W         : [6:     wifiloader: 3263] Compiled in drivers/net/wireless/bcmdhd4361 on Feb 15 2019 at 21:47:29
02-15 21:55:06.734     0     0 W         : [6:     wifiloader: 3263] Register interface [wlan0]  MAC: 00:e1:da
02-15 21:55:06.734     0     0 W         : [6:     wifiloader: 3263]
02-15 21:55:06.735     0     0 W         : [6:     wifiloader: 3263] dhd_tcpack_suppress_set 349: already set to 0
02-15 21:55:06.735     0     0 W [6:     wifiloader: 3263] dhd_wl_ioctl: returning as busstate=0
02-15 21:55:06.735     0     0 W [6:     wifiloader: 3263] dhd_bus_devreset: == Power OFF ==
02-15 21:55:06.735     0     0 W [6:     wifiloader: 3263] dhdpcie_oob_intr_unregister: irq is not registered
02-15 21:55:06.735     0     0 W [6:     wifiloader: 3263] dhd_dpc_kill: tasklet disabled
02-15 21:55:06.731  3271  3271 V MediaUtils: physMem: 3645902848
02-15 21:55:06.731  3271  3271 V MediaUtils: requested limit: 729180560
02-15 21:55:06.731  3271  3271 V MediaUtils: cfi shadow size: 2147483648
02-15 21:55:06.731  3271  3271 V MediaUtils: actual limit: 2876664208
02-15 21:55:06.731  3271  3271 V MediaUtils: original limits: -1/-1
02-15 21:55:06.731  3271  3271 V MediaUtils: new limits: 2876664208/-1
02-15 21:55:06.731  3271  3271 D vndksupport: Loading libutils.so from current namespace instead of sphal namespace.
02-15 21:55:06.732  3271  3271 W /system/bin/mediaextractor: libminijail[3271]: allowing syscall: connect
02-15 21:55:06.732  3271  3271 W /system/bin/mediaextractor: libminijail[3271]: allowing syscall: fcntl
02-15 21:55:06.732  3271  3271 W /system/bin/mediaextractor: libminijail[3271]: allowing syscall: sendto
02-15 21:55:06.732  3271  3271 W /system/bin/mediaextractor: libminijail[3271]: allowing syscall: socket
02-15 21:55:06.732  3271  3271 W /system/bin/mediaextractor: libminijail[3271]: allowing syscall: writev
02-15 21:55:06.732  3271  3271 W /system/bin/mediaextractor: libminijail[3271]: compile_file: nonexistent syscall '_llseek'
02-15 21:55:06.732  3271  3271 W /system/bin/mediaextractor: libminijail[3271]: compile_file: nonexistent syscall 'geteuid32'
02-15 21:55:06.732  3271  3271 W /system/bin/mediaextractor: libminijail[3271]: compile_file: nonexistent syscall 'getgid32'
02-15 21:55:06.732  3271  3271 W /system/bin/mediaextractor: libminijail[3271]: compile_file: nonexistent syscall 'getegid32'
02-15 21:55:06.732  3271  3271 W /system/bin/mediaextractor: libminijail[3271]: logging seccomp filter failures
02-15 21:55:06.737     0     0 W [6:     wifiloader: 3263] dhd_bus_devreset: WLAN OFF Done
02-15 21:55:06.737     0     0 W         : [6:     wifiloader: 3263] wifi_platform_set_power = 0
02-15 21:55:06.737     0     0 I         : [6:     wifiloader: 3263] ------------------------------------------------
02-15 21:55:06.737     0     0 I         : [6:     wifiloader: 3263] ------------------------------------------------
02-15 21:55:06.737     0     0 I         : [6:     wifiloader: 3263] dhd_wlan_power Enter: power off
02-15 21:55:06.737     0     0 I         : [6:     wifiloader: 3263] exynos-pcie 116a0000.pcie0: exynos_pcie_poweroff, start of poweroff, pcie state: 3
02-15 21:55:06.737     0     0 I         : [6:     wifiloader: 3263] exynos-pcie 116a0000.pcie0: exynos_pcie_send_pme_turn_off: link state:14
02-15 21:55:06.737     0     0 E         : [6:     wifiloader: 3263] exynos-pcie 116a0000.pcie0: ack message is ok
02-15 21:55:06.737     0     0 E         : [6:     wifiloader: 3263] exynos-pcie 116a0000.pcie0: received Enter_L23_READY DLLP packet
02-15 21:55:06.737     0     0 I         : [6:     wifiloader: 3263] exynos-pcie 116a0000.pcie0: exynos_pcie_poweroff: Before set perst, gpio val = 1
02-15 21:55:06.737     0     0 I         : [6:     wifiloader: 3263] exynos-pcie 116a0000.pcie0: exynos_pcie_poweroff: After set perst, gpio val = 0
02-15 21:55:06.738     0     0 I         : [6:     wifiloader: 3263] exynos-pcie 116a0000.pcie0: exynos_pcie_poweroff, end of poweroff, pcie state: 0
02-15 21:55:06.749  3264  3264 D boot    : cbd: start_shannon310_boot: NV validation done
02-15 21:55:06.749  3264  3264 D boot    : cbd: boot_wake_lock: /sys/power/wake_lock/ss310
02-15 21:55:06.749  3264  3264 D boot    : cbd: start_shannon310_boot: Prepare arguments, read TOC, check NV
02-15 21:55:06.754     0     0 E [7:            cbd: 3264] mif: cbd: start_shannon310_boot: NV validation done
02-15 21:55:06.750  3264  3264 D boot    : cbd: std_boot_prepare_args: DEV(/dev/umts_boot0) opened (fd 6)
02-15 21:55:06.754     0     0 E [7:            cbd: 3264] mif: cbd: boot_wake_lock: /sys/power/wake_lock/ss310
02-15 21:55:06.754     0     0 E [7:            cbd: 3264] mif: cbd: start_shannon310_boot: Prepare arguments, read TOC, check NV
02-15 21:55:06.750  3264  3264 D boot    : cbd: prepare_boot_args: BIN(/dev/block/platform/11120000.ufs/by-name/RADIO) opened (fd 7)
02-15 21:55:06.754     0     0 E [7:            cbd: 3264] mif: misc_open: umts_boot0 (opened 2) by cbd
02-15 21:55:06.754     0     0 E [7:            cbd: 3264] mif: cbd: std_boot_prepare_args: DEV(/dev/umts_boot0) opened (fd 6)
02-15 21:55:06.754     0     0 E [7:            cbd: 3264] mif: cbd: prepare_boot_args: BIN(/dev/block/platform/11120000.ufs/by-name/RADIO) opened (fd 7)
02-15 21:55:06.750  3264  3264 D boot    : cbd: prepare_boot_args: toc[0].name = TOC, b_off=0, m_off=0, size=512
02-15 21:55:06.750  3264  3264 D boot    : cbd: prepare_boot_args: toc[1].name = BOOT, b_off=512, m_off=1073741824, size=7860
02-15 21:55:06.750  3264  3264 D boot    : cbd: prepare_boot_args: toc[2].name = MAIN, b_off=8384, m_off=1073807360, size=38371604
02-15 21:55:06.750  3264  3264 D boot    : cbd: prepare_boot_args: toc[3].name = VSS, b_off=38380000, m_off=1201668096, size=4735724
02-15 21:55:06.755     0     0 E [7:            cbd: 3264] mif: cbd: prepare_boot_args: toc[0].name = TOC, b_off=0, m_off=0, size=512
02-15 21:55:06.750  3264  3264 D boot    : cbd: prepare_boot_args: toc[4].name = NV, b_off=0, m_off=1167065088, size=1048576
02-15 21:55:06.755     0     0 E [7:            cbd: 3264] mif: cbd: prepare_boot_args: toc[1].name = BOOT, b_off=512, m_off=1073741824, size=7860
02-15 21:55:06.750  3264  3264 D boot    : cbd: prepare_boot_args: NV(/efs/nv_data.bin) opened (fd 8)
02-15 21:55:06.750  3264  3264 D boot    : cbd: build_std_dload_control: stage=0, name:BOOT b_off=512, m_offset=0 b_size=7860
02-15 21:55:06.755     0     0 E [7:            cbd: 3264] mif: cbd: prepare_boot_args: toc[2].name = MAIN, b_off=8384, m_off=1073807360, size=38371604
02-15 21:55:06.750  3264  3264 D boot    : cbd: build_std_dload_control: stage=1, name:MAIN b_off=8384, m_offset=65536 b_size=38371604
02-15 21:55:06.750  3264  3264 D boot    : cbd: build_std_dload_control: stage=2, name:VSS b_off=38380000, m_offset=127926272 b_size=4735724
02-15 21:55:06.750  3264  3264 D boot    : cbd: build_std_dload_control: stage=3, name:NV b_off=0, m_offset=93323264 b_size=1048576
02-15 21:55:06.750  3264  3264 D boot    : cbd: check_srinfo_last: check_srinfo_last: full_path: /data/log/err/last_sr_info_umts
02-15 21:55:06.755     0     0 E [7:            cbd: 3264] mif: cbd: prepare_boot_args: toc[3].name = VSS, b_off=38380000, m_off=1201668096, size=4735724
02-15 21:55:06.755     0     0 E [7:            cbd: 3264] mif: cbd: prepare_boot_args: toc[4].name = NV, b_off=0, m_off=1167065088, size=1048576
02-15 21:55:06.755     0     0 E [7:            cbd: 3264] mif: cbd: prepare_boot_args: NV(/efs/nv_data.bin) opened (fd 8)
02-15 21:55:06.755     0     0 E [7:            cbd: 3264] mif: cbd: build_std_dload_control: stage=0, name:BOOT b_off=512, m_offset=0 b_size=7860
02-15 21:55:06.755     0     0 E [7:            cbd: 3264] mif: cbd: build_std_dload_control: stage=1, name:MAIN b_off=8384, m_offset=65536 b_size=38371604
02-15 21:55:06.755     0     0 E [7:            cbd: 3264] mif: cbd: build_std_dload_control: stage=2, name:VSS b_off=38380000, m_offset=127926272 b_size=4735724
