02-15 21:55:06.259  3163  3163 I TeeMcDaemon: driver version: v6.3 [hardware/samsung_slsi/exynos8895/mobicore_kinibi400/Daemon/src/SecureWorld.cpp:295]
02-15 21:55:06.262  3161  3161 E cutils-trace: Error opening trace file: Permission denied (13)
02-15 21:55:06.146     0     0 I [5:           init:    1] init: Parsing file /vendor/etc/init/android.hardware.keymaster@3.0-service.rc...
02-15 21:55:06.147     0     0 I [5:           init:    1] init: Parsing file /vendor/etc/init/android.hardware.media.omx@1.0-service.rc...
02-15 21:55:06.147     0     0 I [5:           init:    1] init: Parsing file /vendor/etc/init/android.hardware.vibrator@1.0-service.rc...
02-15 21:55:06.147     0     0 I [5:           init:    1] init: Parsing file /vendor/etc/init/android.hardware.wifi@1.0-service.rc...
02-15 21:55:06.147     0     0 I [5:           init:    1] init: Parsing file /vendor/etc/init/hostapd.android.rc...
02-15 21:55:06.147     0     0 I [5:           init:    1] init: Parsing file /vendor/etc/init/init.rilchip.rc...
02-15 21:55:06.148     0     0 I [5:           init:    1] init: Parsing file /vendor/etc/init/init.rilcommon.rc...
02-15 21:55:06.148     0     0 I [5:           init:    1] init: Parsing file /vendor/etc/init/rild.rc...
02-15 21:55:06.148     0     0 E [5:           init:    1] init: /vendor/etc/init/rild.rc: 1: ignored duplicate definition of service 'ril-daemon'
02-15 21:55:06.148     0     0 I [5:           init:    1] init: Parsing file /vendor/etc/init/vendor.samsung.hardware.gnss@1.0-service.rc...
02-15 21:55:06.148     0     0 I [5:           init:    1] init: Parsing file /vendor/etc/init/vendor.samsung.hardware.nfc@1.0-service.rc...
02-15 21:55:06.148     0     0 I [5:           init:    1] init: Parsing file /vendor/etc/init/vndservicemanager.rc...
02-15 21:55:06.149     0     0 I [5:           init:    1] init: Parsing file /odm/etc/init...
02-15 21:55:06.149     0     0 E [5:           init:    1] init: Unable to open '/odm/etc/init': No such file or directory
02-15 21:55:06.149     0     0 I [5:           init:    1] init: Command 'mount_all /fstab.samsungexynos8895' action=fs (/init.samsungexynos8895.rc:504) returned 0 took 429ms.
02-15 21:55:06.149     0     0 I [5:           init:    1] selinux: SELinux: Skipping restorecon_recursive(/efs)
02-15 21:55:06.149     0     0 I         : [5:           init:    1]
02-15 21:55:06.150     0     0 E [5:           init:    1] init: Unable to open '/system/app/wv.keys': No such file or directory
02-15 21:55:06.154     0     0 E [5:           init:    1] init: Unable to open '/proc/ecd/load_firmware': No such file or directory
02-15 21:55:06.154     0     0 I [5:           init:    1] init: processing action (fs) from (init.samsungexynos8895.usb.rc:39)
02-15 21:55:06.154     0     0 E [5:           init:    1] init: Unable to open '/sys/class/android_usb/android0/f_ffs/aliases': No such file or directory
02-15 21:55:06.154     0     0 I [5:           init:    1] init: processing action (fs) from (init.baseband.rc:8)
02-15 21:55:06.154     0     0 I [5:           init:    1] init: processing action (post-fs) from (/init.rc:297)
02-15 21:55:06.155     0     0 E [5:           init:    1] init: property_set("ro.adb.secure", "0") failed: property already set
02-15 21:55:06.155     0     0 W [5:           init:    1] init: Couldn't load property file: Unable to open '/odm/build.prop': No such file or directory: No such file or directory
02-15 21:55:06.156     0     0 W [5:           init:    1] init: Couldn't load property file: Unable to open '/factory/factory.prop': No such file or directory: No such file or directory
02-15 21:55:06.156     0     0 I [5:           init:    1] init: [libfs_mgr]fs_mgr_read_fstab_dt(): failed to read fstab from dt
02-15 21:55:06.157     0     0 I [5:           init:    1] init: starting service 'logd'...
02-15 21:55:06.157     0     0 I [7:           init: 3066] init: Created socket '/dev/socket/logd', mode 666, user 1036, group 1036
02-15 21:55:06.158     0     0 I [5:           init:    1] init: starting service 'servicemanager'...
02-15 21:55:06.158     0     0 I [7:           init: 3066] init: Created socket '/dev/socket/logdr', mode 666, user 1036, group 1036
02-15 21:55:06.158     0     0 I [7:           init: 3066] init: Created socket '/dev/socket/logdw', mode 222, user 1036, group 1036
02-15 21:55:06.158     0     0 I [7:           init: 3066] init: Opened file '/proc/kmsg', flags 0
02-15 21:55:06.158     0     0 I [7:           init: 3066] init: Opened file '/dev/kmsg', flags 1
02-15 21:55:06.158     0     0 I [5:           init:    1] init: starting service 'hwservicemanager'...
02-15 21:55:06.159     0     0 I [5:           init:    1] init: starting service 'vndservicemanager'...
02-15 21:55:06.159     0     0 I [5:           init:    1] selinux: SELinux: Skipping restorecon_recursive(/cache)
02-15 21:55:06.159     0     0 I         : [5:           init:    1]
02-15 21:55:06.161     0     0 I [5:           init:    1] init: processing action (post-fs) from (init.samsung.rc:59)
02-15 21:55:06.161     0     0 I [5:           init:    1] init: processing action (post-fs) from (/system/etc/init/atrace.rc:3)
02-15 21:55:06.162     0     0 E [5:           init:    1] init: Unable to open '/sys/kernel/tracing/tracing_on': No such file or directory
02-15 21:55:06.162     0     0 I [5:           init:    1] init: processing action (post-fs) from (/system/etc/init/atrace_userdebug.rc:6)
02-15 21:55:06.162     0     0 I [5:           init:    1] init: processing action (late-fs) from (/init.rc:357)
02-15 21:55:06.163     0     0 I [5:           init:    1] init: starting service 'keymaster-3-0'...
02-15 21:55:06.163     0     0 I [5:           init:    1] init: processing action (post-fs-data) from (/init.rc:365)
02-15 21:55:06.163     0     0 I [5:           init:    1] init: starting service 'vold'...
02-15 21:55:06.164     0     0 I [6:           init: 3071] init: Created socket '/dev/socket/vold', mode 660, user 0, group 1009
02-15 21:55:06.164     0     0 I [6:           init: 3071] init: Created socket '/dev/socket/cryptd', mode 660, user 0, group 1009
02-15 21:55:06.182     0     0 I [5:           logd: 3066] logd.auditd: start
02-15 21:55:04.966  3066  3176 I auditd  : type=2000 audit(0.0:1): initialized
02-15 21:55:04.966  3176  3176 W auditd  : type=2000 audit(0.0:1): initialized
02-15 21:55:05.354  3066  3176 I auditd  : type=1325 audit(0.0:2): table=filter family=2 entries=0
02-15 21:55:05.354  3176  3176 W auditd  : type=1325 audit(0.0:2): table=filter family=2 entries=0
02-15 21:55:05.354  3066  3176 I auditd  : type=1325 audit(0.0:3): table=mangle family=2 entries=0
02-15 21:55:05.354  3176  3176 W auditd  : type=1325 audit(0.0:3): table=mangle family=2 entries=0
02-15 21:55:05.354  3066  3176 I auditd  : type=1325 audit(0.0:4): table=nat family=2 entries=0
02-15 21:55:05.354  3176  3176 W auditd  : type=1325 audit(0.0:4): table=nat family=2 entries=0
02-15 21:55:05.354  3066  3176 I auditd  : type=1325 audit(0.0:5): table=raw family=2 entries=0
02-15 21:55:05.354  3176  3176 W auditd  : type=1325 audit(0.0:5): table=raw family=2 entries=0
02-15 21:55:06.266  3173  3173 I crash_dump32: obtaining output fd from tombstoned, type: kDebuggerdTombstone
02-15 21:55:06.266  3173  3173 E libc    : failed to connect to tombstoned: No such file or directory
02-15 21:55:06.266  3173  3173 I crash_dump32: performing dump of process 3079 (target tid = 3079)
02-15 21:55:06.267  3173  3173 F DEBUG   : *** *** *** *** *** *** *** *** *** *** *** *** *** *** *** ***
02-15 21:55:06.267  3173  3173 F DEBUG   : LineageOS Version: '15.1-20190215-UNOFFICIAL-dreamlte'
02-15 21:55:06.267  3173  3173 F DEBUG   : Build fingerprint: 'samsung/lineage_dreamlte/dreamlte:8.1.0/OPM7.181205.001/ad581e63ac:userdebug/test-keys'
02-15 21:55:06.267  3173  3173 F DEBUG   : Revision: '0'
02-15 21:55:06.267  3173  3173 F DEBUG   : ABI: 'arm'
02-15 21:55:06.267  3173  3173 F DEBUG   : pid: 3079, tid: 3079, name: cas@1.0-service  >>> /vendor/bin/hw/android.hardware.cas@1.0-service <<<
02-15 21:55:06.267  3173  3173 F DEBUG   : signal 6 (SIGABRT), code -6 (SI_TKILL), fault addr --------
02-15 21:55:06.268  3164  3164 F DEBUG   : 
02-15 21:55:06.268  3164  3164 F DEBUG   : backtrace:
02-15 21:55:06.268  3164  3164 F DEBUG   :     #00 pc 0001a3ca  /system/lib/libc.so (abort+63)
02-15 21:55:06.268  3164  3164 F DEBUG   :     #01 pc 0000655d  /system/lib/liblog.so (__android_log_assert+156)
02-15 21:55:06.268  3164  3164 F DEBUG   :     #02 pc 00057779  /system/lib/libbinder.so (android::ProcessState::ProcessState(char const*)+280)
02-15 21:55:06.268  3164  3164 F DEBUG   :     #03 pc 00057813  /system/lib/libbinder.so (android::ProcessState::initWithDriver(char const*)+98)
02-15 21:55:06.268  3164  3164 F DEBUG   :     #04 pc 00000c7f  /system/vendor/bin/hw/android.hardware.camera.provider@2.4-service (main+30)
02-15 21:55:06.268  3164  3164 F DEBUG   :     #05 pc 00079d6d  /system/lib/libc.so (__libc_init+48)
02-15 21:55:06.268  3164  3164 F DEBUG   :     #06 pc 00000b80  /system/vendor/bin/hw/android.hardware.camera.provider@2.4-service (_start_main+88)
02-15 21:55:06.269  3173  3173 F DEBUG   : Abort message: 'Error while registering cas service: -38'
02-15 21:55:06.269  3173  3173 F DEBUG   :     r0 00000000  r1 00000c07  r2 00000006  r3 00000008
02-15 21:55:06.269  3173  3173 F DEBUG   :     r4 00000c07  r5 00000c07  r6 ffb373b4  r7 0000010c
02-15 21:55:06.269  3173  3173 F DEBUG   :     r8 00000000  r9 00000000  sl 00000000  fp ffb3785c
02-15 21:55:06.269  3173  3173 F DEBUG   :     ip ffb3786c  sp ffb373a0  lr ef9f78e1  pc ef9f13ca  cpsr 20010030
02-15 21:55:06.271  3143  3143 E crash_dump64: unable to connect to activity manager: Connection refused
02-15 21:55:06.278  3171  3171 V macloader: Found CID type: 3
02-15 21:55:06.278  3171  3171 I macloader: Settting wifi type to semco3rd in /data/.cid.info
02-15 21:55:06.278  3171  3171 D macloader: Change permissions of /data/.cid.info
02-15 21:55:06.278  3173  3173 F DEBUG   : 
02-15 21:55:06.278  3173  3173 F DEBUG   : backtrace:
02-15 21:55:06.278  3173  3173 F DEBUG   :     #00 pc 0001a3ca  /system/lib/libc.so (abort+63)
02-15 21:55:06.279  3173  3173 F DEBUG   :     #01 pc 0000655d  /system/lib/liblog.so (__android_log_assert+156)
02-15 21:55:06.279  3173  3173 F DEBUG   :     #02 pc 0000662d  /system/vendor/bin/hw/android.hardware.cas@1.0-service (main+172)
02-15 21:55:06.279  3173  3173 F DEBUG   :     #03 pc 00079d6d  /system/lib/libc.so (__libc_init+48)
02-15 21:55:06.279  3173  3173 F DEBUG   :     #04 pc 00003d48  /system/vendor/bin/hw/android.hardware.cas@1.0-service (_start_main+88)
02-15 21:55:06.279  3171  3171 D macloader: Using NVRAM calibration file: /etc/wifi/nvram_net.txt
02-15 21:55:06.279  3171  3171 D macloader: Changing NVRAM calibration file for semco3rd chipset
02-15 21:55:06.279  3171  3171 W macloader: NVRAM calibration file '/etc/wifi/nvram_net.txt_semco3rd' doesn't exist
02-15 21:55:05.354  3066  3176 I auditd  : type=1325 audit(0.0:6): table=security family=2 entries=0
02-15 21:55:05.354  3176  3176 W auditd  : type=1325 audit(0.0:6): table=security family=2 entries=0
02-15 21:55:05.354  3066  3176 I auditd  : type=1325 audit(0.0:7): table=filter family=3 entries=0
02-15 21:55:05.354  3176  3176 W auditd  : type=1325 audit(0.0:7): table=filter family=3 entries=0
02-15 21:55:05.354  3066  3176 I auditd  : type=1325 audit(0.0:8): table=filter family=10 entries=0
02-15 21:55:05.354  3176  3176 W auditd  : type=1325 audit(0.0:8): table=filter family=10 entries=0
02-15 21:55:05.354  3066  3176 I auditd  : type=1325 audit(0.0:9): table=mangle family=10 entries=0
02-15 21:55:05.354  3176  3176 W auditd  : type=1325 audit(0.0:9): table=mangle family=10 entries=0
02-15 21:55:05.354  3066  3176 I auditd  : type=1325 audit(0.0:10): table=raw family=10 entries=0
02-15 21:55:05.354  3176  3176 W auditd  : type=1325 audit(0.0:10): table=raw family=10 entries=0
02-15 21:55:05.354  3066  3176 I auditd  : type=1325 audit(0.0:11): table=nat family=10 entries=0
02-15 21:55:05.354  3176  3176 W auditd  : type=1325 audit(0.0:11): table=nat family=10 entries=0
02-15 21:55:05.551  3066  3176 I auditd  : type=1403 audit(0.0:12): policy loaded auid=4294967295 ses=4294967295
02-15 21:55:05.551  3176  3176 I auditd  : type=1403 audit(0.0:12): policy loaded auid=4294967295 ses=4294967295
02-15 21:55:05.635  2055  2055 I auditd  : type=1400 audit(0.0:13): avc: denied { relabelto } for comm="ueventd" name="camera" dev="sysfs" ino=28278 scontext=u:r:ueventd:s0 tcontext=u:object_r:camera_device:s0 tclass=dir permissive=1
02-15 21:55:05.635  2055  2055 I ueventd : type=1400 audit(0.0:13): avc: denied { relabelto } for name="camera" dev="sysfs" ino=28278 scontext=u:r:ueventd:s0 tcontext=u:object_r:camera_device:s0 tclass=dir permissive=1
02-15 21:55:05.635  2055  2055 I auditd  : type=1300 audit(0.0:13): arch=c00000b7 syscall=6 success=yes exit=0 a0=7fabe9f000 a1=533b6e a2=7fabf84140 a3=1c items=0 ppid=1 auid=4294967295 uid=0 gid=0 euid=0 suid=0 fsuid=0 egid=0 sgid=0 fsgid=0 tty=(none) ses=4294967295 comm="ueventd" exe="/init" subj=u:r:ueventd:s0 key=(null)
02-15 21:55:05.635  2055  2055 W ueventd : type=1300 audit(0.0:13): arch=c00000b7 syscall=6 success=yes exit=0 a0=7fabe9f000 a1=533b6e a2=7fabf84140 a3=1c items=0 ppid=1 auid=4294967295 uid=0 gid=0 euid=0 suid=0 fsuid=0 egid=0 sgid=0 fsgid=0 tty=(none) ses=4294967295 exe="/init" subj=u:r:ueventd:s0 key=(null)
02-15 21:55:06.282  3164  3164 E crash_dump32: unable to connect to activity manager: Connection refused
02-15 21:55:06.282  3089  3089 E android.hardware.configstore@1.0::SurfaceFlingerConfigs: getService: defaultServiceManager() is null
02-15 21:55:06.283  3089  3089 I /system/bin/surfaceflinger: android::hardware::configstore::V1_0::ISurfaceFlingerConfigs::maxFrameBufferAcquiredBuffers retrieved: 2 (default)
02-15 21:55:05.635  3066  3176 I auditd  : type=1327 audit(0.0:13): proctitle="/sbin/ueventd"
02-15 21:55:05.635  3176  3176 W auditd  : type=1327 audit(0.0:13): proctitle="/sbin/ueventd"
02-15 21:55:05.635  3066  3176 I auditd  : type=1320 audit(0.0:13): 
02-15 21:55:05.635  3176  3176 W auditd  : type=1320 audit(0.0:13): 
02-15 21:55:05.639  2055  2055 I auditd  : type=1400 audit(0.0:14): avc: denied { relabelto } for comm="ueventd" name="subsystem" dev="sysfs" ino=28337 scontext=u:r:ueventd:s0 tcontext=u:object_r:camera_device:s0 tclass=lnk_file permissive=1
02-15 21:55:05.639  2055  2055 I ueventd : type=1400 audit(0.0:14): avc: denied { relabelto } for name="subsystem" dev="sysfs" ino=28337 scontext=u:r:ueventd:s0 tcontext=u:object_r:camera_device:s0 tclass=lnk_file permissive=1
02-15 21:55:05.639  2055  2055 I auditd  : type=1300 audit(0.0:14): arch=c00000b7 syscall=6 success=yes exit=0 a0=7fabe9f000 a1=533b6e a2=7fabf84140 a3=1c items=0 ppid=1 auid=4294967295 uid=0 gid=0 euid=0 suid=0 fsuid=0 egid=0 sgid=0 fsgid=0 tty=(none) ses=4294967295 comm="ueventd" exe="/init" subj=u:r:ueventd:s0 key=(null)
02-15 21:55:05.639  2055  2055 W ueventd : type=1300 audit(0.0:14): arch=c00000b7 syscall=6 success=yes exit=0 a0=7fabe9f000 a1=533b6e a2=7fabf84140 a3=1c items=0 ppid=1 auid=4294967295 uid=0 gid=0 euid=0 suid=0 fsuid=0 egid=0 sgid=0 fsgid=0 tty=(none) ses=4294967295 exe="/init" subj=u:r:ueventd:s0 key=(null)
02-15 21:55:05.639  3066  3176 I auditd  : type=1327 audit(0.0:14): proctitle="/sbin/ueventd"
02-15 21:55:05.639  3176  3176 W auditd  : type=1327 audit(0.0:14): proctitle="/sbin/ueventd"
02-15 21:55:05.639  3066  3176 I auditd  : type=1320 audit(0.0:14): 
02-15 21:55:05.639  3176  3176 W auditd  : type=1320 audit(0.0:14): 
02-15 21:55:06.284  3089  3089 W hw-ProcessState: Opening '/dev/hwbinder' failed: No such file or directory
02-15 21:55:06.284  3089  3089 E hw-ProcessState: Binder driver could not be opened.  Terminating.
02-15 21:55:06.284  3089  3089 E hw-ProcessState: Binder ioctl to set max threads failed: Bad file descriptor
02-15 21:55:06.284  3089  3089 E android.hardware.configstore@1.0::SurfaceFlingerConfigs: getService: defaultServiceManager() is null
02-15 21:55:06.284  3089  3089 I /system/bin/surfaceflinger: android::hardware::configstore::V1_0::ISurfaceFlingerConfigs::startGraphicsAllocatorService retrieved: 0 (default)
02-15 21:55:06.284  3089  3089 E SurfaceFlinger: Could not register IDisplayService service.
02-15 21:55:06.285  3089  3089 I SurfaceFlinger: SurfaceFlinger is starting
02-15 21:55:06.285  3089  3089 I /system/bin/surfaceflinger: android::hardware::configstore::V1_0::ISurfaceFlingerConfigs::vsyncEventPhaseOffsetNs retrieved: 1000000 (default)
02-15 21:55:06.285  3089  3089 I /system/bin/surfaceflinger: android::hardware::configstore::V1_0::ISurfaceFlingerConfigs::vsyncSfEventPhaseOffsetNs retrieved: 1000000 (default)
02-15 21:55:06.285  3089  3089 I /system/bin/surfaceflinger: android::hardware::configstore::V1_0::ISurfaceFlingerConfigs::maxVirtualDisplaySize retrieved: 0 (default)
02-15 21:55:06.285  3089  3089 I /system/bin/surfaceflinger: android::hardware::configstore::V1_0::ISurfaceFlingerConfigs::hasSyncFramework retrieved: 1 (default)
02-15 21:55:06.285  3089  3089 I /system/bin/surfaceflinger: android::hardware::configstore::V1_0::ISurfaceFlingerConfigs::useContextPriority retrieved: 0 (default)
02-15 21:55:06.285  3089  3089 I /system/bin/surfaceflinger: android::hardware::configstore::V1_0::ISurfaceFlingerConfigs::presentTimeOffsetFromVSyncNs retrieved: 0 (default)
02-15 21:55:06.285  3089  3089 I /system/bin/surfaceflinger: android::hardware::configstore::V1_0::ISurfaceFlingerConfigs::useHwcForRGBtoYUV retrieved: 0 (default)
02-15 21:55:06.285  3089  3089 I /system/bin/surfaceflinger: android::hardware::configstore::V1_0::ISurfaceFlingerConfigs::maxFrameBufferAcquiredBuffers retrieved: 2 (default)
02-15 21:55:05.759  3049  3049 I auditd  : type=1400 audit(0.0:15): avc: denied { read } for comm="e2fsck" name="sda18" dev="tmpfs" ino=1027 scontext=u:r:fsck:s0 tcontext=u:object_r:block_device:s0 tclass=blk_file permissive=1
02-15 21:55:05.759  3049  3049 I e2fsck  : type=1400 audit(0.0:15): avc: denied { read } for name="sda18" dev="tmpfs" ino=1027 scontext=u:r:fsck:s0 tcontext=u:object_r:block_device:s0 tclass=blk_file permissive=1
02-15 21:55:05.759  3049  3049 I auditd  : type=1400 audit(0.0:15): avc: denied { open } for comm="e2fsck" path="/dev/block/sda18" dev="tmpfs" ino=1027 scontext=u:r:fsck:s0 tcontext=u:object_r:block_device:s0 tclass=blk_file permissive=1
02-15 21:55:05.759  3049  3049 I e2fsck  : type=1400 audit(0.0:15): avc: denied { open } for path="/dev/block/sda18" dev="tmpfs" ino=1027 scontext=u:r:fsck:s0 tcontext=u:object_r:block_device:s0 tclass=blk_file permissive=1
02-15 21:55:05.759  3049  3049 I auditd  : type=1300 audit(0.0:15): arch=c00000b7 syscall=56 success=yes exit=4 a0=ffffff9c a1=79b0e28a50 a2=80 a3=0 items=0 ppid=3044 auid=4294967295 uid=0 gid=0 euid=0 suid=0 fsuid=0 egid=0 sgid=0 fsgid=0 tty=(none) ses=4294967295 comm="e2fsck" exe="/system/bin/e2fsck" subj=u:r:fsck:s0 key=(null)
02-15 21:55:05.759  3049  3049 W e2fsck  : type=1300 audit(0.0:15): arch=c00000b7 syscall=56 success=yes exit=4 a0=ffffff9c a1=79b0e28a50 a2=80 a3=0 items=0 ppid=3044 auid=4294967295 uid=0 gid=0 euid=0 suid=0 fsuid=0 egid=0 sgid=0 fsgid=0 tty=(none) ses=4294967295 exe="/system/bin/e2fsck" subj=u:r:fsck:s0 key=(null)
02-15 21:55:05.759  3066  3176 I auditd  : type=1327 audit(0.0:15): proctitle=2F73797374656D2F62696E2F65326673636B002D66002D79002F6465762F626C6F636B2F706C6174666F726D2F31313132303030302E7566732F62792D6E616D652F4341434845
02-15 21:55:05.759  3176  3176 W auditd  : type=1327 audit(0.0:15): proctitle=2F73797374656D2F62696E2F65326673636B002D66002D79002F6465762F626C6F636B2F706C6174666F726D2F31313132303030302E7566732F62792D6E616D652F4341434845
02-15 21:55:05.759  3066  3176 I auditd  : type=1320 audit(0.0:15): 
02-15 21:55:05.759  3176  3176 W auditd  : type=1320 audit(0.0:15): 
02-15 21:55:05.759  3049  3049 I auditd  : type=1400 audit(0.0:16): avc: denied { write } for comm="e2fsck" name="sda18" dev="tmpfs" ino=1027 scontext=u:r:fsck:s0 tcontext=u:object_r:block_device:s0 tclass=blk_file permissive=1
02-15 21:55:05.759  3049  3049 I e2fsck  : type=1400 audit(0.0:16): avc: denied { write } for name="sda18" dev="tmpfs" ino=1027 scontext=u:r:fsck:s0 tcontext=u:object_r:block_device:s0 tclass=blk_file permissive=1
02-15 21:55:05.759  3049  3049 I auditd  : type=1300 audit(0.0:16): arch=c00000b7 syscall=56 success=yes exit=4 a0=ffffff9c a1=79b0e28a80 a2=82 a3=0 items=0 ppid=3044 auid=4294967295 uid=0 gid=0 euid=0 suid=0 fsuid=0 egid=0 sgid=0 fsgid=0 tty=(none) ses=4294967295 comm="e2fsck" exe="/system/bin/e2fsck" subj=u:r:fsck:s0 key=(null)
02-15 21:55:05.759  3049  3049 W e2fsck  : type=1300 audit(0.0:16): arch=c00000b7 syscall=56 success=yes exit=4 a0=ffffff9c a1=79b0e28a80 a2=82 a3=0 items=0 ppid=3044 auid=4294967295 uid=0 gid=0 euid=0 suid=0 fsuid=0 egid=0 sgid=0 fsgid=0 tty=(none) ses=4294967295 exe="/system/bin/e2fsck" subj=u:r:fsck:s0 key=(null)
02-15 21:55:05.759  3066  3176 I auditd  : type=1327 audit(0.0:16): proctitle=2F73797374656D2F62696E2F65326673636B002D66002D79002F6465762F626C6F636B2F706C6174666F726D2F31313132303030302E7566732F62792D6E616D652F4341434845
02-15 21:55:05.759  3176  3176 W auditd  : type=1327 audit(0.0:16): proctitle=2F73797374656D2F62696E2F65326673636B002D66002D79002F6465762F626C6F636B2F706C6174666F726D2F31313132303030302E7566732F62792D6E616D652F4341434845
02-15 21:55:05.759  3066  3176 I auditd  : type=1320 audit(0.0:16): 
02-15 21:55:05.759  3176  3176 W auditd  : type=1320 audit(0.0:16): 
02-15 21:55:05.759  3049  3049 I auditd  : type=1400 audit(0.0:17): avc: denied { ioctl } for comm="e2fsck" path="/dev/block/sda18" dev="tmpfs" ino=1027 ioctlcmd=127c scontext=u:r:fsck:s0 tcontext=u:object_r:block_device:s0 tclass=blk_file permissive=1
02-15 21:55:05.759  3049  3049 I e2fsck  : type=1400 audit(0.0:17): avc: denied { ioctl } for path="/dev/block/sda18" dev="tmpfs" ino=1027 ioctlcmd=127c scontext=u:r:fsck:s0 tcontext=u:object_r:block_device:s0 tclass=blk_file permissive=1
02-15 21:55:05.759  3049  3049 I auditd  : type=1300 audit(0.0:17): arch=c00000b7 syscall=29 success=yes exit=0 a0=4 a1=127c a2=7ff07f1230 a3=79b0e400d0 items=0 ppid=3044 auid=4294967295 uid=0 gid=0 euid=0 suid=0 fsuid=0 egid=0 sgid=0 fsgid=0 tty=(none) ses=4294967295 comm="e2fsck" exe="/system/bin/e2fsck" subj=u:r:fsck:s0 key=(null)
02-15 21:55:05.759  3049  3049 W e2fsck  : type=1300 audit(0.0:17): arch=c00000b7 syscall=29 success=yes exit=0 a0=4 a1=127c a2=7ff07f1230 a3=79b0e400d0 items=0 ppid=3044 auid=4294967295 uid=0 gid=0 euid=0 suid=0 fsuid=0 egid=0 sgid=0 fsgid=0 tty=(none) ses=4294967295 exe="/system/bin/e2fsck" subj=u:r:fsck:s0 key=(null)
02-15 21:55:05.759  3066  3176 I auditd  : type=1327 audit(0.0:17): proctitle=2F73797374656D2F62696E2F65326673636B002D66002D79002F6465762F626C6F636B2F706C6174666F726D2F31313132303030302E7566732F62792D6E616D652F4341434845
02-15 21:55:05.759  3176  3176 W auditd  : type=1327 audit(0.0:17): proctitle=2F73797374656D2F62696E2F65326673636B002D66002D79002F6465762F626C6F636B2F706C6174666F726D2F31313132303030302E7566732F62792D6E616D652F4341434845
02-15 21:55:05.759  3066  3176 I auditd  : type=1320 audit(0.0:17): 
02-15 21:55:05.759  3176  3176 W auditd  : type=1320 audit(0.0:17): 
02-15 21:55:06.171  3066  3176 I auditd  : type=1305 audit(0.0:18): audit_pid=3066 old=0 auid=4294967295 ses=4294967295 subj=u:r:logd:s0 res=1
02-15 21:55:06.171  3176  3176 W auditd  : type=1305 audit(0.0:18): audit_pid=3066 old=0 auid=4294967295 ses=4294967295 subj=u:r:logd:s0 res=1
02-15 21:55:06.171  3066  3176 I auditd  : type=1305 audit(0.0:19): audit_rate_limit=20 old=0 auid=4294967295 ses=4294967295 subj=u:r:logd:s0 res=1
02-15 21:55:06.171  3176  3176 W auditd  : type=1305 audit(0.0:19): audit_rate_limit=20 old=0 auid=4294967295 ses=4294967295 subj=u:r:logd:s0 res=1
02-15 21:55:06.183  3085  3085 I auditd  : type=1400 audit(0.0:20): avc: denied { execute_no_trans } for comm="init" path="/system/vendor/bin/hw/vendor.samsung.hardware.nfc@1.0-service" dev="sda17" ino=2764 scontext=u:r:init:s0 tcontext=u:object_r:vendor_file:s0 tclass=file permissive=1
02-15 21:55:06.183  3085  3085 I init    : type=1400 audit(0.0:20): avc: denied { execute_no_trans } for path="/system/vendor/bin/hw/vendor.samsung.hardware.nfc@1.0-service" dev="sda17" ino=2764 scontext=u:r:init:s0 tcontext=u:object_r:vendor_file:s0 tclass=file permissive=1
02-15 21:55:06.183  3085  3085 I auditd  : type=1300 audit(0.0:20): arch=c00000b7 syscall=221 success=yes exit=0 a0=7fb1c76b40 a1=7fb1c21470 a2=57a0b0 a3=0 items=0 ppid=1 auid=4294967295 uid=1027 gid=1027 euid=1027 suid=1027 fsuid=1027 egid=1027 sgid=1027 fsgid=1027 tty=(none) ses=4294967295 comm="vendor.samsung." exe="/system/vendor/bin/hw/vendor.samsung.hardware.nfc@1.0-service" subj=u:r:init:s0 key=(null)
02-15 21:55:06.183  3085  3085 W vendor.samsung.: type=1300 audit(0.0:20): arch=c00000b7 syscall=221 success=yes exit=0 a0=7fb1c76b40 a1=7fb1c21470 a2=57a0b0 a3=0 items=0 ppid=1 auid=4294967295 uid=1027 gid=1027 euid=1027 suid=1027 fsuid=1027 egid=1027 sgid=1027 fsgid=1027 tty=(none) ses=4294967295 exe="/system/vendor/bin/hw/vendor.samsung.hardware.nfc@1.0-service" subj=u:r:init:s0 key=(null)
02-15 21:55:06.183  3066  3176 I auditd  : type=1327 audit(0.0:20): proctitle="/vendor/bin/hw/vendor.samsung.hardware.nfc@1.0-service"
02-15 21:55:06.183  3176  3176 W auditd  : type=1327 audit(0.0:20): proctitle="/vendor/bin/hw/vendor.samsung.hardware.nfc@1.0-service"
02-15 21:55:06.183  3066  3176 I auditd  : type=1320 audit(0.0:20): 
02-15 21:55:06.183  3176  3176 W auditd  : type=1320 audit(0.0:20): 
02-15 21:55:06.186     0     0 I [6:           init:    1] init: Service 'keymaster-3-0' (pid 3070) killed by signal 1
02-15 21:55:06.186     0     0 I [6:           init:    1] init: Sending signal 9 to service 'keymaster-3-0' (pid 3070) process group...
02-15 21:55:06.186     0     0 I [6:           init:    1] init: Successfully killed process cgroup uid 1000 pid 3070 in 0ms
02-15 21:55:06.190     0     0 I [6:           init:    1] init: Sending signal 9 to service 'hwservicemanager' (pid 3068) process group...
02-15 21:55:06.190     0     0 I [6:           init:    1] init: Successfully killed process cgroup uid 1000 pid 3068 in 0ms
02-15 21:55:06.191     0     0 I [6:           init:    1] init: starting service 'hidl_memory'...
02-15 21:55:06.191     0     0 I [6:           init:    1] init: starting service 'camera-provider-2-4'...
02-15 21:55:06.191     0     0 E [4:           init: 3078] init: couldn't write 3078 to /dev/cpuset/camera-daemon/tasks: No such file or directory
02-15 21:55:06.192     0     0 I [6:           init:    1] init: starting service 'cas-hal-1-0'...
02-15 21:55:06.192     0     0 I [6:           init:    1] init: starting service 'configstore-hal-1-0'...
02-15 21:55:06.192     0     0 I [6:           init:    1] init: starting service 'gnss_service'...
02-15 21:55:06.193     0     0 I [6:           init:    1] init: starting service 'gralloc-2-0'...
02-15 21:55:06.193     0     0 I [6:           init:    1] init: starting service 'vibrator-1-0'...
02-15 21:55:06.194     0     0 I [6:           init:    1] init: starting service 'wifi_hal_legacy'...
02-15 21:55:06.194     0     0 E [6:           init:    1] init: service sec_nfc_service does not have a SELinux domain defined
02-15 21:55:06.194     0     0 I [6:           init:    1] init: starting service 'sec_nfc_service'...
02-15 21:55:06.203  3080  3080 I auditd  : type=1701 audit(0.0:21): auid=4294967295 uid=1000 gid=1000 ses=4294967295 subj=u:r:hal_configstore_default:s0 comm="configstore@1.0" exe="/system/vendor/bin/hw/android.hardware.configstore@1.0-service" sig=31
02-15 21:55:06.203  3080  3080 W configstore@1.0: type=1701 audit(0.0:21): auid=4294967295 uid=1000 gid=1000 ses=4294967295 subj=u:r:hal_configstore_default:s0 exe="/system/vendor/bin/hw/android.hardware.configstore@1.0-service" sig=31
02-15 21:55:06.211  3085  3085 I auditd  : type=1400 audit(0.0:22): avc: granted { open } for comm="vendor.samsung." path="/dev/pmsg0" dev="tmpfs" ino=20942 scontext=u:r:init:s0 tcontext=u:object_r:pmsg_device:s0 tclass=chr_file
02-15 21:55:06.211  3085  3085 W vendor.samsung.: type=1400 audit(0.0:22): avc: granted { open } for path="/dev/pmsg0" dev="tmpfs" ino=20942 scontext=u:r:init:s0 tcontext=u:object_r:pmsg_device:s0 tclass=chr_file
02-15 21:55:06.211  3085  3085 I auditd  : type=1300 audit(0.0:22): arch=c00000b7 syscall=56 success=yes exit=4 a0=ffffff9c a1=7bf7c79c90 a2=80001 a3=0 items=0 ppid=1 auid=4294967295 uid=1027 gid=1027 euid=1027 suid=1027 fsuid=1027 egid=1027 sgid=1027 fsgid=1027 tty=(none) ses=4294967295 comm="vendor.samsung." exe="/system/vendor/bin/hw/vendor.samsung.hardware.nfc@1.0-service" subj=u:r:init:s0 key=(null)
02-15 21:55:06.211  3085  3085 W vendor.samsung.: type=1300 audit(0.0:22): arch=c00000b7 syscall=56 success=yes exit=4 a0=ffffff9c a1=7bf7c79c90 a2=80001 a3=0 items=0 ppid=1 auid=4294967295 uid=1027 gid=1027 euid=1027 suid=1027 fsuid=1027 egid=1027 sgid=1027 fsgid=1027 tty=(none) ses=4294967295 exe="/system/vendor/bin/hw/vendor.samsung.hardware.nfc@1.0-service" subj=u:r:init:s0 key=(null)
02-15 21:55:06.211  3066  3176 I auditd  : type=1327 audit(0.0:22): proctitle="/vendor/bin/hw/vendor.samsung.hardware.nfc@1.0-service"
02-15 21:55:06.211  3176  3176 W auditd  : type=1327 audit(0.0:22): proctitle="/vendor/bin/hw/vendor.samsung.hardware.nfc@1.0-service"
02-15 21:55:06.211  3066  3176 I auditd  : type=1320 audit(0.0:22): 
02-15 21:55:06.211  3176  3176 W auditd  : type=1320 audit(0.0:22): 
02-15 21:55:06.211     0     0 I [7:           init:    1] init: Service 'vibrator-1-0' (pid 3083) killed by signal 1
02-15 21:55:06.211     0     0 I [7:           init:    1] init: Sending signal 9 to service 'vibrator-1-0' (pid 3083) process group...
02-15 21:55:06.211     0     0 I [7:           init:    1] init: Successfully killed process cgroup uid 1000 pid 3083 in 0ms
02-15 21:55:06.215     0     0 I [7:           init:    1] init: Service 'configstore-hal-1-0' (pid 3080) killed by signal 31
02-15 21:55:06.215     0     0 I [7:           init:    1] init: Sending signal 9 to service 'configstore-hal-1-0' (pid 3080) process group...
02-15 21:55:06.215     0     0 I [7:           init:    1] init: Successfully killed process cgroup uid 1000 pid 3080 in 0ms
02-15 21:55:06.216     0     0 I         : [0:    kworker/0:1: 1268] thermal thermal_zone1: [TMU] last_temperature=46000, current_temperature=46000
02-15 21:55:06.218     0     0 I [1:           init:    1] init: starting service 'exec 1 (/system/bin/vdc --wait cryptfs init_user0)'...
02-15 21:55:06.219     0     0 I [1:           init:    1] init: SVC_EXEC pid 3088 (uid 0 gid 0+0 context default) started; waiting...
02-15 21:55:06.220     0     0 I [1:           init:    1] init: Service 'gralloc-2-0' (pid 3082) killed by signal 1
02-15 21:55:06.220     0     0 I [1:           init:    1] init: Sending signal 9 to service 'gralloc-2-0' (pid 3082) process group...
02-15 21:55:06.220     0     0 I [1:           init:    1] init: Successfully killed process cgroup uid 1000 pid 3082 in 0ms
02-15 21:55:06.220     0     0 I [4:           init:    1] init: starting service 'surfaceflinger'...
02-15 21:55:06.222     0     0 E [5:           init: 3089] init: Failed to bind socket 'pdx/system/vr/display/client': No such file or directory
02-15 21:55:06.222     0     0 E [5:           init: 3089] init: Failed to bind socket 'pdx/system/vr/display/manager': No such file or directory
02-15 21:55:06.222     0     0 E [5:           init: 3089] init: Failed to bind socket 'pdx/system/vr/display/vsync': No such file or directory
02-15 21:55:06.223     0     0 I [4:           init:    1] init: Service 'sec_nfc_service' (pid 3085) killed by signal 1
02-15 21:55:06.223     0     0 I [4:           init:    1] init: Sending signal 9 to service 'sec_nfc_service' (pid 3085) process group...
02-15 21:55:06.223     0     0 I [4:           init:    1] init: Successfully killed process cgroup uid 1027 pid 3085 in 0ms
02-15 21:55:06.231     0     0 D [2:    logd.reader: 3073] logd: logdr: UID=1000 GID=1000 PID=3090 n tail=5 logMask=8 pid=3077 start=0ns timeout=0ns
02-15 21:55:06.232     0     0 D [4:    logd.reader: 3073] logd: logdr: UID=1000 GID=1000 PID=3090 n tail=5 logMask=1 pid=3077 start=0ns timeout=0ns
02-15 21:55:06.235  3077  3077 I auditd  : type=1701 audit(0.0:23): auid=4294967295 uid=1000 gid=1000 ses=4294967295 subj=u:r:hal_allocator_default:s0 comm="allocator@1.0-s" exe="/system/bin/hw/android.hidl.allocator@1.0-service" sig=6
02-15 21:55:06.235  3077  3077 W allocator@1.0-s: type=1701 audit(0.0:23): auid=4294967295 uid=1000 gid=1000 ses=4294967295 subj=u:r:hal_allocator_default:s0 exe="/system/bin/hw/android.hidl.allocator@1.0-service" sig=6
02-15 21:55:06.236     0     0 D [3:    logd.reader: 3073] logd: logdr: UID=1000 GID=1000 PID=3090 n tail=0 logMask=8 pid=3077 start=0ns timeout=0ns
02-15 21:55:06.242     0     0 D [3:    logd.reader: 3073] logd: logdr: UID=1000 GID=1000 PID=3090 n tail=0 logMask=1 pid=3077 start=0ns timeout=0ns
02-15 21:55:06.243     0     0 I [4:           init:    1] init: Service 'exec 1 (/system/bin/vdc --wait cryptfs init_user0)' (pid 3088) exited with status 0 waiting took 0.025000 seconds
02-15 21:55:06.243     0     0 I [4:           init:    1] selinux: SELinux: Skipping restorecon_recursive(/data)
02-15 21:55:06.243     0     0 I         : [4:           init:    1]
02-15 21:55:06.243     0     0 I [4:           init:    1] init: starting service 'exec 2 (/system/bin/tzdatacheck /system/usr/share/zoneinfo /data/misc/zoneinfo)'...
02-15 21:55:06.244     0     0 I [4:           init:    1] init: SVC_EXEC pid 3160 (uid 1000 gid 1000+0 context default) started; waiting...
02-15 21:55:06.245     0     0 I [4:           init:    1] init: Untracked pid 3090 exited with status 0
02-15 21:55:06.246     0     0 I [4:           init:    1] init: Service 'hidl_memory' (pid 3077) killed by signal 6
02-15 21:55:06.246     0     0 I [4:           init:    1] init: Sending signal 9 to service 'hidl_memory' (pid 3077) process group...
02-15 21:55:06.246     0     0 I [4:           init:    1] init: Successfully killed process cgroup uid 1000 pid 3077 in 0ms
02-15 21:55:06.249     0     0 I [4:           init:    1] init: Service 'exec 2 (/system/bin/tzdatacheck /system/usr/share/zoneinfo /data/misc/zoneinfo)' (pid 3160) exited with status 0 waiting took 0.006000 seconds
02-15 21:55:06.249     0     0 I [4:           init:    1] init: processing action (post-fs-data) from (/init.usb.rc:6)
02-15 21:55:06.250     0     0 I [4:           init:    1] init: processing action (post-fs-data) from (/init.samsungexynos8895.rc:34)
02-15 21:55:06.255  3081  3081 I auditd  : type=1701 audit(0.0:24): auid=4294967295 uid=1021 gid=1000 ses=4294967295 subj=u:r:hal_gnss_default:s0 comm="android.hardwar" exe="/system/vendor/bin/hw/android.hardware.gnss@1.0-service" sig=6
02-15 21:55:06.255  3081  3081 W android.hardwar: type=1701 audit(0.0:24): auid=4294967295 uid=1021 gid=1000 ses=4294967295 subj=u:r:hal_gnss_default:s0 exe="/system/vendor/bin/hw/android.hardware.gnss@1.0-service" sig=6
02-15 21:55:06.255     0     0 I [7:           init:    1] init: processing action (post-fs-data) from (init.samsung.rc:67)
02-15 21:55:06.255     0     0 I [7:           init:    1] init: starting service 'mobicore'...
02-15 21:55:06.256     0     0 E [7:           init:    1] init: Unable to find UID for 'jack': getpwnam failed: No such file or directory
02-15 21:55:06.257     0     0 E [7:           init:    1] init: Unable to find UID for 'spay': getpwnam failed: No such file or directory
02-15 21:55:06.258     0     0 D [7:    logd.reader: 3073] logd: logdr: UID=1021 GID=1000 PID=3162 n tail=5 logMask=8 pid=3081 start=0ns timeout=0ns
02-15 21:55:06.258     0     0 E [4:           init:    1] init: Unable to open '/system/etc/nfc_key': No such file or directory
02-15 21:55:06.259  3171  3171 I auditd  : type=1400 audit(0.0:25): avc: denied { execute_no_trans } for comm="init" path="/system/vendor/bin/macloader" dev="sda17" ino=2786 scontext=u:r:init:s0 tcontext=u:object_r:vendor_file:s0 tclass=file permissive=1
02-15 21:55:06.259  3171  3171 I init    : type=1400 audit(0.0:25): avc: denied { execute_no_trans } for path="/system/vendor/bin/macloader" dev="sda17" ino=2786 scontext=u:r:init:s0 tcontext=u:object_r:vendor_file:s0 tclass=file permissive=1
02-15 21:55:06.259  3171  3171 I auditd  : type=1300 audit(0.0:25): arch=c00000b7 syscall=221 success=yes exit=0 a0=7fb1d75920 a1=7fb1c214e0 a2=57a0b0 a3=0 items=0 ppid=1 auid=4294967295 uid=0 gid=0 euid=0 suid=0 fsuid=0 egid=0 sgid=0 fsgid=0 tty=(none) ses=4294967295 comm="macloader" exe="/system/vendor/bin/macloader" subj=u:r:init:s0 key=(null)
02-15 21:55:06.259  3171  3171 W macloader: type=1300 audit(0.0:25): arch=c00000b7 syscall=221 success=yes exit=0 a0=7fb1d75920 a1=7fb1c214e0 a2=57a0b0 a3=0 items=0 ppid=1 auid=4294967295 uid=0 gid=0 euid=0 suid=0 fsuid=0 egid=0 sgid=0 fsgid=0 tty=(none) ses=4294967295 exe="/system/vendor/bin/macloader" subj=u:r:init:s0 key=(null)
02-15 21:55:06.259  3066  3176 I auditd  : type=1327 audit(0.0:25): proctitle="/system/vendor/bin/macloader"
02-15 21:55:06.259  3176  3176 W auditd  : type=1327 audit(0.0:25): proctitle="/system/vendor/bin/macloader"
02-15 21:55:06.259  3066  3176 I auditd  : type=1320 audit(0.0:25): 
02-15 21:55:06.259  3176  3176 W auditd  : type=1320 audit(0.0:25): 
02-15 21:55:06.259     0     0 E [4:           init:    1] init: restorecon - bad flag --force
02-15 21:55:06.259     0     0 E [4:           init:    1] selinux: SELinux:  Could not stat /carrier: No such file or directory.
02-15 21:55:06.259     0     0 E         : [4:           init:    1]
02-15 21:55:06.259     0     0 I [4:           init:    1] init: processing action (post-fs-data) from (/init.wifi.rc:5)
02-15 21:55:06.259     0     0 D [3:    logd.reader: 3073] logd: logdr: UID=1021 GID=1000 PID=3162 n tail=5 logMask=1 pid=3081 start=0ns timeout=0ns
02-15 21:55:06.261     0     0 D [6:    logd.reader: 3073] logd: logdr: UID=1021 GID=1000 PID=3162 n tail=0 logMask=8 pid=3081 start=0ns timeout=0ns
02-15 21:55:06.262     0     0 D [0:    logd.reader: 3073] logd: logdr: UID=1021 GID=1000 PID=3162 n tail=0 logMask=1 pid=3081 start=0ns timeout=0ns
02-15 21:55:06.262     0     0 I         : [3:    kworker/3:1: 1578] Trustonic TEE: mtk|*** Trustonic TEE MTK, Build: May 15 2018, 15:17:54 ***
02-15 21:55:06.262     0     0 I         : [3:    kworker/3:1: 1578] Trustonic TEE: mtk|MTK: t-base-EXYNOS64-Android-400A-V012-20180515_143127_49104_78462
02-15 21:55:06.263     0     0 E [4:           init:    1] init: service macloader does not have a SELinux domain defined
02-15 21:55:06.263     0     0 I [4:           init:    1] init: starting service 'macloader'...
02-15 21:55:06.263     0     0 I         : [3: mcDriverDaemon: 3163] Trustonic TEE: mobicore_start:
02-15 21:55:06.263     0     0 I         : [3: mcDriverDaemon: 3163]     product_id        = t-base-EXYNOS64-Android-400A-V012-20180515_143127_49104_78462
02-15 21:55:06.263     0     0 I         : [3: mcDriverDaemon: 3163]     version_mci       = 0x00010006
02-15 21:55:06.263     0     0 I         : [3: mcDriverDaemon: 3163]     version_so        = 0x00020002
02-15 21:55:06.263     0     0 I         : [3: mcDriverDaemon: 3163]     version_mclf      = 0x00020005
02-15 21:55:06.263     0     0 I         : [3: mcDriverDaemon: 3163]     version_container = 0x00020001
02-15 21:55:06.263     0     0 I         : [3: mcDriverDaemon: 3163]     version_mc_config = 0x00000003
02-15 21:55:06.263     0     0 I         : [3: mcDriverDaemon: 3163]     version_tl_api    = 0x00010014
02-15 21:55:06.263     0     0 I         : [3: mcDriverDaemon: 3163]     version_dr_api    = 0x00010004
02-15 21:55:06.263     0     0 I         : [3: mcDriverDaemon: 3163]     version_nwd       = 0x00060003
02-15 21:55:06.263     0     0 I         : [3: mcDriverDaemon: 3163]
02-15 21:55:06.263     0     0 I         : [3: mcDriverDaemon: 3163] Trustonic TEE: mobicore_start: SWd uses LPAE MMU table format
02-15 21:55:06.264     0     0 I [4:           init:    1] init: processing action (post-fs-data) from (init.baseband.rc:26)
02-15 21:55:06.264     0     0 I         : [3: mcDriverDaemon: 3163] Trustonic TEE: admin_open: daemon connection open, TGID 3163
02-15 21:55:06.264     0     0 I [4:           init:    1] init: processing action (post-fs-data) from (/init.wifi.rc:5)
02-15 21:55:06.267  3084  3084 I auditd  : type=1701 audit(0.0:26): auid=4294967295 uid=1010 gid=1010 ses=4294967295 subj=u:r:hal_wifi_default:s0 comm="android.hardwar" exe="/system/vendor/bin/hw/android.hardware.wifi@1.0-service" sig=6
02-15 21:55:06.267  3084  3084 W android.hardwar: type=1701 audit(0.0:26): auid=4294967295 uid=1010 gid=1010 ses=4294967295 subj=u:r:hal_wifi_default:s0 exe="/system/vendor/bin/hw/android.hardware.wifi@1.0-service" sig=6
02-15 21:55:06.269     0     0 I [1:           init:    1] init: Service 'gnss_service' (pid 3081) killed by signal 6
02-15 21:55:06.269     0     0 I [1:           init:    1] init: Sending signal 9 to service 'gnss_service' (pid 3081) process group...
02-15 21:55:06.269     0     0 I [1:           init:    1] init: Successfully killed process cgroup uid 1021 pid 3081 in 0ms
02-15 21:55:06.269     0     0 D [2:    logd.reader: 3073] logd: logdr: UID=1010 GID=1010 PID=3143 n tail=5 logMask=8 pid=3084 start=0ns timeout=0ns
02-15 21:55:06.269     0     0 I [1:           init:    1] init: Untracked pid 3162 exited with status 0
02-15 21:55:06.270     0     0 D [3:    logd.reader: 3073] logd: logdr: UID=1010 GID=1010 PID=3143 n tail=5 logMask=1 pid=3084 start=0ns timeout=0ns
02-15 21:55:06.271  3171  3171 I auditd  : type=1400 audit(0.0:27): avc: granted { open } for comm="macloader" path="/dev/pmsg0" dev="tmpfs" ino=20942 scontext=u:r:init:s0 tcontext=u:object_r:pmsg_device:s0 tclass=chr_file
02-15 21:55:06.271  3171  3171 W macloader: type=1400 audit(0.0:27): avc: granted { open } for path="/dev/pmsg0" dev="tmpfs" ino=20942 scontext=u:r:init:s0 tcontext=u:object_r:pmsg_device:s0 tclass=chr_file
02-15 21:55:06.271  3171  3171 I auditd  : type=1300 audit(0.0:27): arch=c00000b7 syscall=56 success=yes exit=4 a0=ffffff9c a1=7bf77e5c90 a2=80001 a3=0 items=0 ppid=1 auid=4294967295 uid=0 gid=0 euid=0 suid=0 fsuid=0 egid=0 sgid=0 fsgid=0 tty=(none) ses=4294967295 comm="macloader" exe="/system/vendor/bin/macloader" subj=u:r:init:s0 key=(null)
02-15 21:55:06.271  3171  3171 W macloader: type=1300 audit(0.0:27): arch=c00000b7 syscall=56 success=yes exit=4 a0=ffffff9c a1=7bf77e5c90 a2=80001 a3=0 items=0 ppid=1 auid=4294967295 uid=0 gid=0 euid=0 suid=0 fsuid=0 egid=0 sgid=0 fsgid=0 tty=(none) ses=4294967295 exe="/system/vendor/bin/macloader" subj=u:r:init:s0 key=(null)
02-15 21:55:06.271  3066  3176 I auditd  : type=1327 audit(0.0:27): proctitle="/system/vendor/bin/macloader"
02-15 21:55:06.271  3176  3176 W auditd  : type=1327 audit(0.0:27): proctitle="/system/vendor/bin/macloader"
02-15 21:55:06.271  3066  3176 I auditd  : type=1320 audit(0.0:27): 
02-15 21:55:06.271  3176  3176 W auditd  : type=1320 audit(0.0:27): 
02-15 21:55:06.273     0     0 I [1:           init:    1] init: processing action (post-fs-data) from (init.gps.rc:1)
02-15 21:55:06.274     0     0 D [3:    logd.reader: 3073] logd: logdr: UID=1010 GID=1010 PID=3143 n tail=0 logMask=8 pid=3084 start=0ns timeout=0ns
02-15 21:55:06.274     0     0 D [7:    logd.reader: 3073] logd: logdr: UID=1010 GID=1010 PID=3143 n tail=0 logMask=1 pid=3084 start=0ns timeout=0ns
02-15 21:55:06.275  3078  3078 I auditd  : type=1701 audit(0.0:28): auid=4294967295 uid=1047 gid=1005 ses=4294967295 subj=u:r:hal_camera_default:s0 comm="android.hardwar" exe="/system/vendor/bin/hw/android.hardware.camera.provider@2.4-service" sig=6
02-15 21:55:06.275  3078  3078 W android.hardwar: type=1701 audit(0.0:28): auid=4294967295 uid=1047 gid=1005 ses=4294967295 subj=u:r:hal_camera_default:s0 exe="/system/vendor/bin/hw/android.hardware.camera.provider@2.4-service" sig=6
02-15 21:55:06.275     0     0 I [1:           init:    1] init: processing action (post-fs-data) from (/system/etc/init/bootstat.rc:3)
02-15 21:55:06.276     0     0 I [1:           init:    1] init: Untracked pid 3143 exited with status 0
02-15 21:55:06.277     0     0 I [1:           init:    1] init: Service 'wifi_hal_legacy' (pid 3084) killed by signal 6
02-15 21:55:06.277     0     0 I [1:           init:    1] init: Sending signal 9 to service 'wifi_hal_legacy' (pid 3084) process group...
02-15 21:55:06.277     0     0 I [1:           init:    1] init: Successfully killed process cgroup uid 1010 pid 3084 in 0ms
02-15 21:55:06.278     0     0 I [1:           init:    1] init: processing action (post-fs-data) from (/system/etc/init/lineage-ssh.rc:1)
02-15 21:55:06.280     0     0 I [4:           init:    1] init: processing action (post-fs-data) from (/system/etc/init/lineage-system.rc:6)
02-15 21:55:06.280     0     0 I [4:           init:    1] init: starting service 'sysinit'...
02-15 21:55:06.281     0     0 I [4:           init:    1] init: processing action (post-fs-data) from (/system/etc/init/lineage-updates.rc:1)
02-15 21:55:06.281     0     0 I [4:           init:    1] init: processing action (post-fs-data) from (/system/etc/init/logtagd.rc:4)
02-15 21:55:06.281     0     0 I [4:           init:    1] init: processing action (post-fs-data) from (/vendor/etc/init/hostapd.android.rc:9)
02-15 21:55:06.282     0     0 I [4:           init:    1] init: processing action (post-fs-data) from (/vendor/etc/init/init.rilcommon.rc:22)
02-15 21:55:06.282     0     0 I [4:           init:    1] init: processing action (ro.crypto.state=unsupported && zygote-start) from (/init.rc:534)
02-15 21:55:06.282     0     0 E [4:           init:    1] init: ExecStart(update_verifier_nonencrypted): Service not found
02-15 21:55:06.282     0     0 I [4:           init:    1] init: starting service 'netd'...
02-15 21:55:06.282     0     0 D [0:    logd.reader: 3073] logd: logdr: UID=1047 GID=1005 PID=3164 n tail=5 logMask=8 pid=3078 start=0ns timeout=0ns
02-15 21:55:06.282     0     0 I [4:           init:    1] init: starting service 'zygote'...
02-15 21:55:06.283  3079  3079 I auditd  : type=1701 audit(0.0:29): auid=4294967295 uid=1013 gid=1031 ses=4294967295 subj=u:r:hal_cas_default:s0 comm="cas@1.0-service" exe="/system/vendor/bin/hw/android.hardware.cas@1.0-service" sig=6
02-15 21:55:06.283  3079  3079 W cas@1.0-service: type=1701 audit(0.0:29): auid=4294967295 uid=1013 gid=1031 ses=4294967295 subj=u:r:hal_cas_default:s0 exe="/system/vendor/bin/hw/android.hardware.cas@1.0-service" sig=6
02-15 21:55:06.283     0     0 I [4:           init:    1] init: starting service 'zygote_secondary'...
02-15 21:55:06.283     0     0 I [4:           init:    1] init: processing action (load_persist_props_action) from (/init.rc:254)
02-15 21:55:06.283     0     0 W [4:           init:    1] init: Couldn't load property file: Unable to open '/data/local.prop': No such file or directory: No such file or directory
02-15 21:55:06.283     0     0 D [2:    logd.reader: 3073] logd: logdr: UID=1047 GID=1005 PID=3164 n tail=5 logMask=1 pid=3078 start=0ns timeout=0ns
02-15 21:55:06.284     0     0 D [0:    logd.reader: 3073] logd: logdr: UID=1047 GID=1005 PID=3164 n tail=0 logMask=8 pid=3078 start=0ns timeout=0ns
02-15 21:55:06.285  3089  3089 I SurfaceFlinger: Enabling HWC virtual displays
02-15 21:55:06.285  3089  3089 I SurfaceFlinger: Disabling Triple Buffering
02-15 21:55:06.285  3089  3089 I SurfaceFlinger: SurfaceFlinger's main thread ready to run. Initializing graphics H/W...
02-15 21:55:06.285  3089  3089 E cutils-trace: Error opening trace file: Permission denied (13)
02-15 21:55:06.285  3089  3089 D vndksupport: Loading /vendor/lib64/egl/libGLES_mali.so from current namespace instead of sphal namespace.
02-15 21:55:06.286     0     0 D [5:    logd.reader: 3073] logd: logdr: UID=1047 GID=1005 PID=3164 n tail=0 logMask=1 pid=3078 start=0ns timeout=0ns
02-15 21:55:06.287  3173  3173 E crash_dump32: unable to connect to activity manager: Connection refused
02-15 21:55:06.288     0     0 D [2:    logd.reader: 3073] logd: logdr: UID=1013 GID=1031 PID=3173 n tail=5 logMask=8 pid=3079 start=0ns timeout=0ns
02-15 21:55:06.288     0     0 I [7:           init: 3182] init: Created socket '/dev/socket/netd', mode 660, user 0, group 1000
02-15 21:55:06.288     0     0 I [7:           init: 3182] init: Created socket '/dev/socket/dnsproxyd', mode 660, user 0, group 3003
02-15 21:55:06.288     0     0 I [7:           init: 3182] init: Created socket '/dev/socket/mdns', mode 660, user 0, group 1000
02-15 21:55:06.289     0     0 I [7:           init: 3182] init: Created socket '/dev/socket/fwmarkd', mode 660, user 0, group 3003
02-15 21:55:06.289     0     0 I [2:           init: 3184] init: Created socket '/dev/socket/zygote', mode 660, user 0, group 1000
02-15 21:55:06.290     0     0 D [5:    logd.reader: 3073] logd: logdr: UID=1013 GID=1031 PID=3173 n tail=5 logMask=1 pid=3079 start=0ns timeout=0ns
02-15 21:55:06.291     0     0 D [7:    logd.reader: 3073] logd: logdr: UID=1013 GID=1031 PID=3173 n tail=0 logMask=8 pid=3079 start=0ns timeout=0ns
02-15 21:55:06.291     0     0 I [0:           init: 3185] init: Created socket '/dev/socket/zygote_secondary', mode 660, user 0, group 1000
02-15 21:55:06.291     0     0 D [7:    logd.reader: 3073] logd: logdr: UID=1013 GID=1031 PID=3173 n tail=0 logMask=1 pid=3079 start=0ns timeout=0ns
02-15 21:55:06.305  3198  3198 I sysinit : Running /system/etc/init.d/00banner
